[www.playosmo.com/en/index.html]
[backblue.gif]
[fade.gif]
[index.html]
[www.playosmo.com/cf7ca3e.favicon.png]
[www.playosmo.com/styles/1f0400f.base.css]
[www.playosmo.com/styles/c2183d7.pg-home.css]
[www.playosmo.com/images/homepage/2018/981c21b.home-2018-hero-loop-poster.jpg]
[www.playosmo.com/images/games/numbers/0d03d56.numbers-presentation.jpg]
[www.playosmo.com/images/games/tangram/8d50a58.tangram-presentation.jpg]
[www.playosmo.com/en/faq/index.html]
[www.playosmo.com/images/games/coding/03735ca.coding-presentation.jpg]
[www.playosmo.com/en/schools/index.html]
[www.playosmo.com/images/games/words/1096997.words-presentation.jpg]
[www.playosmo.com/images/games/masterpiece/12f236a.masterpiece-demo-still.jpg]
[www.playosmo.com/images/games/numbers/fish/89815a1.BLENNY_2.png]
[www.playosmo.com/en/shopping/index.html]
[www.playosmo.com/images/games/numbers/fish/2b85a35.CLOWNFISH_2.png]
[www.playosmo.com/images/games/numbers/fish/270d127.RAINBOW_FISH_2.png]
[www.playosmo.com/images/games/numbers/fish/5807a07.SEAHORSE_2.png]
[www.playosmo.com/en/retail/index.html]
[www.playosmo.com/en/shopping/index3c33.html]
[www.playosmo.com/en/devices/indexfd06.html]
[www.playosmo.com/scripts/3a82ae3.vendors.js]
[www.playosmo.com/scripts/43b61ec.main-en-US.js]
[www.playosmo.com/scripts/cbf645c.shoppingcart-en-US.js]
[www.playosmo.com/en/devices/indexa6ba.html]
[www.playosmo.com/en/devices/index.html]
[www.playosmo.com/images/replacements/d48f309.bubble.jpg]
[www.playosmo.com/images/replacements/7e5eb3e.pieces.png]
[www.playosmo.com/en/index.html]
[www.playosmo.com/styles/1f0400f.base.css]
[www.playosmo.com/en/numbers/index.html]
[www.playosmo.com/en/coding/index.html]
[www.playosmo.com/en/tangram/index.html]
[www.playosmo.com/scripts/cac1b03.bndl-n_lottie-web_build_player_lottie_svg-home.js]
[www.playosmo.com/en/pizza-co/index.html]
[www.playosmo.com/images/homepage/b459ca2.award-logos.png]
[www.playosmo.com/en/words/index.html]
[www.playosmo.com/images/homepage/howitworks2/2089ef0.blue-gradient.jpg]
[www.playosmo.com/images/homepage/howitworks2/904e480.ipad-img-masked-sm.png]
[www.playosmo.com/en/masterpiece/index.html]
[www.playosmo.com/images/homepage/howitworks2/8c93532.ipad-ray1.png]
[www.playosmo.com/images/homepage/howitworks2/5c0660f.ipad-ray2.png]
[www.playosmo.com/en/shopping/index976e.html]
[www.playosmo.com/en/about-us/index.html]
[www.playosmo.com/images/homepage/howitworks2/d3202b9.hands.png]
[www.playosmo.com/en/jobs/index.html]
[www.playosmo.com/en/privacy-policy/index.html]
[www.playosmo.com/images/homepage/howitworks2/cd6887b.iphone-img-masked-sm.png]
[www.playosmo.com/en/terms/index.html]
[www.playosmo.com/images/homepage/howitworks2/5022b11.iphone-ray1.png]
[www.playosmo.com/images/homepage/howitworks2/74f64df.iphone-ray2.png]
[www.playosmo.com/images/homepage/videoframes-full/b34dcc2.1.jpg]
[www.playosmo.com/images/homepage/videoframes-full/faf188e.2.jpg]
[www.playosmo.com/images/homepage/videoframes/7672e35.3.jpg]
[www.playosmo.com/images/homepage/videoframes/aacc1f5.4.jpg]
[www.playosmo.com/images/homepage/videoframes/d802fa5.5.jpg]
[www.playosmo.com/images/homepage/videoframes/062d7ee.6.jpg]
[www.playosmo.com/images/homepage/videoframes/6095cbc.7.jpg]
[www.playosmo.com/images/homepage/videoframes/5a9c369.8.jpg]
[www.playosmo.com/images/homepage/videoframes/1a08d30.9.jpg]
[www.playosmo.com/images/homepage/videoframes/d420e48.10.jpg]
[www.playosmo.com/images/homepage/videoframes/fc91528.11.jpg]
[www.playosmo.com/images/homepage/videoframes-full/0d37fcc.3.jpg]
[www.playosmo.com/images/homepage/videoframes-full/d832ec7.4.jpg]
[www.playosmo.com/images/homepage/videoframes-full/963a731.5.jpg]
[www.playosmo.com/images/homepage/videoframes-full/a8d3113.6.jpg]
[www.playosmo.com/images/homepage/videoframes-full/320c956.7.jpg]
[www.playosmo.com/images/homepage/videoframes-full/0b52a2f.8.jpg]
[www.playosmo.com/images/homepage/videoframes-full/f443e53.9.jpg]
[www.playosmo.com/images/homepage/videoframes-full/b592657.10.jpg]
[www.playosmo.com/images/homepage/videoframes-full/31b6144.11.jpg]
[www.playosmo.com/images/homepage/videoframes-large/9780f9c.3.jpg]
[www.playosmo.com/images/homepage/videoframes-large/3f9b99c.4.jpg]
[www.playosmo.com/images/homepage/videoframes-large/f444be0.5.jpg]
[www.playosmo.com/images/homepage/videoframes-large/c7a9eae.6.jpg]
[www.playosmo.com/images/homepage/videoframes-large/9503d6d.7.jpg]
[www.playosmo.com/images/homepage/videoframes-large/4203c78.8.jpg]
[www.playosmo.com/images/homepage/videoframes-large/df0a28b.9.jpg]
[www.playosmo.com/images/homepage/videoframes-large/236bc4f.10.jpg]
[www.playosmo.com/images/homepage/videoframes-large/4d26629.11.jpg]
[www.playosmo.com/images/homepage/tablet/911ba6b.play-beyond-the-screen.jpg]
[www.playosmo.com/images/homepage/phone/90efa9b.play-beyond-the-screen.jpg]
[www.playosmo.com/images/homepage/tablet/050679e.think-beyond-the-screen.jpg]
[www.playosmo.com/images/homepage/phone/6ab223e.think-beyond-the-screen.jpg]
[www.playosmo.com/images/homepage/tablet/b636dc6.learn-beyond-the-screen.jpg]
[www.playosmo.com/images/homepage/phone/ab3cb06.learn-beyond-the-screen.jpg]
[www.playosmo.com/images/homepage/tablet/35750b2.create-beyond-the-screen.jpg]
[www.playosmo.com/images/homepage/phone/90e72ee.create-beyond-the-screen.jpg]
[www.playosmo.com/images/homepage/tablet/e336b21.fun-beyond-the-screen.jpg]
[www.playosmo.com/images/homepage/phone/0c864cd.fun-beyond-the-screen.jpg]
[www.playosmo.com/images/homepage/desktop/37f4de3.osmo-girl-playing-monster-table.jpg]
[www.playosmo.com/images/homepage/mobile/46de240.osmo-girl-playing-monster-table-mobile.jpg]
[www.playosmo.com/images/homepage/ed6ba23.press-logos-362x1000.png]
[www.playosmo.com/images/homepage/d2cb86b.schools-video-frame.jpg]
[www.playosmo.com/images/homepage/2018/featured-games/detective/27a59d2.background.jpg]
[www.playosmo.com/images/homepage/2018/featured-games/detective/38afa87.logo.png]
[www.playosmo.com/images/homepage/2018/featured-games/superstudio/fc3637e.background.png]
[www.playosmo.com/images/homepage/2018/featured-games/superstudio/2dad9c3.logo.png]
[www.playosmo.com/images/homepage/2018/welcome/b770db3.product-osmo_detective_agency.png]
[www.playosmo.com/images/homepage/2018/featured-games/superstudio/cbcaaad.retail-box.png]
[www.playosmo.com/images/homepage/2018/featured-games/844d9d3.right-arrow@2x.png]
[www.playosmo.com/images/homepage/2018/play/ce9cc76.icon-maths-inactive@2x.png]
[www.playosmo.com/images/homepage/2018/play/3154390.icon-maths-active@2x.png]
[www.playosmo.com/images/homepage/2018/play/49b918e.icon-puzzles-inactive@2x.png]
[www.playosmo.com/images/homepage/2018/play/d954acc.icon-puzzles-active@2x.png]
[www.playosmo.com/images/homepage/2018/play/ca11075.icon-coding-inactive@2x.png]
[www.playosmo.com/images/homepage/2018/play/d2c9cc6.icon-coding-active@2x.png]
[www.playosmo.com/images/homepage/2018/play/836400c.icon-business-inactive@2x.png]
[www.playosmo.com/images/homepage/2018/play/c2d3f9c.icon-business-active@2x.png]
[www.playosmo.com/images/homepage/2018/play/b267c4e.icon-spelling-inactive@2x.png]
[www.playosmo.com/images/homepage/2018/play/abe9f35.icon-spelling-active@2x.png]
[www.playosmo.com/images/homepage/2018/play/86fca9c.icon-drawing-inactive@2x.png]
[www.playosmo.com/images/homepage/2018/play/468568a.icon-drawing-active@2x.png]
[www.playosmo.com/images/homepage/2018/shopping-options/49117ff.shopping-option-kits.jpg]
[www.playosmo.com/images/homepage/2018/shopping-options/038ae75.shopping-option-games.jpg]
[www.playosmo.com/images/homepage/2018/shopping-options/f32e76c.mobile-mo.jpg]
[www.playosmo.com/images/homepage/2018/welcome/5956826.product-osmo_genius_kit_2017.png]
[www.playosmo.com/images/homepage/2018/welcome/9b92e10.product-osmo_genius_kit.png]
[www.playosmo.com/images/homepage/2018/welcome/b36256b.see-more-plus-button@2x.png]
[www.playosmo.com/images/homepage/2018/welcome/a686542.hover-coding.jpg]
[www.playosmo.com/images/homepage/2018/welcome/7632a2b.pic-coding.jpg]
[www.playosmo.com/images/homepage/2018/welcome/b301926.hover-detective.jpg]
[www.playosmo.com/images/homepage/2018/welcome/2bdd771.pic-detective.jpg]
[www.playosmo.com/images/homepage/2018/welcome/ac276ac.hover-mindracers.jpg]
[www.playosmo.com/images/homepage/2018/welcome/98ed711.pic-mindracers.jpg]
[www.playosmo.com/images/homepage/2018/welcome/243fa2b.hover-monster.jpg]
[www.playosmo.com/images/homepage/2018/welcome/11512a8.pic-monster.jpg]
[www.playosmo.com/images/homepage/2018/welcome/c51b4b7.hover-numbers.jpg]
[www.playosmo.com/images/homepage/2018/welcome/5b9da85.pic-numbers.jpg]
[www.playosmo.com/images/homepage/2018/welcome/9b990b3.hover-pizza-co.jpg]
[www.playosmo.com/images/homepage/2018/welcome/8b97073.pic-pizza-co.jpg]
[www.playosmo.com/images/homepage/2018/welcome/b06b2a3.hover-superstudio-incredibles.jpg]
[www.playosmo.com/images/homepage/2018/welcome/cf0d01b.pic-superstudio-incredibles.jpg]
[www.playosmo.com/images/homepage/2018/welcome/02f65de.hover-tangram.jpg]
[www.playosmo.com/images/homepage/2018/welcome/1ab6edd.pic-tangram.jpg]
[www.playosmo.com/images/homepage/2018/welcome/hover-words.jpg]
[www.playosmo.com/images/homepage/2018/welcome/f2da292.pic-words.jpg]
[www.playosmo.com/images/homepage/2018/hero/4ba57d8.play@2x.png]
[www.playosmo.com/images/homepage/2018/people-love-us/2216286.seal-toty-2018@2x.png]
[www.playosmo.com/images/homepage/2018/people-love-us/b0597ca.award-ppenheim-platinum@2x.png]
[www.playosmo.com/images/homepage/2018/people-love-us/3bb3e7b.award-parent-choice-gold@2x.png]
[www.playosmo.com/images/homepage/2018/people-love-us/c634fd2.award-instructor-best-of-2015@2x.png]
[www.playosmo.com/images/homepage/2018/people-love-us/16ffff3.award-fc-most-innovative-2017@2x.png]
[www.playosmo.com/images/homepage/2018/people-love-us/f3d82cf.amazon-logo@2x.png]
[www.playosmo.com/images/homepage/2018/tips/d9ee7fb.icon-piece-replacement-2-x@2x.png]
[www.playosmo.com/images/homepage/2018/tips/c3ab6ee.icon-parent-app-2-x@2x.png]
[www.playosmo.com/images/homepage/2018/works-with/feee6dd.platform-ipad.png]
[www.playosmo.com/images/homepage/2018/works-with/2170d94.platform-iphone.png]
[www.playosmo.com/images/homepage/2018/works-with/f6d10d5.platform-fire.png]
[www.playosmo.com/images/homepage/2018/works-with/0307416.icon-base-2-x@2x.png]
[www.playosmo.com/images/homepage/2018/works-with/3986680.icon-reflector-2-x@2x.png]
[www.playosmo.com/images/homepage/2018/works-with/61bb976.icon-pieces-2-x@2x.png]
[www.playosmo.com/images/homepage/2019/hero/3b2c046.dt-hero-landscape@2x.png]
[www.playosmo.com/images/homepage/2019/hero/ea6da01.mb-hero-landscape@3x.png]
[www.playosmo.com/images/homepage/2019/hero/56629d3.planet-sized.png]
[www.playosmo.com/images/homepage/2019/hero/a3a4a67.planet-rings-sized.png]
[www.playosmo.com/images/homepage/2019/welcome/060e736.character-group@2x.png]
[www.playosmo.com/images/homepage/2019/welcome/6fda858.character-group-mobile@2x.png]
[www.playosmo.com/images/homepage/2019/play/game-logos/8b1483c.coding@2x.png]
[www.playosmo.com/images/homepage/2019/play/game-logos/f8c3de6.masterpiece@2x.png]
[www.playosmo.com/images/homepage/2019/play/game-logos/6b5c597.numbers@2x.png]
[www.playosmo.com/images/homepage/2019/play/game-logos/ee77315.pizza-co@2x.png]
[www.playosmo.com/images/homepage/2019/play/game-logos/a653161.tangram@2x.png]
[www.playosmo.com/images/homepage/2019/play/game-logos/de24c20.words@2x.png]
[www.playosmo.com/images/homepage/2019/schools/fa351c9.dt-schools-bg-copy@2x.png]
[www.playosmo.com/images/schools/00a8ce6.schools-hero.jpg]
[www.playosmo.com/images/homepage/2019/shop/afcb8c9.kits.jpg]
[www.playosmo.com/images/homepage/2019/shop/8493ff3.games.jpg]
[www.playosmo.com/images/homepage/2019/featured/coding/231c639.trees-left.png]
[www.playosmo.com/images/homepage/2019/featured/coding/80dde49.trees-right.png]
[www.playosmo.com/images/homepage/2019/featured/coding/d561f56.awbie-bg.png]
[www.playosmo.com/images/homepage/2019/featured/coding/07b07cb.bg-mb-top-right.png]
[www.playosmo.com/images/homepage/2019/featured/coding/4fa070a.bg-mb-bottom-left.png]
[www.playosmo.com/images/homepage/2019/featured/coding/29c08e5.coding-awbie-awbie@2x.png]
[www.playosmo.com/images/homepage/2019/featured/coding/17220f9.logo-coding-awbie@2x.png]
[www.playosmo.com/images/homepage/2019/featured/coding/ee43583.coding-awbie-3-4-product-v-2@2x.png]
[www.playosmo.com/images/homepage/2019/featured/coding/31f653f.coding-product-mb.png]
[www.playosmo.com/images/homepage/2019/featured/detective/6110e5e.tower.png]
[www.playosmo.com/images/homepage/2019/featured/detective/44af365.tree.png]
[www.playosmo.com/images/homepage/2019/featured/detective/9da10a0.detective-bg.jpg]
[www.playosmo.com/images/homepage/2019/featured/detective/e8ac896.detective-mb-tree-left.png]
[www.playosmo.com/images/homepage/2019/featured/detective/672abc3.detective-character@2x.png]
[www.playosmo.com/images/homepage/2019/featured/detective/d33197e.logo-detective-agency@2x.png]
[www.playosmo.com/images/homepage/2019/featured/detective/2f75f94.detective-agency-3-4-product-v-2-copy@2x.png]
[www.playosmo.com/images/homepage/2019/featured/detective/a5683bb.detective-product-mb.png]
[www.playosmo.com/images/homepage/2019/featured/pizza-co/43abc9f.pizza-co-bg.jpg]
[www.playosmo.com/images/homepage/2019/featured/pizza-co/ef95d1e.pizza-co-plant.png]
[www.playosmo.com/images/homepage/2019/featured/pizza-co/7eb2a74.pizza-co@2x.png]
[www.playosmo.com/images/homepage/2019/featured/pizza-co/1b4fbc0.pizza-table-ext.png]
[www.playosmo.com/images/homepage/2019/featured/pizza-co/5b2f2c1.pizza-co-product-mb.png]
[www.playosmo.com/images/homepage/2019/featured/pizza-co/3afbd7e.uncle-tony-thumbs-up@2x.png]
[www.playosmo.com/images/homepage/2019/featured/pizza-co/812c745.window2.png]
[www.playosmo.com/images/homepage/2019/featured/superstudio/1115225.curtain-left.png]
[www.playosmo.com/images/homepage/2019/featured/superstudio/da16f23.curtain-right.png]
[www.playosmo.com/images/homepage/2019/featured/superstudio/3c3ebda.superstudio-bg.png]
[www.playosmo.com/images/homepage/2019/featured/superstudio/95c3a43.superstudio-cup.png]
[www.playosmo.com/images/homepage/2019/featured/superstudio/6a3f293.superstudio-model.png]
[www.playosmo.com/images/homepage/2019/featured/superstudio/2180738.super-studio-logo-white@2x.png]
[www.playosmo.com/images/homepage/2019/featured/superstudio/fa86170.superstudio-table-ext.png]
[www.playosmo.com/images/homepage/2019/featured/superstudio/7d43f6d.superstudio-product-mb.png]
[www.playosmo.com/images/homepage/2019/featured/superstudio/b33fc60.super-studio-model@2x.png]
[www.playosmo.com/images/homepage/2019/retail/f369ec7.biplane.png]
[www.playosmo.com/images/homepage/2019/awards/e12f098.dt-awards@2x.png]
[www.playosmo.com/images/homepage/2019/awards/21f1fe1.mb-awards@2x.png]
[www.playosmo.com/images/homepage/2019/awards/740ea8c.illustration-submarine@2x.png]
[www.playosmo.com/images/homepage/2019/order/db6da1d.tabletop.jpg]
[www.playosmo.com/images/homepage/2019/order/f3b9d57.tabletop-mb.jpg]
[www.playosmo.com/images/arrows/01dcd44.arrow-large-dark-grey-top.png]
[www.playosmo.com/images/arrows/e3a4fbc.arrow-large-dark-grey-bottom.png]
[www.playosmo.com/images/icons/2960b58.icon-hint.png]
[www.playosmo.com/images/icons/6a7b277.icon-close.png]
[www.playosmo.com/images/games/l2018g1/teaser/c88b2ea.marker_and_stars_before.png]
[www.playosmo.com/images/games/l2018g1/teaser/9151d35.marker_and_stars_after.png]
[www.playosmo.com/images/games/l2018g1/teaser/79de3b4.magical.png]
[www.playosmo.com/images/games/l2018g1/teaser/ad71dca.magic.png]
[www.playosmo.com/images/games/l2018g1/teaser/days/418d550.1-days.png]
[www.playosmo.com/images/games/l2018g1/teaser/days/cf691d1.2-days.png]
[www.playosmo.com/images/games/l2018g1/teaser/days/f5bdb2c.3-days.png]
[www.playosmo.com/images/games/l2018g1/teaser/days/8df5556.4-days.png]
[www.playosmo.com/images/games/l2018g1/teaser/days/0175563.5-days.png]
[www.playosmo.com/images/games/l2018g1/teaser/days/66a798f.6-days.png]
[www.playosmo.com/images/games/l2018g1/teaser/days/6b3f27f.7-days.png]
[www.playosmo.com/images/games/l2018g1/teaser/days/0511811.8-days.png]
[www.playosmo.com/images/games/l2018g1/teaser/days/ce87752.9-days.png]
[www.playosmo.com/images/games/l2018g1/teaser/days/76c6d49.10-days.png]
[www.playosmo.com/images/games/superstudio/2adb61d.super-studio-white-tagline-dropshadow@2x.png]
[www.playosmo.com/images/games/superstudio/e013c0b.logo-introducing-super-studio@2x.png]
[www.playosmo.com/images/games/superstudio/homepage-banner/1863a90.banner-us@2x.png]
[www.playosmo.com/images/games/l2018g2/teaser/0da5688.teaser-banner-bg-mobile.jpg]
[www.playosmo.com/images/games/l2018g2/teaser/4e5c17d.teaser-banner-bg.jpg]
[www.playosmo.com/images/games/l2018g2/teaser/cd2e4b6.magnifying-glass.png]
[www.playosmo.com/images/games/l2018g2/teaser/f399325.countdown-1.png]
[www.playosmo.com/images/games/l2018g2/teaser/071db77.countdown-2.png]
[www.playosmo.com/images/games/l2018g2/teaser/0950da9.countdown-3.png]
[www.playosmo.com/images/games/l2018g2/teaser/2afe420.countdown-4.png]
[www.playosmo.com/images/games/l2018g2/teaser/f27c8d7.countdown-5.png]
[www.playosmo.com/images/games/l2018g2/teaser/eb352ae.countdown-6.png]
[www.playosmo.com/images/games/l2018g2/teaser/c42898a.button-see-more.png]
[www.playosmo.com/images/games/l2018g2/teaser/5dfc459.img-background.jpg]
[www.playosmo.com/images/games/l2018g2/teaser/f8f6899.img-background-mobile.jpg]
[www.playosmo.com/images/games/l2018g2/teaser/241ec9c.icon-x.png]
[www.playosmo.com/images/games/detective/hero/2d8f8e2.detective-agency-hero-loop-poster.jpg]
[www.playosmo.com/images/games/detective/hero/aba7b56.logo-detective-agency@2x.png]
[www.playosmo.com/images/games/detective/hero/1ce3d12.icon-quote@2x.png]
[www.playosmo.com/images/games/coding-family/9de48d7.coding-family-title.png]
[www.playosmo.com/images/games/creativeset/pics/62e1523.img-creative-set-box.png]
[www.playosmo.com/images/games/boxes-5/a0e1ba8.words.png]
[www.playosmo.com/images/games/boxes-5/8fcd66b.tangram.png]
[www.playosmo.com/images/games/boxes-5/d973e95.numbers.png]
[www.playosmo.com/images/games/boxes-5/cf13633.coding.png]
[www.playosmo.com/images/games/boxes-5/8f85d3f.pizza-co.png]
[www.playosmo.com/images/games/boxes-5/9dd6a8b.coding-jam.png]
[www.playosmo.com/images/games/c9d89ed.base.png]
[www.playosmo.com/styles/c2183d7.pg-home.css]
[www.playosmo.com/styles/0401f76.pg-schools.css]
[www.playosmo.com/en/schools/index.html]
[www.playosmo.com/scripts/2ee5bf2.bndl-schools.js]
[www.playosmo.com/styles/7baa84d.pg-slimmed-faq.css]
[www.playosmo.com/en/purchase-orders/index.html]
[www.playosmo.com/en/faq/index.html]
[www.playosmo.com/scripts/564fbe5.bndl-slimmedfaq.js]
[www.playosmo.com/styles/f888942.pg-shopping.css]
[www.playosmo.com/en/shopping/index.html]
[www.playosmo.com/scripts/7726c44.bndl-shopping.js]
[www.playosmo.com/styles/5538bd7.pg-storelocator.css]
[www.playosmo.com/en/checkout/index.html]
[www.playosmo.com/en/retail/index.html]
[www.playosmo.com/en/shopping/index3c33.html]
[www.playosmo.com/scripts/1f051ed.bndl-storelocator.js]
[www.playosmo.com/styles/b95313e.pg-devices.css]
[www.playosmo.com/en/devices/indexfd06.html]
[www.playosmo.com/en/devices/indexa6ba.html]
[www.playosmo.com/en/devices/index.html]
[www.playosmo.com/scripts/e33f70a.bndl-devices.js]
[www.playosmo.com/styles/e50df14.games.css]
[www.playosmo.com/styles/27a9a41.pg-numbers.css]
[www.playosmo.com/images/press/c491181.venture_beat.png]
[www.playosmo.com/images/press/450f5d3.tech_crunch.png]
[www.playosmo.com/images/press/083dc79.forbes.png]
[www.playosmo.com/images/games/numbers/tiles/67ca126.numbers-tile-dot-1.png]
[www.playosmo.com/images/games/numbers/tiles/e1a1b56.numbers-tile-dot-5.png]
[www.playosmo.com/images/games/numbers/tiles/2dc16e6.numbers-tile-dot-2.png]
[www.playosmo.com/en/shopping/index9912.html]
[www.playosmo.com/images/games/numbers/tiles/724426a.numbers-tile-3.png]
[www.playosmo.com/images/games/numbers/tiles/4fd2499.numbers-tile-9.png]
[www.playosmo.com/images/games/numbers/tiles/78dbcf2.numbers-tile-5.png]
[www.playosmo.com/images/games/numbers/tiles/74f8c89.numbers-tile-7.png]
[www.playosmo.com/images/games/numbers/tiles/223a26a.numbers-tile-6.png]
[www.playosmo.com/images/games/numbers/tiles/1b9307e.numbers-tile-2.png]
[www.playosmo.com/images/games/numbers/fish/5086e5a.FRANKENFISH_2.png]
[www.playosmo.com/images/games/numbers/fish/6757147.PIRATE_FISH_2.png]
[www.playosmo.com/images/games/numbers/fish/63dbeef.SAUSAGE_FISH_2.png]
[www.playosmo.com/images/games/numbers/fish/90dd328.STRAWBERRY_FISH_2.png]
[www.playosmo.com/images/shopping/order-osmo-game/5956826.order-gk.png]
[www.playosmo.com/scripts/ebfbee5.games-shared.js]
[www.playosmo.com/en/numbers/index.html]
[www.playosmo.com/scripts/ee4b3a0.bndl-numbers-games.js]
[www.playosmo.com/en/detective/index.html]
[www.playosmo.com/styles/4199534.pg-tangram.css]
[www.playosmo.com/en/mindracers/index.html]
[www.playosmo.com/images/games/tangram/f7f3deb.tangram-timeless.png]
[www.playosmo.com/images/games/tangram/9d70e89.tangram-puzzles.png]
[www.playosmo.com/en/coding-jam/index.html]
[www.playosmo.com/images/games/tangram/ab8b4c7.tangram-puzzles-mobile.png]
[www.playosmo.com/en/coding-duo/index.html]
[www.playosmo.com/en/tangram/index.html]
[www.playosmo.com/scripts/cc93961.bndl-games.js]
[www.playosmo.com/en/monster/index.html]
[www.playosmo.com/styles/ee0403a.coding.css]
[www.playosmo.com/en/newton/index.html]
[www.playosmo.com/images/games/coding/5cad117.icon-coding.png]
[www.playosmo.com/images/games/coding/067a401.logo-coding-awbie-white.png]
[www.playosmo.com/en/superstudio-mickey/index.html]
[www.playosmo.com/images/games/coding/media-logos/6e4f07a.logo-forbes.png]
[www.playosmo.com/images/games/coding/media-logos/8a69bee.logo-the-wall-street-journal.png]
[www.playosmo.com/images/games/coding/media-logos/9b74a6d.logo-engadget.png]
[www.playosmo.com/images/games/coding-jam/9c8b0df.img-coding-with-awbie-blocks.png]
[www.playosmo.com/en/superstudio-princess/index.html]
[www.playosmo.com/images/games/coding-jam/e8c5bbb.coding-with-awbie-box.png]
[www.playosmo.com/images/games/coding-jam/51a63cf.coding-jam-box.png]
[www.playosmo.com/images/games/coding-jam/6878b0b.duo.png]
[www.playosmo.com/images/shopping/order-osmo-game/d291272.order-codingawbie.png]
[www.playosmo.com/en/superstudio-incredibles/index.html]
[www.playosmo.com/en/coding/index.html]
[www.playosmo.com/scripts/d49da37.coding.js]
[www.playosmo.com/en/coding-blocks/index.html]
[www.playosmo.com/styles/a32d605.pg-pizza-co.css]
[www.playosmo.com/images/games/pizza-co/fbc1290.pizza-co-logo.png]
[www.playosmo.com/en/shopping/index1ba0.html]
[www.playosmo.com/images/games/pizza-co/media-logos/03e2582.logo-venture-beat.png]
[www.playosmo.com/images/games/pizza-co/media-logos/6e4f07a.logo-forbes.png]
[www.playosmo.com/images/games/pizza-co/media-logos/c82112f.logo-venture-beat-gray.png]
[www.playosmo.com/images/games/pizza-co/media-logos/2999982.logo-forbes-gray.png]
[www.playosmo.com/en/shopping/indexc272.html]
[www.playosmo.com/images/shopping/order-osmo-game/4cb8cf8.order-pizzaco.png]
[www.playosmo.com/en/pizza-co/index.html]
[www.playosmo.com/scripts/3423187.bndl-n_pixi_dist_pixi-n_pixi-spine_bin_pixi-spine-pizzaco.js]
[www.playosmo.com/styles/eb3793d.pg-words.css]
[www.playosmo.com/en/words/index.html]
[www.playosmo.com/scripts/f40cff0.bndl-words-games.js]
[www.playosmo.com/styles/a32d26e.pg-masterpiece.css]
[www.playosmo.com/images/9e8c462.logo-masterpiece-white.png]
[www.playosmo.com/images/29df504.logo-time.png]
[www.playosmo.com/images/e335fc2.logo-venturebeat.png]
[www.playosmo.com/images/f9c1019.logo-wired.png]
[www.playosmo.com/images/games/masterpiece/08c4960.masterpiece-ipad-core.png]
[www.playosmo.com/images/games/masterpiece/d511202.masterpiece-ipad-gallery.png]
[www.playosmo.com/images/games/masterpiece/d2dc98c.masterpiece-ipad-search.png]
[www.playosmo.com/images/games/masterpiece/2cfc614.masterpiece-ipad-camera.png]
[www.playosmo.com/images/games/masterpiece/5097c85.masterpiece-autoline-overlay.png]
[www.playosmo.com/images/games/masterpiece/518faac.masterpiece-autoline-unicorn-outline.png]
[www.playosmo.com/images/games/masterpiece/ea95588.masterpiece-autoline-unicorn-photo.png]
[my.playosmo.com/masterpiece/api/v2/share/thumb6525.jpg]
[my.playosmo.com/masterpiece/api/v2/share/thumbed01.jpg]
[my.playosmo.com/masterpiece/api/v2/share/thumb0b2c.jpg]
[my.playosmo.com/masterpiece/api/v2/share/thumba8c2.jpg]
[my.playosmo.com/masterpiece/api/v2/share/thumb8d90.jpg]
[my.playosmo.com/masterpiece/api/v2/share/thumb194a.jpg]
[www.playosmo.com/images/games/creativeset/desktop/ef226f4.yobbi-choice.png]
[www.playosmo.com/images/games/creativeset/desktop/be627dd.yobbi-markers-pouch.png]
[www.playosmo.com/images/shopping/order-osmo-game/65805de.order-monster.png]
[www.playosmo.com/en/creativeset/index.html]
[www.playosmo.com/en/masterpiece/index.html]
[www.playosmo.com/en/shopping/index976e.html]
[www.playosmo.com/scripts/f9c41a7.masterpiece.js]
[www.playosmo.com/en/about-us/index.html]
[www.playosmo.com/styles/fa299f3.pg-about-us.css]
[www.playosmo.com/styles/d19c5ea.pg-jobs.css]
[www.playosmo.com/images/d8ef84a.icon-values.png]
[www.playosmo.com/images/9be8565.icon-team.png]
[www.playosmo.com/images/8980021.icon-smile.png]
[www.playosmo.com/images/e21fe9f.icon-dollar.png]
[www.playosmo.com/images/607a432.icon-games.png]
[www.playosmo.com/images/8970f2f.icon-food.png]
[www.playosmo.com/images/dc85219.award-time.png]
[www.playosmo.com/images/c71b47f.award-best-toy-drtoy-2014.png]
[www.playosmo.com/images/c15bcdd.award-parents-choice.png]
[www.playosmo.com/images/5953f01.award-bett-2015-finalist.png]
[www.playosmo.com/images/1e376d6.award-children-technology-review.png]
[www.playosmo.com/images/49a767e.award-tillywig-toy-awards.png]
[www.playosmo.com/images/d1980a9.award-national-parenting-publications.png]
[www.playosmo.com/cdn-cgi/scripts/5c5dd728/cloudflare-static/email-decode.min.js]
[www.playosmo.com/en/jobs/index.html]
[www.playosmo.com/scripts/fd794b1.bndl-jobs.js]
[www.playosmo.com/styles/e798ce6.pg-privacy-policy.css]
[www.playosmo.com/en/privacy-policy/index.html]
[www.playosmo.com/en/terms/index.html]
[www.googletagmanager.com/gtm5445.html]
[www.playosmo.com/images/homepage/2018/welcome/hover-words.html]
[www.playosmo.com/styles/e798ce6.pg-terms.css]
[www.playosmo.com/images/marketing-specials/2018/edu-stripe-case-and-base-preorder/1e812a7.bg-desktop.jpg]
[www.playosmo.com/images/marketing-specials/2018/edu-stripe-case-and-base-preorder/87ea0dc.ipad-setup.png]
[www.playosmo.com/images/schools/76f8379.teacher-training-blackboard.png]
[www.playosmo.com/images/schools/four-cs/dd46cee.icon-collaboration@2x.png]
[www.playosmo.com/images/schools/four-cs/19d58b1.icon-communication@2x.png]
[www.playosmo.com/images/schools/four-cs/fe09159.icon-creativity@2x.png]
[www.playosmo.com/images/schools/four-cs/c25d26a.icon-critical-thinking@2x.png]
[www.playosmo.com/images/schools/four-cs/d71b862.arrow-right.png]
[www.playosmo.com/images/schools/2787eaf.header-bg.jpg]
[www.playosmo.com/images/schools/3f071e9.header-bg@2x.jpg]
[www.playosmo.com/images/schools/6382005.header-bg-coding-half.jpg]
[www.playosmo.com/images/schools/f8f8590.header-bg-coding.jpg]
[www.playosmo.com/images/schools/4934b6c.schools-hero@2x.jpg]
[www.playosmo.com/images/schools/d9aa5bc.schools-hero-mobile.jpg]
[www.playosmo.com/images/schools/d9067b5.schools-number-30000.png]
[www.playosmo.com/images/schools/bebf184.schools-about-osmo.png]
[www.playosmo.com/images/schools/0899ccd.schools-heart.png]
[www.playosmo.com/images/arrows/a67b2eb.arrow-large-white-left.png]
[www.playosmo.com/images/arrows/5b42825.arrow-large-white-right.png]
[www.playosmo.com/images/arrows/3d72db0.arrow-long-blue-bottom.png]
[www.playosmo.com/images/schools/faced6a.schools-classroom-kit.jpg]
[www.playosmo.com/images/schools/213b6f6.schools-mobile-classroom-kit.jpg]
[www.playosmo.com/images/arrows/1539241.arrow-large-blue-right.png]
[www.playosmo.com/images/schools/c67b38f.schools-donors-choose.png]
[www.playosmo.com/styles/0401f76.pg-schools.css]
[www.playosmo.com/styles/ed6a065.pg-purchase-orders.css]
[www.playosmo.com/en/purchase-orders/index.html]
[p5.zdassets.com/hc/theme_assets/517662/200051544/arrowheads_down.png]
[www.playosmo.com/styles/7baa84d.pg-slimmed-faq.css]
[www.playosmo.com/styles/f888942.pg-shopping.css]
[www.playosmo.com/styles/72e7740.pg-checkout.css]
[www.playosmo.com/en/checkout/index.html]
[www.playosmo.com/scripts/9955a26.bndl-b_jquery.payment_lib_jquery.payment-order.js]
[www.playosmo.com/images/2b63bdd.flags.png]
[www.playosmo.com/images/f2e09c4.flags@2x.png]
[www.playosmo.com/images/e805473.flags-cn@2x.png]
[www.playosmo.com/images/1d2737a.close.png]
[www.playosmo.com/images/games/boxes-5/bb544c0.base.png]
[www.playosmo.com/images/games/boxes-5/1d7121b.newton.png]
[www.playosmo.com/images/games/boxes-5/06664d6.masterpiece.png]
[www.playosmo.com/images/games/creativeset/order/388b461.Creative_Set2.png]
[www.playosmo.com/styles/5538bd7.pg-storelocator.css]
[www.playosmo.com/images/devices/bases/4fc86bc.base.png]
[www.playosmo.com/images/devices/bases/75229ca.base-ipad-2018.png]
[www.playosmo.com/images/devices/bases/9a4747b.base-iphone.png]
[www.playosmo.com/images/devices/bases/cd1c324.base-fire.png]
[www.playosmo.com/images/devices/games/8a98c47.game-detective@2x.png]
[www.playosmo.com/images/devices/games/98484a0.game-mindracers@2x.png]
[www.playosmo.com/images/devices/games/59f2318.game-coding-jam@2x.png]
[www.playosmo.com/images/devices/games/2e0c611.game-coding@2x.png]
[www.playosmo.com/images/devices/games/33a26ea.game-coding-duo@2x.png]
[www.playosmo.com/images/devices/games/f7e295d.game-tangram@2x.png]
[www.playosmo.com/images/devices/games/4d3b6f5.game-pizza-co@2x.png]
[www.playosmo.com/images/devices/games/1c8bba0.game-monster@2x.png]
[www.playosmo.com/images/devices/games/55eb33b.game-numbers@2x.png]
[www.playosmo.com/images/devices/games/feac7b1.game-masterpiece@2x.png]
[www.playosmo.com/images/devices/games/df843e7.game-words@2x.png]
[www.playosmo.com/images/devices/games/09b8322.game-newton@2x.png]
[www.playosmo.com/images/devices/games/0215564.game-superstudio-mickey@2x.png]
[www.playosmo.com/images/devices/games/7f5b641.game-superstudio-princess@2x.png]
[www.playosmo.com/images/devices/games/3c46136.game-superstudio-incredibles@2x.png]
[www.playosmo.com/images/devices/d3f7ff2.platform_hero_desktop@2x.jpg]
[www.playosmo.com/styles/b95313e.pg-devices.css]
[www.playosmo.com/styles/e50df14.games.css]
[www.playosmo.com/styles/27a9a41.pg-numbers.css]
[www.playosmo.com/en/shopping/index9912.html]
[www.playosmo.com/styles/faf1559.pg-detective.css]
[www.playosmo.com/en/detective/index.html]
[www.playosmo.com/scripts/ae9fc35.bndl-detective-games.js]
[www.playosmo.com/styles/dfbef8f.pg-mindracers.css]
[www.playosmo.com/images/games/mindracers/f937e21.hero-bg.jpg]
[www.playosmo.com/images/games/mindracers/148f993.mindracers-logo.png]
[www.playosmo.com/en/mindracers/index.html]
[www.playosmo.com/scripts/f62fc8f.bndl-mindracers.js]
[www.playosmo.com/en/shopping/index25b4.html]
[www.playosmo.com/styles/49c1170.pg-coding-jam.css]
[www.playosmo.com/images/games/coding-jam/838479f.logo-coding-jam-white.png]
[www.playosmo.com/images/games/coding-jam/media-logos/03e2582.logo-venture-beat.png]
[www.playosmo.com/images/games/coding-jam/media-logos/6e4f07a.logo-forbes.png]
[www.playosmo.com/images/games/coding-jam/media-logos/c82112f.logo-venture-beat-gray.png]
[www.playosmo.com/images/games/coding-jam/media-logos/2999982.logo-forbes-gray.png]
[www.playosmo.com/images/games/coding-jam/02589f3.girls.jpg]
[www.playosmo.com/images/games/coding-jam/9c6a416.worlds.jpg]
[www.playosmo.com/static-files/coding-jam/audio/carousel/chicken-rap/ChickenRap.png]
[www.playosmo.com/static-files/coding-jam/audio/carousel/dueling-xylos/DuelingXylos.png]
[www.playosmo.com/static-files/coding-jam/audio/carousel/martian-sailing/MartianSailing.png]
[www.playosmo.com/static-files/coding-jam/audio/carousel/monster-party/MonsterParty.png]
[www.playosmo.com/static-files/coding-jam/audio/carousel/whimisical-recess/WhimsicalRecess.png]
[www.playosmo.com/images/games/coding-jam/764fd61.img-blocks-coding-jam.png]
[www.playosmo.com/images/shopping/order-osmo-game/7c317cf.order-codingjam.png]
[www.playosmo.com/en/shopping/index8210.html]
[www.playosmo.com/en/coding-jam/index.html]
[www.playosmo.com/styles/3417ad3.pg-coding-duo.css]
[www.playosmo.com/images/landing/coding-duo/7971a74.codingduologo@2x.png]
[www.playosmo.com/images/landing/coding-duo/58c428c.wall-street-journal.png]
[www.playosmo.com/images/landing/coding-duo/4823c6f.toty@2x.png]
[www.playosmo.com/images/landing/coding-duo/23a2896.parents-choice-gold.png]
[www.playosmo.com/images/landing/coding-duo/b35e9eb.momschoice@2x.png]
[www.playosmo.com/scripts/ebe85a4.bndl-n_pixi_dist_pixi-n_pixi-spine_bin_pixi-spine-3_howler_howler.core.min-codingjam.js]
[www.playosmo.com/en/coding-duo/index.html]
[www.playosmo.com/scripts/75d482c.bndl-codingduo.js]
[www.playosmo.com/styles/6c6ca1a.pg-monster.css]
[www.playosmo.com/images/games/monster/media-logos/cf5f692.logo-cnet-gray.png]
[www.playosmo.com/images/games/monster/media-logos/5e1bf93.logo-wall-street-journal-gray.png]
[www.playosmo.com/images/games/monster/media-logos/cc9922a.logo-forbes-gray.png]
[www.playosmo.com/images/homepage/game-video-stills/monster/350e0a6.01.jpg]
[www.playosmo.com/images/homepage/game-video-stills/monster/715a958.02.jpg]
[www.playosmo.com/images/homepage/game-video-stills/monster/7fea791.03.jpg]
[www.playosmo.com/images/homepage/game-video-stills/monster/8cd5ff7.04.jpg]
[www.playosmo.com/images/homepage/game-video-stills/monster/dd1e466.05.jpg]
[www.playosmo.com/images/homepage/game-video-stills/monster/f0ebcfe.06.jpg]
[www.playosmo.com/images/homepage/game-video-stills/monster/654078d.07.jpg]
[www.playosmo.com/images/homepage/game-video-stills/monster/5e279b0.08.jpg]
[www.playosmo.com/images/homepage/game-video-stills/monster/42e2aec.09.jpg]
[www.playosmo.com/images/homepage/game-video-stills/monster/9467072.10.jpg]
[www.playosmo.com/images/landing/creativeset-monster-spanish/4737005.jaime-camil@2x.png]
[www.playosmo.com/scripts/7127703.monster.js]
[www.playosmo.com/en/monster/index.html]
[www.playosmo.com/styles/0f2e761.pg-newton.css]
[www.playosmo.com/images/games/newton/b62da80.newton-levels.png]
[www.playosmo.com/images/games/newton/269c376.newton-levels-mobile.png]
[www.playosmo.com/images/games/newton/3f2a685.newton-play-with-anything.jpg]
[www.playosmo.com/scripts/7127703.newton.js]
[www.playosmo.com/en/newton/index.html]
[www.playosmo.com/styles/b21510e.pg-superstudio-mickey.css]
[www.playosmo.com/images/games/superstudio/mickey/b30644e.osmo-super-studio-mickey-fireworks-loop-poster.jpg]
[www.playosmo.com/en/superstudio-mickey/index.html]
[www.playosmo.com/scripts/4780548.bndl-superstudio.js]
[www.playosmo.com/styles/b21510e.pg-superstudio-princess.css]
[www.playosmo.com/images/games/superstudio/princess/c61a853.osmo-super-studio-princess-fireworks-loop-poster.jpg]
[www.playosmo.com/en/superstudio-princess/index.html]
[www.playosmo.com/styles/b21510e.pg-superstudio-incredibles.css]
[www.playosmo.com/images/games/superstudio/incredibles/5701b54.osmo-super-studio-incredibles-fireworks-loop-poster.jpg]
[www.playosmo.com/en/superstudio-incredibles/index.html]
[www.playosmo.com/images/games/tangram/566ada2.tangram-hero.png]
[www.playosmo.com/images/games/tangram/a59fca2.tangram-spatial-thinking.jpg]
[www.playosmo.com/styles/4199534.pg-tangram.css]
[www.playosmo.com/images/games/coding/510295f.Grid-Tile2.png]
[www.playosmo.com/images/games/coding/awbie/7ab5dbc.Awbie-jump-down.png]
[www.playosmo.com/images/games/coding/awbie/c2f4cbf.Awbie-jump-right.png]
[www.playosmo.com/images/games/coding/awbie/f7a5f72.Awbie-jump-up.png]
[www.playosmo.com/images/games/coding/awbie/2e86e3e.Awbie-tool-down.png]
[www.playosmo.com/images/games/coding/awbie/943a39f.Awbie-tool-right.png]
[www.playosmo.com/images/games/coding/awbie/ec6ed6d.Awbie-tool-up.png]
[www.playosmo.com/images/games/coding/awbie/a9924a2.Awbie-walk-down.png]
[www.playosmo.com/images/games/coding/awbie/f945d54.Awbie-walk-right.png]
[www.playosmo.com/images/games/coding/awbie/4b9428c.Awbie-walk-up.png]
[www.playosmo.com/images/games/coding/pieces/eea416a.Action-jump.png]
[www.playosmo.com/images/games/coding/pieces/89d59c2.yellow-tab.png]
[www.playosmo.com/images/games/coding/pieces/d0a4fd3.Action-tool.png]
[www.playosmo.com/images/games/coding/pieces/dcfad26.Action-walk.png]
[www.playosmo.com/images/games/coding/pieces/506be44.down.png]
[www.playosmo.com/images/games/coding/pieces/d8f93b8.left.png]
[www.playosmo.com/images/games/coding/pieces/a2d5efb.right.png]
[www.playosmo.com/images/games/coding/pieces/123b5eb.up.png]
[www.playosmo.com/images/games/coding/pieces/e4c01e4.1.png]
[www.playosmo.com/images/games/coding/pieces/97664ab.2.png]
[www.playosmo.com/images/games/coding/pieces/9e712ba.3.png]
[www.playosmo.com/images/games/coding/pieces/4b5dc13.4.png]
[www.playosmo.com/images/games/coding/pieces/72e8ed2.5.png]
[www.playosmo.com/images/games/coding/desktop/2bc1309.coding-img-hero-strawberry-exploration.jpg]
[www.playosmo.com/images/games/numbers/ad2f96d.quotation-mark-left.png]
[www.playosmo.com/images/games/numbers/80f3fae.quotation-mark-right.png]
[www.playosmo.com/images/games/coding/85d295f.icon-quote-left.png]
[www.playosmo.com/images/games/coding/fb34b1f.icon-quote-right.png]
[www.playosmo.com/images/games/coding/desktop/3c4a83f.coding-img-hands-on.jpg]
[www.playosmo.com/images/games/coding/mobile/ca77430.coding-img-hands-on-mobile.jpg]
[www.playosmo.com/images/games/coding/desktop/28d1474.coding-img-discover-awbie-world.jpg]
[www.playosmo.com/images/games/coding/mobile/ad5863b.coding-img-discover-awbie-world-mobile.jpg]
[www.playosmo.com/images/games/coding/desktop/bd055de.coding-img-friends-playing-iphone.jpg]
[www.playosmo.com/images/games/coding/mobile/3df290a.coding-img-friends-playing-iphone-mobile.jpg]
[www.playosmo.com/images/games/coding/desktop/1a41655.coding-img-research-team-professors.jpg]
[www.playosmo.com/images/games/coding/mobile/e632868.coding-img-research-team-mobile.jpg]
[www.playosmo.com/images/games/coding/mobile/3e6a235.coding-img-research-team-professors-mobile.jpg]
[www.playosmo.com/images/games/coding/8e77d26.icon-awbie-white.png]
[www.playosmo.com/images/games/coding/7179bdb.icon-blocks-white.png]
[www.playosmo.com/images/games/coding/e8da9d9.icon-university-white.png]
[www.playosmo.com/images/games/coding/desktop/fe82fe9.img-hand-holding-coding-block.png]
[www.playosmo.com/images/games/coding/desktop/img-coding-blocks-white-table.jpg]
[www.playosmo.com/images/games/coding/mobile/f193985.img-hand-holding-coding-block-mobile.png]
[www.playosmo.com/images/games/coding/mobile/img-coding-blocks-white-table-mobile.jpg]
[www.playosmo.com/images/artproject/hugegallery/924ab13.img-counter-tile-full.png]
[www.playosmo.com/images/artproject/hugegallery/8c52942.img-counter-tile-full-mask.png]
[www.playosmo.com/images/games/coding/0147b86.strawberries-tile-2.png]
[www.playosmo.com/styles/ee0403a.coding.css]
[www.playosmo.com/styles/8a25556.pg-coding-blocks.css]
[www.playosmo.com/images/games/coding-jam/404bf7e.blocks-animation-1.gif]
[www.playosmo.com/images/games/coding-jam/da4756e.blocks-animation-3.gif]
[www.playosmo.com/images/games/coding-jam/a8d4a17.img-coding-comparison.png]
[www.playosmo.com/en/coding-blocks/index.html]
[www.playosmo.com/en/shopping/index1ba0.html]
[www.playosmo.com/en/shopping/indexc272.html]
[www.playosmo.com/images/games/osmotown/collection/a47e8cc.background-osmo-town-alpha.png]
[www.playosmo.com/images/games/pizza-co/desktop/68f0be2.img-pizza-shop-background.jpg]
[www.playosmo.com/images/games/pizza-co/5ed2b49.img-counter-top.jpg]
[www.playosmo.com/images/games/pizza-co/empathy-animation/pizzas/2c2c9d5.img-pizza-mushroom.png]
[www.playosmo.com/images/games/pizza-co/empathy-animation/pizzas/59f48f5.img-pizza-anchovy.png]
[www.playosmo.com/images/games/pizza-co/empathy-animation/pizzas/3db833d.img-pizza-pepper.png]
[www.playosmo.com/images/games/pizza-co/empathy-animation/pizzas/d6c8a9b.img-pizza-pepperoni.png]
[www.playosmo.com/images/games/pizza-co/empathy-animation/toppings/d2d8306.img-pepper.png]
[www.playosmo.com/images/games/pizza-co/empathy-animation/toppings/a04cbea.img-pepperoni.png]
[www.playosmo.com/images/games/pizza-co/empathy-animation/toppings/a3892ef.img-mushroom.png]
[www.playosmo.com/images/games/pizza-co/empathy-animation/toppings/675659a.img-anchovy.png]
[www.playosmo.com/images/games/pizza-co/mobile/e81a952.img-pizza-shop-background.jpg]
[www.playosmo.com/images/games/pizza-co/desktop/501429d.pizza-hero.png]
[www.playosmo.com/images/games/pizza-co/mobile/8afca68.pizza-hero.png]
[www.playosmo.com/images/games/pizza-co/desktop/9e4b66c.pizza-hero-2.png]
[www.playosmo.com/images/games/pizza-co/mobile/4d79365.pizza-hero-2.png]
[www.playosmo.com/images/games/monster/52e7216.icon-quote-left.png]
[www.playosmo.com/images/games/monster/4efce93.icon-quote-right.png]
[www.playosmo.com/images/games/monster/4827c80.icon-quote-left-gray.png]
[www.playosmo.com/images/games/monster/c485403.icon-quote-right-gray.png]
[www.playosmo.com/images/games/pizza-co/desktop/bb2e1d7.pizza-co-img-kids-playing-iphone.jpg]
[www.playosmo.com/images/games/pizza-co/mobile/89ccade.pizza-co-img-kids-playing-iphone.jpg]
[www.playosmo.com/images/games/pizza-co/desktop/d8587b3.pizza-real-world-math.jpg]
[www.playosmo.com/images/games/pizza-co/mobile/0e66aba.pizza-real-world-math.jpg]
[www.playosmo.com/images/games/pizza-co/85d295f.icon-quote-left.png]
[www.playosmo.com/images/games/pizza-co/fb34b1f.icon-quote-right.png]
[www.playosmo.com/images/games/pizza-co/desktop/435f364.pizza-be-the-boss.jpg]
[www.playosmo.com/images/games/pizza-co/mobile/1b42659.pizza-be-the-boss.jpg]
[www.playosmo.com/styles/a32d605.pg-pizza-co.css]
[www.playosmo.com/images/games/words/fcc98b6.words-hero.png]
[www.playosmo.com/images/games/words/v2/desktop/c157364.words-hero.png]
[www.playosmo.com/images/games/words/v2/desktop/77ff672.words-play-with-friends-or-characters.jpg]
[www.playosmo.com/images/games/words/v2/mobile/b8da3e5.words-play-with-friends-or-characters-mobile.jpg]
[www.playosmo.com/images/games/words/v2/desktop/15cbcd3.words-adventure-mode.jpg]
[www.playosmo.com/images/games/words/v2/mobile/d24840c.words-adventure-mode-mobile.jpg]
[www.playosmo.com/images/games/words/v2/desktop/d3ccfc3.img-words-download-albums-examples.jpg]
[www.playosmo.com/images/games/words/v2/mobile/ec3c0e6.img-words-download-albums-examples-mobile.jpg]
[www.playosmo.com/images/games/words/v2/desktop/d04fb14.img-words-boy-playing-personal-album.jpg]
[www.playosmo.com/images/games/words/v2/mobile/602a1d3.img-words-boy-playing-personal-album-mobile.jpg]
[www.playosmo.com/styles/eb3793d.pg-words.css]
[www.playosmo.com/images/games/masterpiece/museum/7d9df9b.museum-wall-texture.jpg]
[www.playosmo.com/images/games/masterpiece/museum/86de979.museum-rope.png]
[www.playosmo.com/images/games/masterpiece/museum/9fec7d2.museum-floor-texture.jpg]
[www.playosmo.com/images/games/masterpiece/frames/c84850c.frame-golden-1.png]
[www.playosmo.com/images/games/masterpiece/frames/8210f44.frame-golden-2.png]
[www.playosmo.com/images/games/masterpiece/frames/6363511.frame-golden-3.png]
[www.playosmo.com/images/games/masterpiece/frames/5113f88.frame-golden-4.png]
[www.playosmo.com/images/games/masterpiece/1ef5e95.bg-masterpiece-hero.jpg]
[www.playosmo.com/images/games/masterpiece/3f4a463.bg-masterpiece-supercharge.png]
[www.playosmo.com/images/4c9a35a.box_shadow.jpg]
[www.playosmo.com/images/games/masterpiece/d658e1d.bg-masterpiece-autoline.jpg]
[www.playosmo.com/images/games/masterpiece/04a908f.bg-masterpiece-artist-iphone.jpg]
[www.playosmo.com/images/games/masterpiece/16dd81c.bg-masterpiece-share.jpg]
[www.playosmo.com/images/games/masterpiece/73d6220.bg-masterpiece-share-mobile.jpg]
[www.playosmo.com/styles/a32d26e.pg-masterpiece.css]
[www.playosmo.com/styles/c522c58.pg-creativeset.css]
[www.playosmo.com/images/games/creativeset/icons/7683831.img-includes-creative-board.png]
[www.playosmo.com/images/games/creativeset/icons/ab10045.img-yoobi-dry-erase-markers.png]
[www.playosmo.com/images/games/creativeset/icons/2451092.img-yoobi-fuzzy-pouch.png]
[www.playosmo.com/images/games/creativeset/icons/499a71a.img-icon-monster.png]
[www.playosmo.com/images/games/creativeset/icons/82bb62c.img-icon-masterpiece.png]
[www.playosmo.com/images/games/creativeset/icons/64db3eb.img-icon-newton.png]
[www.playosmo.com/images/press/c152ed4.the_wall_street_journal.png]
[www.playosmo.com/images/press/23b4f5e.cnet.png]
[www.playosmo.com/images/press/1a58236.geekdad.png]
[www.playosmo.com/scripts/b6ed6a6.creativeset.js]
[www.playosmo.com/en/creativeset/index.html]
[www.playosmo.com/scripts/7726c44.shopping.js]
[www.playosmo.com/images/about-us/desktop/2d20583.img-about-us-osmo-team.jpg]
[www.playosmo.com/images/about-us/mobile/aa96f93.img-about-us-osmo-team-mobile.jpg]
[www.playosmo.com/images/about-us/67a514a.img-osmo-founder-and-kids.jpg]
[www.playosmo.com/images/about-us/b930aa8.icons-our-games.jpg]
[www.playosmo.com/images/about-us/eb2dd1c.img-awards.jpg]
[www.playosmo.com/styles/fa299f3.pg-about-us.css]
[www.playosmo.com/images/b8558fb.loader-transparent.gif]
[www.playosmo.com/images/arrows/edca447.arrow_white.png]
[www.playosmo.com/styles/d19c5ea.pg-jobs.css]
[www.playosmo.com/styles/e798ce6.pg-privacy-policy.css]
[www.playosmo.com/styles/e798ce6.pg-terms.css]
[www.playosmo.com/images/purchase-orders/25888ed.img-earth.png]
[www.playosmo.com/styles/ed6a065.pg-purchase-orders.css]
[www.playosmo.com/scripts/da39a3e.bndl-education.js]
[www.playosmo.com/images/shopping/f1d88b0.gamesystem_included.png]
[www.playosmo.com/images/shopping/d195960.gamesystem_not_included.png]
[www.playosmo.com/images/game-icons/827f7c4.all-games-256.jpg]
[www.playosmo.com/images/game-icons/ee09f5d.lgsk-games-256.jpg]
[www.playosmo.com/images/2d589fd.loader.gif]
[www.playosmo.com/images/30d6856.button_red_bg.png]
[www.playosmo.com/images/edfd85b.card_types_big.png]
[www.playosmo.com/images/order/8f5c8d6.remove.png]
[www.playosmo.com/images/order/d8e1f44.arrowheads_up.png]
[www.playosmo.com/styles/72e7740.pg-checkout.css]
[www.playosmo.com/images/games/detective/become-a-detective/e615693.background-detective.jpg]
[www.playosmo.com/images/games/detective/become-a-detective/bfa6c75.detective-boy-full.png]
[www.playosmo.com/images/games/detective/become-a-detective/fe1ee34.detective-top-secret.png]
[www.playosmo.com/images/games/detective/learn/b8e4f63.icon-checkmark@2x.png]
[www.playosmo.com/images/games/detective/learn/c52b6da.education-ipad.png]
[www.playosmo.com/images/games/detective/learn/7ab6a0d.education-statue-liberty.png]
[www.playosmo.com/images/games/detective/learn/9206603.education-sydney-opera.png]
[www.playosmo.com/images/games/detective/learn/2418837.education-eiffel-tower.png]
[www.playosmo.com/images/games/detective/learn/4b75bc2.education-sphinx.png]
[www.playosmo.com/images/games/detective/learn/e6537c1.education-christ-redeemer.png]
[www.playosmo.com/images/games/detective/learn/1e45a7c.education-brazil-flag.png]
[www.playosmo.com/images/games/detective/learn/7ff5383.education-france-flag.png]
[www.playosmo.com/images/games/detective/comes-with/650b6a3.background-wooden-table.jpg]
[www.playosmo.com/images/games/detective/comes-with/63f415f.hardware-map-town-world@2x.png]
[www.playosmo.com/images/games/detective/comes-with/5606ad7.hardware-map-beijing-new-york@2x.png]
[www.playosmo.com/images/games/detective/comes-with/f1f15e8.hardware-map-rio-cairo@2x.png]
[www.playosmo.com/images/games/detective/comes-with/a14461d.hardware-map-paris-sydney@2x.png]
[www.playosmo.com/images/games/detective/comes-with/f10a6a5.hardware-map-holder@2x.png]
[www.playosmo.com/images/games/detective/comes-with/873dd6e.hardware-magnifying-glass@2x.png]
[www.playosmo.com/images/games/detective/interactive-map/5649bbf.detective-map-paris.jpg]
[www.playosmo.com/images/games/detective/interactive-map/e8b8122.detective-map-paris-zoomed.jpg]
[www.playosmo.com/images/games/detective/interactive-map/d170b20.magnifying-glass.png]
[www.playosmo.com/images/games/detective/interactive-map/7d6adbc.find-eiffel-tower.png]
[www.playosmo.com/images/games/detective/interactive-map/6532552.find-painter.png]
[www.playosmo.com/images/games/detective/interactive-map/3d77bc6.find-aeroplane.png]
[www.playosmo.com/images/games/detective/interactive-map/characters/af4c938.beatrice-idle.png]
[www.playosmo.com/images/games/detective/interactive-map/characters/6b1e6ca.beatrice-happy.png]
[www.playosmo.com/styles/faf1559.pg-detective.css]
[www.playosmo.com/images/games/mindracers/50327b7.worlds-straight.jpg]
[www.playosmo.com/images/games/mindracers/1cb5ece.arrow-right.png]
[www.playosmo.com/images/games/mindracers/cars/ddbf7e5.blitzspeeder-bg.jpg]
[www.playosmo.com/images/games/mindracers/cars/f7cf377.blitzspeeder-car.png]
[www.playosmo.com/images/games/mindracers/cars/f6cd527.blitzspeeder-name.png]
[www.playosmo.com/images/games/mindracers/cars/2f195af.dragonblaster-bg.jpg]
[www.playosmo.com/images/games/mindracers/cars/bdfd46d.dragonblaster-car.png]
[www.playosmo.com/images/games/mindracers/cars/330d0be.dragonblaster-name.png]
[www.playosmo.com/images/games/mindracers/cars/22d4035.futurismo-bg.jpg]
[www.playosmo.com/images/games/mindracers/cars/7ce5ee9.futurismo-car.png]
[www.playosmo.com/images/games/mindracers/cars/b307942.futurismo-name.png]
[www.playosmo.com/images/games/mindracers/cars/306d85d.purrfectspeed-bg.jpg]
[www.playosmo.com/images/games/mindracers/cars/59e74e8.purrfectspeed-car.png]
[www.playosmo.com/images/games/mindracers/cars/d685786.purrfectspeed-name.png]
[www.playosmo.com/images/games/mindracers/cars/20c462f.rocketbox-bg.jpg]
[www.playosmo.com/images/games/mindracers/cars/2d76f0f.rocketbox-car.png]
[www.playosmo.com/images/games/mindracers/cars/c823f6d.rocketbox-name.png]
[www.playosmo.com/images/games/mindracers/cars/5368b5e.turbot-bg.jpg]
[www.playosmo.com/images/games/mindracers/cars/673b5b3.turbot-car.png]
[www.playosmo.com/images/games/mindracers/cars/f7d767e.turbot-name.png]
[www.playosmo.com/images/games/mindracers/f5db3ab.throwing-down-tokens.jpg]
[www.playosmo.com/images/games/mindracers/c285650.throwing-down-tokens-mask.png]
[www.playosmo.com/images/games/mindracers/09f9bb7.family-game-night.jpg]
[www.playosmo.com/images/games/mindracers/cd238d5.family-game-night-mask.png]
[www.playosmo.com/images/games/mindracers/3a945a2.ipad-base-launchpad.png]
[www.playosmo.com/images/games/mindracers/02f8769.mindracers-box.jpg]
[www.playosmo.com/styles/dfbef8f.pg-mindracers.css]
[www.playosmo.com/en/shopping/index25b4.html]
[www.playosmo.com/images/games/coding-jam/desktop/fd0c3bc.Coding-Jam-girl-jamming-with-band-desktop-repeat.png]
[www.playosmo.com/images/games/coding-jam/desktop/68ef830.Coding-Jam-girl-jamming-with-band-desktop-repeat@2x.png]
[www.playosmo.com/images/games/coding-jam/desktop/5da5f37.Coding-Jam-girl-jamming-with-band-desktop.jpg]
[www.playosmo.com/images/games/coding-jam/desktop/4fcd64b.Coding-Jam-girl-jamming-with-band-desktop@2x.jpg]
[www.playosmo.com/images/games/coding-jam/desktop/adbe9ec.Coding-Jam-girl-jamming-with-band-desktop-grey-repeat.png]
[www.playosmo.com/images/games/coding-jam/desktop/d473f1d.Coding-Jam-girl-jamming-with-band-desktop-grey.jpg]
[www.playosmo.com/images/games/coding-jam/desktop/57ef284.Coding-Jam-girl-jamming-with-band-desktop-grey-repeat@2x.png]
[www.playosmo.com/images/games/coding-jam/desktop/66b2642.Coding-Jam-girl-jamming-with-band-desktop-grey@2x.jpg]
[www.playosmo.com/images/games/coding-jam/mobile/bb538c2.Coding-Jam-girl-jamming-with-band-mobile.jpg]
[www.playosmo.com/images/games/coding-jam/mobile/670c172.Coding-Jam-girl-jamming-with-band-mobile-grey.jpg]
[www.playosmo.com/images/games/coding-jam/mobile/be30c25.Coding-Jam-girl-jamming-with-band-mobile@2x.jpg]
[www.playosmo.com/images/games/coding-jam/mobile/a6d3e1c.Coding-Jam-girl-jamming-with-band-mobile-grey@2x.jpg]
[www.playosmo.com/images/games/coding-jam/070a377.play-button.png]
[www.playosmo.com/images/games/coding-jam/42845ad.arrow-left.png]
[www.playosmo.com/images/games/coding-jam/0430e24.arrow-right.png]
[www.playosmo.com/images/games/coding-jam/desktop/8470734.coding-jam-img-girls-dance.jpg]
[www.playosmo.com/images/games/coding-jam/mobile/58247c1.img-coding-jam-create-listen-enjoy-mobile.jpg]
[www.playosmo.com/images/games/coding-jam/pieces/d0a4fd3.Action-tool.png]
[www.playosmo.com/images/games/coding-jam/pieces/dcfad26.Action-walk.png]
[www.playosmo.com/images/games/coding-jam/pieces/eea416a.Action-jump.png]
[www.playosmo.com/images/games/coding-jam/pieces/123b5eb.up.png]
[www.playosmo.com/images/games/coding-jam/pieces/a2d5efb.right.png]
[www.playosmo.com/images/games/coding-jam/pieces/506be44.down.png]
[www.playosmo.com/images/games/coding-jam/pieces/d8f93b8.left.png]
[www.playosmo.com/images/games/coding-jam/pieces/89d59c2.yellow-tab.png]
[www.playosmo.com/images/games/coding-jam/pieces/e4c01e4.1.png]
[www.playosmo.com/images/games/coding-jam/pieces/97664ab.2.png]
[www.playosmo.com/images/games/coding-jam/pieces/9e712ba.3.png]
[www.playosmo.com/images/games/coding-jam/pieces/4b5dc13.4.png]
[www.playosmo.com/images/games/coding-jam/pieces/72e8ed2.5.png]
[www.playosmo.com/images/games/coding-jam/fun-stripe/fcdbe52.icon-1.png]
[www.playosmo.com/images/games/coding-jam/fun-stripe/12b38a6.icon-2.png]
[www.playosmo.com/images/games/coding-jam/fun-stripe/85cc705.icon-3.png]
[www.playosmo.com/images/games/coding-jam/1a05e7c.coding-jam-box-open.jpg]
[www.playosmo.com/styles/49c1170.pg-coding-jam.css]
[www.playosmo.com/en/shopping/index8210.html]
[www.playosmo.com/images/landing/coding-duo/18d76fa.hero_image.jpg]
[www.playosmo.com/images/landing/coding-duo/mobile/db979bb.hero_image_mobile.jpg]
[www.playosmo.com/images/landing/coding-duo/6275b15.quoteleft.png]
[www.playosmo.com/images/landing/coding-duo/ea70ceb.quoteleft@2x.png]
[www.playosmo.com/images/landing/coding-duo/fc98474.quoteright.png]
[www.playosmo.com/images/landing/coding-duo/e75f489.quoteright@2x.png]
[www.playosmo.com/images/landing/coding-duo/d9a1284.gameplay.jpg]
[www.playosmo.com/images/landing/coding-duo/dfd30bc.gameplay@2x.jpg]
[www.playosmo.com/images/landing/coding-duo/51b71a0.gameplaybluebg.png]
[www.playosmo.com/images/landing/coding-duo/461ed6c.moandawbiebg.jpg]
[www.playosmo.com/images/landing/coding-duo/5001e38.moandawbiebg@2x.jpg]
[www.playosmo.com/images/landing/coding-duo/23f2311.skybg.jpg]
[www.playosmo.com/images/landing/coding-duo/bdd1020.skybg@2x.jpg]
[www.playosmo.com/images/landing/coding-duo/mobile/53def0b.skybg.jpg]
[www.playosmo.com/images/landing/coding-duo/mobile/d2ab953.skybg@2x.jpg]
[www.playosmo.com/images/landing/coding-duo/a176d3f.pieces.jpg]
[www.playosmo.com/images/landing/coding-duo/049ee2d.pieces@2x.jpg]
[www.playosmo.com/images/landing/coding-duo/b8f57f2.holdingpiece.jpg]
[www.playosmo.com/images/landing/coding-duo/628bc4c.holdingpiece@2x.jpg]
[www.playosmo.com/images/landing/coding-duo/mobile/2a964a0.holdingpiece.jpg]
[www.playosmo.com/images/landing/coding-duo/mobile/e2e9a01.holdingpiece@2x.jpg]
[www.playosmo.com/images/landing/coding-duo/bce4a73.boxes_awbie_jam_duo.png]
[www.playosmo.com/images/landing/coding-duo/0f43777.boxes_jam_duo.png]
[www.playosmo.com/images/landing/coding-duo/e5fcc07.boxes_awbie_duo.png]
[www.playosmo.com/images/landing/coding-duo/4a21bd5.boxes_duo.png]
[www.playosmo.com/styles/3417ad3.pg-coding-duo.css]
[www.playosmo.com/styles/6c6ca1a.pg-monster.css]
[www.playosmo.com/images/games/newton/ce96572.newton-hero-bg.jpg]
[www.playosmo.com/images/games/newton/a0b6a2a.newton-hero-mobile-bg.jpg]
[www.playosmo.com/styles/0f2e761.pg-newton.css]
[www.playosmo.com/images/games/superstudio/4486727.burst.jpg]
[www.playosmo.com/images/games/superstudio/mickey/506e898.pages_mickey.jpg]
[www.playosmo.com/images/games/superstudio/princess/83b5d7e.pages-princess.png]
[www.playosmo.com/images/games/superstudio/incredibles/b2a6818.pages-incredibles@2x.png]
[www.playosmo.com/images/games/superstudio/mickey/9181d15.hardware-photos@2x.png]
[www.playosmo.com/images/games/superstudio/princess/24caa38.hardware-princess@2x.png]
[www.playosmo.com/images/games/superstudio/incredibles/2019104.hardware-incredibles@2x.png]
[www.playosmo.com/images/games/superstudio/mickey/20dd42a.super_studio-game_loop-mickey-crop.png]
[www.playosmo.com/images/games/superstudio/mickey/1f67384.super_studio-game_loop-mickey-crop-mask.png]
[www.playosmo.com/images/games/superstudio/princess/b5cbb94.super-studio-game-loop-princess-crop.png]
[www.playosmo.com/images/games/superstudio/incredibles/fb3f80d.super-studio-game-loop-incredibles-crop.png]
[www.playosmo.com/images/games/superstudio/950c132.right-arrow@2x.png]
[www.playosmo.com/images/games/superstudio/mickey/dioramas/15addaf.scene-house.jpg]
[www.playosmo.com/images/games/superstudio/mickey/dioramas/67a3e26.character-mickey.png]
[www.playosmo.com/images/games/superstudio/mickey/dioramas/86360b9.scene-park.jpg]
[www.playosmo.com/images/games/superstudio/mickey/dioramas/9cf794b.character-minnie.png]
[www.playosmo.com/images/games/superstudio/mickey/dioramas/e091b2a.scene-beach.jpg]
[www.playosmo.com/images/games/superstudio/mickey/dioramas/a7d5679.character-donald.png]
[www.playosmo.com/images/games/superstudio/princess/dioramas/13b63d3.scene-ocean.jpg]
[www.playosmo.com/images/games/superstudio/princess/dioramas/1c3842c.character-ariel.png]
[www.playosmo.com/images/games/superstudio/princess/dioramas/ad0c0c3.scene-ballroom.jpg]
[www.playosmo.com/images/games/superstudio/princess/dioramas/ccecb77.character-belle.png]
[www.playosmo.com/images/games/superstudio/princess/dioramas/f830668.scene-forest.jpg]
[www.playosmo.com/images/games/superstudio/princess/dioramas/d460e5c.character-rapunzel.png]
[www.playosmo.com/images/games/superstudio/incredibles/dioramas/b3a9efd.scene-jackjack-and-bob.jpg]
[www.playosmo.com/images/games/superstudio/incredibles/dioramas/9062ba6.character-jackjack-and-bob.png]
[www.playosmo.com/images/games/superstudio/incredibles/dioramas/a232330.scene-helen.jpg]
[www.playosmo.com/images/games/superstudio/incredibles/dioramas/aad0153.character-helen.png]
[www.playosmo.com/images/games/superstudio/incredibles/dioramas/94bc6be.scene-dash.jpg]
[www.playosmo.com/images/games/superstudio/incredibles/dioramas/bf5227c.character-dash.png]
[www.playosmo.com/images/games/superstudio/bec2257.mickey-logo@2x.png]
[www.playosmo.com/images/games/superstudio/c9b55d3.princess-logo@2x.png]
[www.playosmo.com/images/games/superstudio/c752d37.incredibles-2-logo@2x.png]
[www.playosmo.com/styles/b21510e.pg-superstudio-mickey.css]
[www.playosmo.com/styles/b21510e.pg-superstudio-princess.css]
[www.playosmo.com/styles/b21510e.pg-superstudio-incredibles.css]
[www.playosmo.com/images/games/coding/desktop/img-coding-blocks-white-table.html]
[www.playosmo.com/images/games/coding/mobile/img-coding-blocks-white-table-mobile.html]
[www.playosmo.com/images/games/coding-jam/56cfc7e.blocks-hand.png]
[www.playosmo.com/styles/8a25556.pg-coding-blocks.css]
[www.playosmo.com/images/landing/creativeset-monster-spanish/52b1f44.monsterhola.jpg]
[www.playosmo.com/images/landing/creativeset-monster-spanish/7182d35.camil-quote-img.png]
[www.playosmo.com/images/games/creativeset/desktop/9bc0680.img-girl-playing-monster-table-living-room.jpg]
[www.playosmo.com/images/games/creativeset/mobile/809be22.img-girl-playing-monster-table-living-room-mobile.jpg]
[www.playosmo.com/images/5db5901.logo_300.png]
[www.playosmo.com/images/fb4f61a.icon-made-for-ipad.png]
[www.playosmo.com/images/landing/creativeset-monster-spanish/509537e.newbadge@2x.png]
[www.playosmo.com/images/games/monster/desktop/88fe9ce.monster-img-osmo-creative-board-markers-drawing.jpg]
[www.playosmo.com/images/games/monster/desktop/42a506b.monster-img-osmo-creative-board-top-isolated.png]
[www.playosmo.com/images/games/monster/desktop/b2e4f16.monster-video-loop-mask.png]
[www.playosmo.com/images/games/monster/desktop/52c6b37.monster-img-arm-holding-marker.png]
[www.playosmo.com/images/games/monster/mobile/35d319f.monster-img-arm-holding-marker-mobile.png]
[www.playosmo.com/images/games/creativeset/icons/cd5f1d3.img-osmo-base-reflector-not-included.png]
[www.playosmo.com/images/games/creativeset/icons/64c6d03.img-osmo-base-reflector-not-included-white.png]
[www.playosmo.com/images/games/creativeset/desktop/e3fec00.img-two-kids-playing-monster.jpg]
[www.playosmo.com/images/games/creativeset/mobile/ff80e4e.img-two-kids-playing-monster-mobile.jpg]
[www.playosmo.com/images/landing/creativeset/frame1@2x.jpg]
[www.playosmo.com/images/landing/6ce5803.Hero.jpg]
[www.playosmo.com/images/landing/b1ef7ae.Hero_continuation.png]
[www.playosmo.com/images/landing/numbers/ae0f3f7.Numbers-Landing-Hero-Firsttime.jpg]
[www.playosmo.com/images/landing/numbers/7796d5a.Numbers-Landing-Hero-Firsttime-right.png]
[www.playosmo.com/images/landing/numbers/2067a17.Numbers-Landing-Hero-Returning.jpg]
[www.playosmo.com/images/homepage/540cbba.introducing-numbers-table-tiles-ipad-mobile.jpg]
[www.playosmo.com/images/landing/fb8e20b.Playing_Osmo.jpg]
[www.playosmo.com/images/games/coding/desktop/fbba759.img-two-brothers-playing-coding-floor.jpg]
[www.playosmo.com/styles/c522c58.pg-creativeset.css]
[www.playosmo.com/images/landing/creativeset/frame1@2x.html]
