[webdesign-finder.com/html/dotcreative/index.html]
[backblue.gif]
[fade.gif]
[index.html]
[webdesign-finder.com/html/dotcreative/css/bootstrap.min.css]
[webdesign-finder.com/html/dotcreative/css/animations.css]
[webdesign-finder.com/html/dotcreative/css/font-awesome.css]
[webdesign-finder.com/html/dotcreative/css/main.css]
[webdesign-finder.com/html/dotcreative/js/vendor/modernizr-2.6.2.min.js]
[webdesign-finder.com/html/dotcreative/images/logo.png]
[webdesign-finder.com/html/dotcreative/index-2.html]
[webdesign-finder.com/html/dotcreative/index-3.html]
[webdesign-finder.com/html/dotcreative/index_static.html]
[webdesign-finder.com/html/dotcreative/index_singlepage.html]
[webdesign-finder.com/html/dotcreative/about.html]
[webdesign-finder.com/html/dotcreative/services1.html]
[webdesign-finder.com/html/dotcreative/services2.html]
[webdesign-finder.com/html/dotcreative/services3.html]
[webdesign-finder.com/html/dotcreative/services4.html]
[webdesign-finder.com/html/dotcreative/services5.html]
[webdesign-finder.com/html/dotcreative/service-single1.html]
[webdesign-finder.com/html/dotcreative/service-single2.html]
[webdesign-finder.com/html/dotcreative/service-single3.html]
[webdesign-finder.com/html/dotcreative/service-single4.html]
[webdesign-finder.com/html/dotcreative/gallery-regular.html]
[webdesign-finder.com/html/dotcreative/gallery-regular-2-cols.html]
[webdesign-finder.com/html/dotcreative/gallery-regular-4-cols-fullwidth.html]
[webdesign-finder.com/html/dotcreative/gallery-title.html]
[webdesign-finder.com/html/dotcreative/gallery-title-2-cols.html]
[webdesign-finder.com/html/dotcreative/gallery-title-4-cols-fullwidth.html]
[webdesign-finder.com/html/dotcreative/gallery-excerpt.html]
[webdesign-finder.com/html/dotcreative/gallery-excerpt-2-cols.html]
[webdesign-finder.com/html/dotcreative/gallery-excerpt-4-cols-fullwidth.html]
[webdesign-finder.com/html/dotcreative/gallery-tiled.html]
[webdesign-finder.com/html/dotcreative/gallery-list.html]
[webdesign-finder.com/html/dotcreative/gallery-item.html]
[webdesign-finder.com/html/dotcreative/gallery-item2.html]
[webdesign-finder.com/html/dotcreative/gallery-item3.html]
[webdesign-finder.com/html/dotcreative/process.html]
[webdesign-finder.com/html/dotcreative/clients.html]
[webdesign-finder.com/html/dotcreative/testimonials.html]
[webdesign-finder.com/html/dotcreative/pricing.html]
[webdesign-finder.com/html/dotcreative/shop-right.html]
[webdesign-finder.com/html/dotcreative/shop-account-dashboard.html]
[webdesign-finder.com/html/dotcreative/shop-account-details.html]
[webdesign-finder.com/html/dotcreative/shop-account-address-edit.html]
[webdesign-finder.com/html/dotcreative/shop-account-orders.html]
[webdesign-finder.com/html/dotcreative/shop-account-order-single.html]
[webdesign-finder.com/html/dotcreative/shop-account-downloads.html]
[webdesign-finder.com/html/dotcreative/shop-account-password-reset.html]
[webdesign-finder.com/html/dotcreative/shop-account-login.html]
[webdesign-finder.com/html/dotcreative/shop-left.html]
[webdesign-finder.com/html/dotcreative/shop-product-right.html]
[webdesign-finder.com/html/dotcreative/shop-product-left.html]
[webdesign-finder.com/html/dotcreative/shop-cart.html]
[webdesign-finder.com/html/dotcreative/shop-checkout.html]
[webdesign-finder.com/html/dotcreative/shop-order-received.html]
[webdesign-finder.com/html/dotcreative/shortcodes_iconbox.html]
[webdesign-finder.com/html/dotcreative/shortcodes_typography.html]
[webdesign-finder.com/html/dotcreative/shortcodes_buttons.html]
[webdesign-finder.com/html/dotcreative/shortcodes_progress.html]
[webdesign-finder.com/html/dotcreative/shortcodes_tabs.html]
[webdesign-finder.com/html/dotcreative/shortcodes_bootstrap.html]
[webdesign-finder.com/html/dotcreative/shortcodes_animation.html]
[webdesign-finder.com/html/dotcreative/shortcodes_icons.html]
[webdesign-finder.com/html/dotcreative/shortcodes_socialicons.html]
[webdesign-finder.com/html/dotcreative/shortcodes_widgets_default.html]
[webdesign-finder.com/html/dotcreative/shortcodes_widgets_shop.html]
[webdesign-finder.com/html/dotcreative/events-left.html]
[webdesign-finder.com/html/dotcreative/events-right.html]
[webdesign-finder.com/html/dotcreative/events-full.html]
[webdesign-finder.com/html/dotcreative/event-single-left.html]
[webdesign-finder.com/html/dotcreative/event-single-right.html]
[webdesign-finder.com/html/dotcreative/event-single-full.html]
[webdesign-finder.com/html/dotcreative/team-1.html]
[webdesign-finder.com/html/dotcreative/team-2.html]
[webdesign-finder.com/html/dotcreative/team-single-1.html]
[webdesign-finder.com/html/dotcreative/team-single-2.html]
[webdesign-finder.com/html/dotcreative/team-single-3.html]
[webdesign-finder.com/html/dotcreative/comingsoon.html]
[webdesign-finder.com/html/dotcreative/maintenance.html]
[webdesign-finder.com/html/dotcreative/faq-1.html]
[webdesign-finder.com/html/dotcreative/faq-2.html]
[webdesign-finder.com/html/dotcreative/faq-3.html]
[webdesign-finder.com/html/dotcreative/404.html]
[webdesign-finder.com/html/dotcreative/blog-1.html]
[webdesign-finder.com/html/dotcreative/blog-2.html]
[webdesign-finder.com/html/dotcreative/blog-3.html]
[webdesign-finder.com/html/dotcreative/blog-4.html]
[webdesign-finder.com/html/dotcreative/blog-list.html]
[webdesign-finder.com/html/dotcreative/blog-masonry.html]
[webdesign-finder.com/html/dotcreative/post1.html]
[webdesign-finder.com/html/dotcreative/post2.html]
[webdesign-finder.com/html/dotcreative/post3.html]
[webdesign-finder.com/html/dotcreative/post4.html]
[webdesign-finder.com/html/dotcreative/post5.html]
[webdesign-finder.com/html/dotcreative/blog-single-video-right.html]
[webdesign-finder.com/html/dotcreative/blog-single-video-left.html]
[webdesign-finder.com/html/dotcreative/blog-single-video-full.html]
[webdesign-finder.com/html/dotcreative/contact.html]
[webdesign-finder.com/html/dotcreative/contact2.html]
[webdesign-finder.com/html/dotcreative/contact3.html]
[webdesign-finder.com/html/dotcreative/contact4.html]
[webdesign-finder.com/html/dotcreative/header1.html]
[webdesign-finder.com/html/dotcreative/header2.html]
[webdesign-finder.com/html/dotcreative/header3.html]
[webdesign-finder.com/html/dotcreative/header4.html]
[webdesign-finder.com/html/dotcreative/header5.html]
[webdesign-finder.com/html/dotcreative/header6.html]
[webdesign-finder.com/html/dotcreative/header-side.html]
[webdesign-finder.com/html/dotcreative/header-side-right.html]
[webdesign-finder.com/html/dotcreative/header-side-slide.html]
[webdesign-finder.com/html/dotcreative/header-side-slide-right.html]
[webdesign-finder.com/html/dotcreative/header-side-sticked.html]
[webdesign-finder.com/html/dotcreative/header-side-sticked-right.html]
[webdesign-finder.com/html/dotcreative/title1.html]
[webdesign-finder.com/html/dotcreative/title2.html]
[webdesign-finder.com/html/dotcreative/title3.html]
[webdesign-finder.com/html/dotcreative/title4.html]
[webdesign-finder.com/html/dotcreative/title5.html]
[webdesign-finder.com/html/dotcreative/title6.html]
[webdesign-finder.com/html/dotcreative/footer1.html]
[webdesign-finder.com/html/dotcreative/footer2.html]
[webdesign-finder.com/html/dotcreative/footer3.html]
[webdesign-finder.com/html/dotcreative/footer4.html]
[webdesign-finder.com/html/dotcreative/footer5.html]
[webdesign-finder.com/html/dotcreative/footer6.html]
[webdesign-finder.com/html/dotcreative/copyright1.html]
[webdesign-finder.com/html/dotcreative/copyright2.html]
[webdesign-finder.com/html/dotcreative/copyright3.html]
[webdesign-finder.com/html/dotcreative/copyright4.html]
[webdesign-finder.com/html/dotcreative/copyright5.html]
[webdesign-finder.com/html/dotcreative/copyright6.html]
[webdesign-finder.com/html/dotcreative/images/slide_02.jpg]
[webdesign-finder.com/html/dotcreative/images/slide_03.jpg]
[webdesign-finder.com/html/dotcreative/img/vertical_line.png]
[webdesign-finder.com/html/dotcreative/images/service/service_icon_1-1.png]
[webdesign-finder.com/html/dotcreative/images/service/service_icon_2-1.png]
[webdesign-finder.com/html/dotcreative/images/service/service_icon_3-1.png]
[webdesign-finder.com/html/dotcreative/images/service/service_icon_4-1.png]
[webdesign-finder.com/html/dotcreative/images/service/service_icon_5-1.png]
[webdesign-finder.com/html/dotcreative/images/service/service_icon_6-1.png]
[webdesign-finder.com/html/dotcreative/img/pink_line_big.png]
[webdesign-finder.com/html/dotcreative/images/step_img_1.jpg]
[webdesign-finder.com/html/dotcreative/images/step_img_2.jpg]
[webdesign-finder.com/html/dotcreative/images/step_img_3.jpg]
[webdesign-finder.com/html/dotcreative/img/vertical_line2.png]
[webdesign-finder.com/html/dotcreative/images/gallery/gallery-1.jpg]
[webdesign-finder.com/html/dotcreative/images/gallery/gallery-2.jpg]
[webdesign-finder.com/html/dotcreative/images/gallery/gallery-3.jpg]
[webdesign-finder.com/html/dotcreative/images/gallery/gallery-4.jpg]
[webdesign-finder.com/html/dotcreative/images/gallery/gallery-5.jpg]
[webdesign-finder.com/html/dotcreative/images/gallery/gallery-6.jpg]
[webdesign-finder.com/html/dotcreative/images/team/team_slide_01.jpg]
[webdesign-finder.com/html/dotcreative/images/team/team_slide_02.jpg]
[webdesign-finder.com/html/dotcreative/images/team/team_slide_03.jpg]
[webdesign-finder.com/html/dotcreative/images/team/team_slide_04.jpg]
[webdesign-finder.com/html/dotcreative/images/book-1.png]
[webdesign-finder.com/html/dotcreative/images/book-2.png]
[webdesign-finder.com/html/dotcreative/images/book-3.png]
[webdesign-finder.com/html/dotcreative/images/small_author.png]
[webdesign-finder.com/html/dotcreative/images/team/testimonials_02.jpg]
[webdesign-finder.com/html/dotcreative/images/team/testimonials_01.jpg]
[webdesign-finder.com/html/dotcreative/images/team/testimonials_03.jpg]
[webdesign-finder.com/html/dotcreative/img/dark_line_short.png]
[webdesign-finder.com/html/dotcreative/images/icon1.png]
[webdesign-finder.com/html/dotcreative/images/icon3.png]
[webdesign-finder.com/html/dotcreative/images/icon2.png]
[webdesign-finder.com/html/dotcreative/images/footer_logo.png]
[webdesign-finder.com/html/dotcreative/js/compressed.js]
[webdesign-finder.com/html/dotcreative/index.html]
[webdesign-finder.com/html/dotcreative/js/switcher.js]
[webdesign-finder.com/html/dotcreative/css/bootstrap.min.css]
[webdesign-finder.com/html/dotcreative/css/animations.css]
[webdesign-finder.com/html/dotcreative/js/main.js]
[webdesign-finder.com/html/dotcreative/fonts/fontawesome-webfont3e6e.eot]
[webdesign-finder.com/html/dotcreative/fonts/fontawesome-webfontd41d.eot]
[webdesign-finder.com/html/dotcreative/css/font-awesome.css]
[webdesign-finder.com/html/dotcreative/fonts/fontawesome-webfont3e6e.woff]
[webdesign-finder.com/html/dotcreative/fonts/fontawesome-webfont3e6e.svg]
[webdesign-finder.com/html/dotcreative/img/video.png]
[webdesign-finder.com/html/dotcreative/img/owl.video.play.png]
[webdesign-finder.com/html/dotcreative/img/photoswipe/default-skin.png]
[webdesign-finder.com/html/dotcreative/img/photoswipe/default-skin.svg]
[webdesign-finder.com/html/dotcreative/img/photoswipe/preloader.gif]
[webdesign-finder.com/html/dotcreative/img/background-texture-cover.jpg]
[webdesign-finder.com/html/dotcreative/img/patterns/pattern8.png]
[webdesign-finder.com/html/dotcreative/img/preloader.gif]
[webdesign-finder.com/html/dotcreative/fonts/fontawesome-webfont3e6e.ttf]
[webdesign-finder.com/html/dotcreative/img/patterns/pattern1.png]
[webdesign-finder.com/html/dotcreative/img/patterns/pattern2.png]
[webdesign-finder.com/html/dotcreative/img/patterns/pattern3.png]
[webdesign-finder.com/html/dotcreative/img/patterns/pattern4.png]
[webdesign-finder.com/html/dotcreative/img/patterns/pattern5.png]
[webdesign-finder.com/html/dotcreative/img/patterns/pattern6.png]
[webdesign-finder.com/html/dotcreative/img/patterns/pattern7.png]
[webdesign-finder.com/html/dotcreative/img/patterns/pattern9.png]
[webdesign-finder.com/html/dotcreative/img/patterns/pattern10.png]
[webdesign-finder.com/html/dotcreative/img/patterns/pattern11.png]
[webdesign-finder.com/html/dotcreative/img/parallax/map-dark.jpg]
[webdesign-finder.com/html/dotcreative/img/parallax/map-light.jpg]
[webdesign-finder.com/html/dotcreative/img/parallax/light-abstract.jpg]
[webdesign-finder.com/html/dotcreative/img/parallax/light-wood.jpg]
[webdesign-finder.com/html/dotcreative/img/pattern.png]
[webdesign-finder.com/html/dotcreative/img/mouse_icon.png]
[webdesign-finder.com/html/dotcreative/img/texture_2.png]
[webdesign-finder.com/html/dotcreative/img/404.jpg]
[webdesign-finder.com/html/dotcreative/img/texture_dark.jpg]
[webdesign-finder.com/html/dotcreative/img/parallax/footer_bg.png]
[webdesign-finder.com/html/dotcreative/img/parallax/copyright_bg.jpg]
[webdesign-finder.com/html/dotcreative/img/breadcrumbs.jpg]
[webdesign-finder.com/html/dotcreative/img/parallax/texture-process.png]
[webdesign-finder.com/html/dotcreative/img/right_arrow_ls.png]
[webdesign-finder.com/html/dotcreative/img/left_arrow_ls.png]
[webdesign-finder.com/html/dotcreative/img/search_icon_bg.png]
[webdesign-finder.com/html/dotcreative/img/bg_3.jpg]
[webdesign-finder.com/html/dotcreative/img/bg_2.jpg]
[webdesign-finder.com/html/dotcreative/images/map_light.jpg]
[webdesign-finder.com/html/dotcreative/img/comingsoon.jpg]
[webdesign-finder.com/html/dotcreative/img/left_arrow.png]
[webdesign-finder.com/html/dotcreative/img/right_arrow.png]
[webdesign-finder.com/html/dotcreative/img/white_line_big.png]
[webdesign-finder.com/html/dotcreative/images/book-hov-3.png]
[webdesign-finder.com/html/dotcreative/images/book-hov-2.png]
[webdesign-finder.com/html/dotcreative/images/book-hov-1.png]
[webdesign-finder.com/html/dotcreative/css/main.css]
[webdesign-finder.com/html/dotcreative/js/vendor/modernizr-2.6.2.min.js]
[webdesign-finder.com/html/dotcreative/index-2.html]
[webdesign-finder.com/html/dotcreative/images/1.png]
[webdesign-finder.com/html/dotcreative/images/2.png]
[webdesign-finder.com/html/dotcreative/images/3.png]
[webdesign-finder.com/html/dotcreative/images/step_img_5.jpg]
[webdesign-finder.com/html/dotcreative/images/step_img_6.jpg]
[webdesign-finder.com/html/dotcreative/images/step_img_7.jpg]
[webdesign-finder.com/html/dotcreative/images/step_img_8.jpg]
[webdesign-finder.com/html/dotcreative/images/video_1.jpg]
[webdesign-finder.com/html/dotcreative/images/video_2.jpg]
[webdesign-finder.com/html/dotcreative/images/video_3.jpg]
[webdesign-finder.com/html/dotcreative/images/team/team_slide_06.jpg]
[webdesign-finder.com/html/dotcreative/images/team/team_slide_05.jpg]
[webdesign-finder.com/html/dotcreative/images/team/team_slide_07.jpg]
[webdesign-finder.com/html/dotcreative/images/team/team_slide_08.jpg]
[webdesign-finder.com/html/dotcreative/img/logo1.png]
[webdesign-finder.com/html/dotcreative/index-3.html]
[webdesign-finder.com/html/dotcreative/index_static.html]
[webdesign-finder.com/html/dotcreative/index_singlepage.html]
[webdesign-finder.com/html/dotcreative/images/icon1_about.png]
[webdesign-finder.com/html/dotcreative/images/icon2_about.png]
[webdesign-finder.com/html/dotcreative/images/icon3_about.png]
[webdesign-finder.com/html/dotcreative/images/map_marker_icon.png]
[webdesign-finder.com/html/dotcreative/about.html]
[webdesign-finder.com/html/dotcreative/services1.html]
[webdesign-finder.com/html/dotcreative/images/service/service-icon-1.png]
[webdesign-finder.com/html/dotcreative/images/service/service-icon-2.png]
[webdesign-finder.com/html/dotcreative/images/service/service-icon-3.png]
[webdesign-finder.com/html/dotcreative/images/service/service-icon-4.png]
[webdesign-finder.com/html/dotcreative/images/service/service-icon-5.png]
[webdesign-finder.com/html/dotcreative/images/service/service-icon-6.png]
[webdesign-finder.com/html/dotcreative/services2.html]
[webdesign-finder.com/html/dotcreative/images/img_1.jpg]
[webdesign-finder.com/html/dotcreative/images/img_2.jpg]
[webdesign-finder.com/html/dotcreative/images/img_3.jpg]
[webdesign-finder.com/html/dotcreative/images/img_4.jpg]
[webdesign-finder.com/html/dotcreative/images/img_5.jpg]
[webdesign-finder.com/html/dotcreative/images/img_6.jpg]
[webdesign-finder.com/html/dotcreative/services3.html]
[webdesign-finder.com/html/dotcreative/services4.html]
[webdesign-finder.com/html/dotcreative/services5.html]
[webdesign-finder.com/html/dotcreative/images/img_7.jpg]
[webdesign-finder.com/html/dotcreative/images/face_2.jpg]
[webdesign-finder.com/html/dotcreative/images/face_1.jpg]
[webdesign-finder.com/html/dotcreative/images/face_3.jpg]
[webdesign-finder.com/html/dotcreative/images/face_4.jpg]
[webdesign-finder.com/html/dotcreative/service-single1.html]
[webdesign-finder.com/html/dotcreative/images/service/img_1.jpg]
[webdesign-finder.com/html/dotcreative/images/service/img_2.jpg]
[webdesign-finder.com/html/dotcreative/images/gallery/07.jpg]
[webdesign-finder.com/html/dotcreative/service-single2.html]
[webdesign-finder.com/html/dotcreative/service-single3.html]
[webdesign-finder.com/html/dotcreative/images/service/img_3.jpg]
[webdesign-finder.com/html/dotcreative/images/team/02.jpg]
[webdesign-finder.com/html/dotcreative/images/team/01.jpg]
[webdesign-finder.com/html/dotcreative/images/team/03.jpg]
[webdesign-finder.com/html/dotcreative/service-single4.html]
[webdesign-finder.com/html/dotcreative/images/gallery/01.jpg]
[webdesign-finder.com/html/dotcreative/images/gallery/02.jpg]
[webdesign-finder.com/html/dotcreative/images/gallery/03.jpg]
[webdesign-finder.com/html/dotcreative/images/gallery/04.jpg]
[webdesign-finder.com/html/dotcreative/images/gallery/05.jpg]
[webdesign-finder.com/html/dotcreative/images/gallery/06.jpg]
[webdesign-finder.com/html/dotcreative/images/gallery/08.jpg]
[webdesign-finder.com/html/dotcreative/images/gallery/09.jpg]
[webdesign-finder.com/html/dotcreative/images/gallery/10.jpg]
[webdesign-finder.com/html/dotcreative/images/gallery/11.jpg]
[webdesign-finder.com/html/dotcreative/images/gallery/12.jpg]
[webdesign-finder.com/html/dotcreative/gallery-regular.html]
[webdesign-finder.com/html/dotcreative/gallery-regular-2-cols.html]
[webdesign-finder.com/html/dotcreative/gallery-regular-4-cols-fullwidth.html]
[webdesign-finder.com/html/dotcreative/gallery-title.html]
[webdesign-finder.com/html/dotcreative/gallery-title-2-cols.html]
[webdesign-finder.com/html/dotcreative/gallery-title-4-cols-fullwidth.html]
[webdesign-finder.com/html/dotcreative/gallery-excerpt.html]
[webdesign-finder.com/html/dotcreative/gallery-excerpt-2-cols.html]
[webdesign-finder.com/html/dotcreative/gallery-excerpt-4-cols-fullwidth.html]
[webdesign-finder.com/html/dotcreative/images/gallery/16.jpg]
[webdesign-finder.com/html/dotcreative/images/gallery/13.jpg]
[webdesign-finder.com/html/dotcreative/images/gallery/17.jpg]
[webdesign-finder.com/html/dotcreative/images/gallery/15.jpg]
[webdesign-finder.com/html/dotcreative/images/gallery/14.jpg]
[webdesign-finder.com/html/dotcreative/gallery-tiled.html]
[webdesign-finder.com/html/dotcreative/gallery-list.html]
[webdesign-finder.com/html/dotcreative/gallery-item.html]
[webdesign-finder.com/html/dotcreative/gallery-item2.html]
[webdesign-finder.com/html/dotcreative/images/gallery/gallery-1full.jpg]
[webdesign-finder.com/html/dotcreative/images/gallery/gallery-3full.jpg]
[webdesign-finder.com/html/dotcreative/images/gallery/gallery-2full.jpg]
[webdesign-finder.com/html/dotcreative/images/gallery/gallery-4full.jpg]
[webdesign-finder.com/html/dotcreative/gallery-item3.html]
[webdesign-finder.com/html/dotcreative/process.html]
[webdesign-finder.com/html/dotcreative/images/partners/01.jpg]
[webdesign-finder.com/html/dotcreative/images/partners/02.jpg]
[webdesign-finder.com/html/dotcreative/images/partners/03.jpg]
[webdesign-finder.com/html/dotcreative/images/partners/04.jpg]
[webdesign-finder.com/html/dotcreative/images/partners/05.jpg]
[webdesign-finder.com/html/dotcreative/images/partners/06.jpg]
[webdesign-finder.com/html/dotcreative/images/partners/07.jpg]
[webdesign-finder.com/html/dotcreative/images/partners/08.jpg]
[webdesign-finder.com/html/dotcreative/images/partners/09.jpg]
[webdesign-finder.com/html/dotcreative/images/partners/10.jpg]
[webdesign-finder.com/html/dotcreative/images/partners/11.jpg]
[webdesign-finder.com/html/dotcreative/images/partners/12.jpg]
[webdesign-finder.com/html/dotcreative/clients.html]
[webdesign-finder.com/html/dotcreative/images/face_5.jpg]
[webdesign-finder.com/html/dotcreative/images/face_6.jpg]
[webdesign-finder.com/html/dotcreative/testimonials.html]
[webdesign-finder.com/html/dotcreative/pricing.html]
[webdesign-finder.com/html/dotcreative/css/shop.css]
[webdesign-finder.com/html/dotcreative/images/shop/25.jpg]
[webdesign-finder.com/html/dotcreative/images/shop/14.jpg]
[webdesign-finder.com/html/dotcreative/images/shop/04.jpg]
[webdesign-finder.com/html/dotcreative/images/shop/12.jpg]
[webdesign-finder.com/html/dotcreative/images/shop/05.jpg]
[webdesign-finder.com/html/dotcreative/images/shop/03.jpg]
[webdesign-finder.com/html/dotcreative/images/shop/09.jpg]
[webdesign-finder.com/html/dotcreative/images/shop/26.jpg]
[webdesign-finder.com/html/dotcreative/images/shop/11.jpg]
[webdesign-finder.com/html/dotcreative/images/shop/07.jpg]
[webdesign-finder.com/html/dotcreative/images/shop/24.jpg]
[webdesign-finder.com/html/dotcreative/images/shop/16.jpg]
[webdesign-finder.com/html/dotcreative/images/shop/17.jpg]
[webdesign-finder.com/html/dotcreative/images/shop/19.jpg]
[webdesign-finder.com/html/dotcreative/images/shop/20.jpg]
[webdesign-finder.com/html/dotcreative/shop-right.html]
[webdesign-finder.com/html/dotcreative/shop-account-addresses.html]
[webdesign-finder.com/html/dotcreative/shop-account-address.html]
[webdesign-finder.com/html/dotcreative/shop-account-dashboard.html]
[webdesign-finder.com/html/dotcreative/shop-account-details.html]
[webdesign-finder.com/html/dotcreative/shop-account-address-edit.html]
[webdesign-finder.com/html/dotcreative/shop-account-orders.html]
[webdesign-finder.com/html/dotcreative/shop-account-order-single.html]
[webdesign-finder.com/html/dotcreative/shop-account-downloads.html]
[webdesign-finder.com/html/dotcreative/shop-account-password-reset.html]
[webdesign-finder.com/html/dotcreative/shop-account-login.html]
[webdesign-finder.com/html/dotcreative/shop-left.html]
[webdesign-finder.com/html/dotcreative/images/alt.png]
[webdesign-finder.com/html/dotcreative/images/team/05.jpg]
[webdesign-finder.com/html/dotcreative/shop-product-right.html]
[webdesign-finder.com/html/dotcreative/shop-product-left.html]
[webdesign-finder.com/html/dotcreative/shop-cart.html]
[webdesign-finder.com/html/dotcreative/shop-checkout.html]
[webdesign-finder.com/html/dotcreative/shop-order-received.html]
[webdesign-finder.com/html/dotcreative/shortcodes_iconbox.html]
[webdesign-finder.com/html/dotcreative/shortcodes_typography.html]
[webdesign-finder.com/html/dotcreative/shortcodes_buttons.html]
[webdesign-finder.com/html/dotcreative/shortcodes_progress.html]
[webdesign-finder.com/html/dotcreative/shortcodes_tabs.html]
[webdesign-finder.com/html/dotcreative/images/team/04.jpg]
[webdesign-finder.com/html/dotcreative/shortcodes_bootstrap.html]
[webdesign-finder.com/html/dotcreative/shortcodes_animation.html]
[webdesign-finder.com/html/dotcreative/shortcodes_icons.html]
[webdesign-finder.com/html/dotcreative/shortcodes_socialicons.html]
[webdesign-finder.com/html/dotcreative/blog-right.13c.delayed]
[webdesign-finder.com/html/dotcreative/shortcodes_widgets_default.html]
[webdesign-finder.com/html/dotcreative/shortcodes_widgets_shop.html]
[webdesign-finder.com/html/dotcreative/images/events/01.jpg]
[webdesign-finder.com/html/dotcreative/images/events/02.jpg]
[webdesign-finder.com/html/dotcreative/images/events/03.jpg]
[webdesign-finder.com/html/dotcreative/images/events/04.jpg]
[webdesign-finder.com/html/dotcreative/images/events/05.jpg]
[webdesign-finder.com/html/dotcreative/images/events/06.jpg]
[webdesign-finder.com/html/dotcreative/events-left.html]
[webdesign-finder.com/html/dotcreative/events-right.html]
[webdesign-finder.com/html/dotcreative/events-full.html]
[webdesign-finder.com/html/dotcreative/event-single-left.html]
[webdesign-finder.com/html/dotcreative/event-single-right.html]
[webdesign-finder.com/html/dotcreative/images/events/07.jpg]
[webdesign-finder.com/html/dotcreative/event-single-full.html]
[webdesign-finder.com/html/dotcreative/images/team/06.jpg]
[webdesign-finder.com/html/dotcreative/team-1.html]
[webdesign-finder.com/html/dotcreative/team-2.html]
[webdesign-finder.com/html/dotcreative/team-single-1.html]
[webdesign-finder.com/html/dotcreative/images/team/5.03.jpg]
[webdesign-finder.com/html/dotcreative/team-single-2.html]
[webdesign-finder.com/html/dotcreative/services.html]
[webdesign-finder.com/html/dotcreative/team-single-3.html]
[webdesign-finder.com/html/dotcreative/comingsoon.html]
[webdesign-finder.com/html/dotcreative/img/maintenance.jpg]
[webdesign-finder.com/html/dotcreative/maintenance.html]
[webdesign-finder.com/html/dotcreative/faq-1.html]
[webdesign-finder.com/html/dotcreative/images/icon7.png]
[webdesign-finder.com/html/dotcreative/faq-2.html]
[webdesign-finder.com/html/dotcreative/faq-3.html]
[webdesign-finder.com/html/dotcreative/404.html]
[webdesign-finder.com/html/dotcreative/blog-1.html]
[webdesign-finder.com/html/dotcreative/blog-2.html]
[webdesign-finder.com/html/dotcreative/images/slide_01.jpg]
[webdesign-finder.com/html/dotcreative/blog-3.html]
[webdesign-finder.com/html/dotcreative/blog-4.html]
[webdesign-finder.com/html/dotcreative/blog-list.html]
[webdesign-finder.com/html/dotcreative/blog-masonry.html]
[webdesign-finder.com/html/dotcreative/images/admin_icon.png]
[webdesign-finder.com/html/dotcreative/post1.html]
[webdesign-finder.com/html/dotcreative/images/author-bio.jpg]
[webdesign-finder.com/html/dotcreative/post2.html]
[webdesign-finder.com/html/dotcreative/post3.html]
[webdesign-finder.com/html/dotcreative/images/related-1.jpg]
[webdesign-finder.com/html/dotcreative/images/related-2.jpg]
[webdesign-finder.com/html/dotcreative/images/related-3.jpg]
[webdesign-finder.com/html/dotcreative/post4.html]
[webdesign-finder.com/html/dotcreative/post5.html]
[webdesign-finder.com/html/dotcreative/blog-single-video-right.html]
[webdesign-finder.com/html/dotcreative/blog-single-video-left.html]
[webdesign-finder.com/html/dotcreative/blog-single-video-full.html]
[webdesign-finder.com/html/dotcreative/contact.html]
[webdesign-finder.com/html/dotcreative/contact2.html]
[webdesign-finder.com/html/dotcreative/images/icon4.png]
[webdesign-finder.com/html/dotcreative/images/icon5.png]
[webdesign-finder.com/html/dotcreative/images/icon6.png]
[webdesign-finder.com/html/dotcreative/contact3.html]
[webdesign-finder.com/html/dotcreative/contact4.html]
[webdesign-finder.com/html/dotcreative/header1.html]
[webdesign-finder.com/html/dotcreative/header2.html]
[webdesign-finder.com/html/dotcreative/images/logo-dark.png]
[webdesign-finder.com/html/dotcreative/header3.html]
[webdesign-finder.com/html/dotcreative/blog-single-1.html]
[webdesign-finder.com/html/dotcreative/header4.html]
[webdesign-finder.com/html/dotcreative/images/flags/us.gif]
[webdesign-finder.com/html/dotcreative/images/flags/de.gif]
[webdesign-finder.com/html/dotcreative/images/flags/fr.gif]
[webdesign-finder.com/html/dotcreative/images/flags/it.gif]
[webdesign-finder.com/html/dotcreative/header5.html]
[webdesign-finder.com/html/dotcreative/header6.html]
[webdesign-finder.com/html/dotcreative/header-side.html]
[webdesign-finder.com/html/dotcreative/header-side-right.html]
[webdesign-finder.com/html/dotcreative/header-side-slide.html]
[webdesign-finder.com/html/dotcreative/header-side-slide-right.html]
[webdesign-finder.com/html/dotcreative/header-side-sticked.html]
[webdesign-finder.com/html/dotcreative/header-side-sticked-right.html]
[webdesign-finder.com/html/dotcreative/title1.html]
[webdesign-finder.com/html/dotcreative/title2.html]
[webdesign-finder.com/html/dotcreative/title3.html]
[webdesign-finder.com/html/dotcreative/title4.html]
[webdesign-finder.com/html/dotcreative/title5.html]
[webdesign-finder.com/html/dotcreative/title6.html]
[webdesign-finder.com/html/dotcreative/footer1.html]
[webdesign-finder.com/html/dotcreative/footer2.html]
[webdesign-finder.com/html/dotcreative/footer3.html]
[webdesign-finder.com/html/dotcreative/footer4.html]
[webdesign-finder.com/html/dotcreative/footer5.html]
[webdesign-finder.com/html/dotcreative/footer6.html]
[webdesign-finder.com/html/dotcreative/copyright1.html]
[webdesign-finder.com/html/dotcreative/copyright2.html]
[webdesign-finder.com/html/dotcreative/copyright3.html]
[webdesign-finder.com/html/dotcreative/copyright4.html]
[webdesign-finder.com/html/dotcreative/copyright5.html]
[webdesign-finder.com/html/dotcreative/copyright6.html]
[webdesign-finder.com/html/dotcreative/js/compressed.js]
[webdesign-finder.com/html/dotcreative/fonts/fontawesome-webfont3e6e.html]
[webdesign-finder.com/html/dotcreative/fonts/fontawesome-webfont3e6e.svg]
[webdesign-finder.com/html/dotcreative/img/photoswipe/default-skin.svg]
[webdesign-finder.com/html/dotcreative/css/shop.css]
[webdesign-finder.com/html/dotcreative/shop-account-addresses.html]
[webdesign-finder.com/html/dotcreative/shop-account-address.html]
[webdesign-finder.com/html/dotcreative/blog-right.html]
[webdesign-finder.com/html/dotcreative/services.html]
[webdesign-finder.com/html/dotcreative/blog-single-1.html]
