[www.yogifi.in/index.html]
[backblue.gif]
[fade.gif]
[index.html]
[cdn.shopify.com/s/javascripts/tricorder/trekkie.storefront.min97e4.js]
[cdn.shopify.com/shopifycloud/boomerang/boomerang-latest.min.js]
[cdn.shopify.com/s/assets/shop_events_listener-749d862ea658401b536f726857db1e41ddba2012e8c58a048b5f79d626aa0cfb.js]
[cdn.shopify.com/s/assets/storefront/features-d8fd0c45b013de9e0e87ca256ee02f465e38122925885c7de279d6838f91fa6a.js]
[cdn.shopify.com/s/files/1/0216/3726/7556/t/3/assets/theme.scss67c6.css]
[shinedezign.tk/preorder/js/preorder.js]
[cdn.shopify.com/s/files/1/0216/3726/7556/files/YogiFi_Black_Transparent_200x802d66.png]
[cdn.shopify.com/s/files/1/0216/3726/7556/files/YogiFi_White_200x806b3d.png]
[www.yogifi.in/cart.html]
[cdn.shopify.com/s/files/1/0216/3726/7556/files/Entry-Banner_{size}_crop_centerbfe2.jpg]
[www.yogifi.in/account/login.html]
[cdn.shopify.com/s/files/1/0216/3726/7556/files/Entry-Banner_2048x2048bfe2.jpg]
[www.yogifi.in/products/yogifi-series-i.html]
[cdn.shopify.com/s/files/1/0216/3726/7556/files/YogiFi_App_Screens_{size}_crop_center.e4022.delayed]
[cdn.shopify.com/s/files/1/0216/3726/7556/files/YogiFi_App_Screens_1280x7204022.jpg]
[cdn.shopify.com/s/files/1/0216/3726/7556/files/Picture1_{size}_crop_center.10c2fc.delayed]
[cdn.shopify.com/s/files/1/0216/3726/7556/files/Picture1_2000x1125c2fc.jpg]
[cdn.shopify.com/s/files/1/0216/3726/7556/files/Yogifi_web_specifications_2_704x384_20de127e-338c-472e-9998-16dbbad2c902_704x368e4d0.jpg]
[cdn.shopify.com/s/files/1/0216/3726/7556/files/Yogifi_web_specifications_2_704x384_20de127e-338c-472e-9998-16dbbad2c902_{size}e4d0.jpg]
[cdn.shopify.com/s/files/1/0216/3726/7556/files/YogiFi_Awards_Logos_1045x24452ce.png]
[cdn.shopify.com/s/files/1/0216/3726/7556/files/YogiFi_Awards_Logos_{size}.1552ce.delayed]
[cdn.shopify.com/s/files/1/0216/3726/7556/products/Mat2_1_500x1000be96.png]
[cdn.shopify.com/s/files/1/0216/3726/7556/products/Mat2_1_{size}.17be96.delayed]
[www.yogifi.in/products/yogifi-one-mat.18.delayed]
[cdn.shopify.com/s/files/1/0216/3726/7556/files/How_YogiFi_can_help_you_1_1400x5355bc1.jpg]
[cdn.shopify.com/s/files/1/0216/3726/7556/files/How_YogiFi_can_help_you_1_{size}.1a5bc1.delayed]
[cdn.shopify.com/s/files/1/0216/3726/7556/files/Yogifi_512x704_4834e632-e85a-44d1-909d-0f140f816f30_481x700cd83.jpg]
[cdn.shopify.com/s/files/1/0216/3726/7556/t/3/assets/jquery-1.10.2.min67c6.js]
[cdn.shopify.com/s/assets/themes_support/api.jquery-e94e010e92e659b566dbc436fdfe5242764380e00398907a14955ba301a4749f.js]
[cdn.shopify.com/s/files/1/0216/3726/7556/t/3/assets/modernizr-2.7.1.min67c6.js]
[unpkg.com/ionicons@4.2.4/dist/ionicons.js]
[www.yogifi.in/index.html]
[cdn.shopify.com/s/files/1/0216/3726/7556/t/3/assets/plugins67c6.js]
[cdn.shopify.com/s/files/1/0216/3726/7556/t/3/assets/socicon.236c83.delayed]
[cdn.shopify.com/s/files/1/0216/3726/7556/t/3/assets/socicon5aa7.eot]
[cdn.shopify.com/s/files/1/0216/3726/7556/t/3/assets/socicon6c83.woff]
[cdn.shopify.com/s/files/1/0216/3726/7556/t/3/assets/socicon6c83.ttf]
[cdn.shopify.com/s/files/1/0216/3726/7556/t/3/assets/socicon6c83.svg#socicon]
[cdn.shopify.com/s/files/1/0216/3726/7556/t/3/assets/site67c6.js]
[cdn.shopify.com/s/files/1/0216/3726/7556/t/3/assets/launch-iconsf57d.eot]
[cdn.shopify.com/s/files/1/0216/3726/7556/t/3/assets/launch-icons2da9.eot]
[cdn.shopify.com/s/files/1/0216/3726/7556/t/3/assets/launch-iconsf57d.woff]
[cdn.shopify.com/s/files/1/0216/3726/7556/t/3/assets/theme.scss67c6.css]
[cdn.shopify.com/s/files/1/0216/3726/7556/t/3/assets/launch-icons534b.svg]
[cdn.shopify.com/s/files/1/0216/3726/7556/t/3/assets/launch-iconsf57d.ttf]
[www.yogifi.in/collections/all.html]
[cdn.shopify.com/s/files/1/0216/3726/7556/t/3/assets/jquery.tmpl.min67c6.js]
[cdn.shopify.com/s/assets/themes_support/shopify_common-8ea6ac3faf357236a97f5de749df4da6e8436ca107bc3a4ee805cbf08bc47392.js]
[www.yogifi.in/cart.html]
[cdn.shopify.com/s/files/1/0216/3726/7556/t/3/assets/jquery.cart.min67c6.js]
[cdn.shopify.com/s/assets/themes_support/customer_area-4beccea87758d91106a581ba89341d9b51842f6da79209258c8297239e950343.js]
[www.yogifi.in/account/login.html]
[cdn.shopify.com/s/files/1/0216/3726/7556/files/Entry-Banner_{size}_crop_centerbfe2.html]
[www.yogifi.in/account/register.html]
[www.yogifi.in/products/yogifi-series-i.oembed]
[www.yogifi.in/services/countries.js]
[www.yogifi.in/collections.html]
[cdn.shopify.com/s/files/1/0216/3726/7556/products/Mat2_1_300x600be96.png]
[www.yogifi.in/collections/frontpage.html]
[cdn.shopify.com/s/files/1/0216/3726/7556/products/Mat2_1_100x100be96.png]
[cdn.shopify.com/s/files/1/0216/3726/7556/products/Mat2_1_600x600be96.png]
[cdn.shopify.com/s/files/1/0216/3726/7556/products/Mat2_1_2048x2048be96.png]
[cdn.shopify.com/s/files/1/0216/3726/7556/products/Mat3_1_100x100be96.png]
[cdn.shopify.com/s/files/1/0216/3726/7556/products/Mat3_1_600x600be96.png]
[cdn.shopify.com/s/files/1/0216/3726/7556/products/Mat3_1_2048x2048be96.png]
[cdn.shopify.com/s/files/1/0216/3726/7556/products/1_1_100x1003af8.jpg]
[cdn.shopify.com/s/files/1/0216/3726/7556/products/1_1_600x6003af8.jpg]
[cdn.shopify.com/s/files/1/0216/3726/7556/products/1_1_2048x20483af8.jpg]
[cdn.shopify.com/s/files/1/0216/3726/7556/products/Buy_YogiFi_mat_1_100x1003884.jpg]
[cdn.shopify.com/s/files/1/0216/3726/7556/products/Buy_YogiFi_mat_1_600x6003884.jpg]
[cdn.shopify.com/s/files/1/0216/3726/7556/products/Buy_YogiFi_mat_1_2048x20483884.jpg]
[www.yogifi.in/products/yogifi-series-i.html]
[cdn.shopify.com/s/files/1/0216/3726/7556/files/YogiFi_App_Screens_{size}_crop_center4022.html]
[cdn.shopify.com/s/files/1/0216/3726/7556/files/Picture1_{size}_crop_centerc2fc.html]
[cdn.shopify.com/s/files/1/0216/3726/7556/files/Yogifi_web_specifications_2_704x384_20de127e-338c-472e-9998-16dbbad2c902_{size}e4d0.html]
[cdn.shopify.com/s/files/1/0216/3726/7556/files/YogiFi_Awards_Logos_{size}52ce.html]
[cdn.shopify.com/s/files/1/0216/3726/7556/products/Mat2_1_{size}be96.html]
[www.yogifi.in/products/yogifi-one-mat.html]
[cdn.shopify.com/s/files/1/0216/3726/7556/files/How_YogiFi_can_help_you_1_{size}5bc1.html]
[cdn.shopify.com/s/files/1/0216/3726/7556/t/3/assets/socicon6c83.html]
[cdn.shopify.com/s/files/1/0216/3726/7556/t/3/assets/socicon5aa7.html]
[cdn.shopify.com/s/files/1/0216/3726/7556/t/3/assets/socicon6c83-2.html]
[cdn.shopify.com/s/files/1/0216/3726/7556/t/3/assets/socicon6c83-3.html]
[cdn.shopify.com/s/files/1/0216/3726/7556/t/3/assets/socicon6c83-4.html]
[cdn.shopify.com/s/files/1/0216/3726/7556/t/3/assets/launch-icons534b.svg]
[www.yogifi.in/collections/all.atom]
[www.yogifi.in/collections/all/products/yogifi-series-i.48.delayed]
[cdn.shopify.com/s/files/1/0216/3726/7556/products/Mat2_1_500x600be96.png]
[www.yogifi.in/collections/all.html]
[www.yogifi.in/account/register.html]
[www.yogifi.in/collections.html]
[www.yogifi.in/collections/frontpage.atom]
[www.yogifi.in/collections/frontpage.oembed]
[www.yogifi.in/collections/frontpage.html]
[www.yogifi.in/collections/frontpage/products/yogifi-series-i.html]
[pinterest.com/pin/create/button/indexf01f.html]
[www.yogifi.in/collections/frontpage/products/yogifi-series-i.html]
[pinterest.com/pin/create/button/index7fec.html]
