[www.prakamyaindia.com/index.html]
[backblue.gif]
[fade.gif]
[index.html]
[www.prakamyaindia.com/js/jquery.js]
[www.prakamyaindia.com/images/favicon.png]
[www.prakamyaindia.com/images/logo.png]
[www.prakamyaindia.com/index-2.html]
[www.prakamyaindia.com/about.html]
[www.prakamyaindia.com/productmodels-small.html]
[www.prakamyaindia.com/productmodels-medium.html]
[www.prakamyaindia.com/productmodels-large.html]
[www.prakamyaindia.com/process.html]
[www.prakamyaindia.com/contact.html]
[www.prakamyaindia.com/images/main-slider/image-1.jpg]
[www.prakamyaindia.com/images/main-slider/image-2.jpg]
[www.prakamyaindia.com/images/main-slider/image-3.jpg]
[www.prakamyaindia.com/images/main-slider/image-4.jpg]
[www.prakamyaindia.com/images/main-slider/image-5.jpg]
[www.prakamyaindia.com/images/resource/p1.jpg]
[www.prakamyaindia.com/images/resource/p2.jpg]
[www.prakamyaindia.com/images/resource/p3.jpg]
[www.prakamyaindia.com/images/resource/p4.jpg]
[www.prakamyaindia.com/images/resource/p5.jpg]
[www.prakamyaindia.com/images/resource/about-1.jpg]
[www.prakamyaindia.com/images/resource/about-2.jpg]
[www.prakamyaindia.com/images/resource/about-3.jpg]
[www.prakamyaindia.com/images/bacteria.png]
[www.prakamyaindia.com/images/eco.png]
[www.prakamyaindia.com/images/safe.png]
[www.prakamyaindia.com/images/tap.png]
[www.prakamyaindia.com/images/robust.png]
[www.prakamyaindia.com/images/power.png]
[www.prakamyaindia.com/plugins/revolution/js/jquery.themepunch.revolution.min.js]
[www.prakamyaindia.com/plugins/revolution/js/jquery.themepunch.tools.min.js]
[www.prakamyaindia.com/plugins/revolution/js/extensions/revolution.extension.actions.min.js]
[www.prakamyaindia.com/plugins/revolution/js/extensions/revolution.extension.carousel.min.js]
[www.prakamyaindia.com/plugins/revolution/js/extensions/revolution.extension.kenburn.min.js]
[www.prakamyaindia.com/plugins/revolution/js/extensions/revolution.extension.layeranimation.min.js]
[www.prakamyaindia.com/plugins/revolution/js/extensions/revolution.extension.migration.min.js]
[www.prakamyaindia.com/plugins/revolution/js/extensions/revolution.extension.navigation.min.js]
[www.prakamyaindia.com/plugins/revolution/js/extensions/revolution.extension.parallax.min.js]
[www.prakamyaindia.com/plugins/revolution/js/extensions/revolution.extension.slideanims.min.js]
[www.prakamyaindia.com/plugins/revolution/js/extensions/revolution.extension.video.min.js]
[www.prakamyaindia.com/js/main-slider-script.js]
[www.prakamyaindia.com/js/bootstrap.min.js]
[www.prakamyaindia.com/js/jquery.mCustomScrollbar.concat.min.js]
[www.prakamyaindia.com/js/jquery.fancybox.js]
[www.prakamyaindia.com/js/owl.js]
[www.prakamyaindia.com/js/wow.js]
[www.prakamyaindia.com/js/isotope.js]
[www.prakamyaindia.com/js/script.js]
[www.prakamyaindia.com/js/color-settings.js]
[www.positivessl.com/images/seals/positivessl_trust_seal_lg_222x54.png]
[www.prakamyaindia.com/index.html]
[prakamyaindia.com/logo.html]
[www.prakamyaindia.com/fonts/glyphicons-halflings-regular.eot]
[www.prakamyaindia.com/fonts/glyphicons-halflings-regulard41dd41d.eot]
[www.prakamyaindia.com/fonts/glyphicons-halflings-regular.woff2]
[www.prakamyaindia.com/fonts/glyphicons-halflings-regular.woff]
[www.prakamyaindia.com/fonts/glyphicons-halflings-regular.ttf]
[www.prakamyaindia.com/css/bootstrap.css]
[www.prakamyaindia.com/plugins/revolution/fonts/revicons/revicons90c690c6.eot]
[www.prakamyaindia.com/plugins/revolution/fonts/revicons/revicons90c690c6.woff]
[www.prakamyaindia.com/plugins/revolution/fonts/revicons/revicons90c690c6.ttf]
[www.prakamyaindia.com/plugins/revolution/css/openhand.html]
[www.prakamyaindia.com/plugins/revolution/css/closedhand.html]
[www.prakamyaindia.com/plugins/revolution/assets/gridtile.png]
[www.prakamyaindia.com/plugins/revolution/assets/gridtile_white.png]
[www.prakamyaindia.com/plugins/revolution/assets/gridtile_3x3.png]
[www.prakamyaindia.com/plugins/revolution/assets/gridtile_3x3_white.png]
[www.prakamyaindia.com/plugins/revolution/assets/coloredbg.png]
[www.prakamyaindia.com/plugins/revolution/assets/loader.gif]
[www.prakamyaindia.com/plugins/revolution/css/settings.css]
[www.prakamyaindia.com/plugins/revolution/css/layers.css]
[www.prakamyaindia.com/plugins/revolution/css/navigation.css]
[www.prakamyaindia.com/images/background/bg-pattern.png]
[www.prakamyaindia.com/images/icons/icon-select.png]
[www.prakamyaindia.com/css/style.css]
[www.prakamyaindia.com/css/responsive.css]
[www.prakamyaindia.com/images/icons/tick.png]
[www.prakamyaindia.com/css/color-switcher-design.css]
[www.prakamyaindia.com/css/color-themes/default-theme.css]
[www.prakamyaindia.com/index-2.html]
[www.prakamyaindia.com/images/resource/image-4.png]
[www.prakamyaindia.com/images/resource/social1.png]
[www.prakamyaindia.com/js/appear.js]
[www.prakamyaindia.com/about.html]
[www.prakamyaindia.com/images/resource/product1.png]
[www.prakamyaindia.com/productmodels-small.html]
[www.prakamyaindia.com/images/resource/product2.png]
[www.prakamyaindia.com/productmodels-medium.html]
[www.prakamyaindia.com/images/resource/product3.png]
[www.prakamyaindia.com/productmodels-large.html]
[www.prakamyaindia.com/images/process.jpg]
[www.prakamyaindia.com/js/map-script.js]
[www.prakamyaindia.com/process.html]
[www.prakamyaindia.com/js/validate.js]
[www.prakamyaindia.com/contact.html]
[www.prakamyaindia.com/fonts/glyphicons-halflings-regular.svg]
[www.prakamyaindia.com/plugins/revolution/fonts/revicons/revicons90c690c6.svg]
[www.prakamyaindia.com/plugins/revolution/css/openhand.html]
[www.prakamyaindia.com/plugins/revolution/css/closedhand.html]
[www.prakamyaindia.com/fonts/fontawesome-webfonte0a5e0a5.eot]
[www.prakamyaindia.com/fonts/fontawesome-webfontd41dd41d.eot]
[www.prakamyaindia.com/fonts/fontawesome-webfonte0a5e0a5.woff2]
[www.prakamyaindia.com/fonts/fontawesome-webfonte0a5e0a5.woff]
[www.prakamyaindia.com/fonts/fontawesome-webfonte0a5e0a5.ttf]
[www.prakamyaindia.com/css/font-awesome.css]
[www.prakamyaindia.com/fonts/flaticond41dd41d.eot]
[www.prakamyaindia.com/css/flaticon.css]
[www.prakamyaindia.com/css/animate.css]
[www.prakamyaindia.com/css/hover.css]
[www.prakamyaindia.com/css/owl.video.play.html]
[www.prakamyaindia.com/css/owl.css]
[www.prakamyaindia.com/css/images/ui-icons_444444_256x240.png]
[www.prakamyaindia.com/css/jquery-ui.css]
[www.prakamyaindia.com/css/monthly.css]
[www.prakamyaindia.com/css/jquery.timepicker.css]
[www.prakamyaindia.com/css/jquery.fancybox.min.css]
[www.prakamyaindia.com/css/mCSB_buttons.html]
[www.prakamyaindia.com/css/jquery.mCustomScrollbar.min.css]
[www.prakamyaindia.com/images/icons/preloader.svg]
[www.prakamyaindia.com/fonts/fontawesome-webfonte0a5e0a5.svg]
[www.prakamyaindia.com/fonts/flaticon-2.html]
[www.prakamyaindia.com/fonts/flaticon-3.html]
[www.prakamyaindia.com/fonts/flaticon-4.html]
[www.prakamyaindia.com/css/owl.video.play.html]
[www.prakamyaindia.com/css/images/ui-icons_777620_256x240.html]
[www.prakamyaindia.com/css/images/ui-icons_cc0000_256x240.html]
[www.prakamyaindia.com/css/images/ui-icons_777777_256x240.html]
[www.prakamyaindia.com/css/mCSB_buttons.html]
[www.prakamyaindia.com/fonts/fontawesome-webfonte0a5e0a5.ttf]
[www.prakamyaindia.com/fonts/flaticon.html]
