[www.yogifi.io/index.html]
[www.yogifi.io/images/favicon.ico]
[backblue.gif]
[fade.gif]
[index.html]
[www.yogifi.io/index-2.html]
[www.yogifi.io/images/logo.png]
[www.yogifi.io/practitioners.html]
[www.yogifi.io/trainers.html]
[www.yogifi.io/images/Preloader_11.gif]
[www.yogifi.io/images/video_yogifi_v02.mp4]
[www.yogifi.io/images/new-images/future-of-yoga.gif]
[www.yogifi.io/images/new-images/inteligent-fitnes.png]
[www.yogifi.io/images/new-images/guides-step-by-step.png]
[www.yogifi.io/images/new-images/correct-your-posture-new.png]
[www.yogifi.io/images/new-images/strength-flexibility.jpg]
[www.yogifi.io/images/new-images/track-compare.png]
[www.yogifi.io/images/new-images/monitor-your-practice.png]
[www.yogifi.io/images/new-images/numerous-yoga.jpg]
[www.yogifi.io/images/new-images/numerous-yoga.png]
[www.yogifi.io/images/new-images/live-instructor-led.png]
[www.yogifi.io/images/new-images/invite-friends.png]
[www.yogifi.io/images/new-images/with-yogifi.png]
[www.yogifi.io/images/yoga-practitioners.jpg]
[www.yogifi.io/images/trainers.jpg]
[www.yogifi.io/images/organizations.jpg]
[www.yogifi.io/images/awards-01.png]
[www.yogifi.io/images/awards-02.png]
[www.yogifi.io/images/awards-03.png]
[www.yogifi.io/images/ft-bg.png]
[www.yogifi.io/images/logo_black.png]
[www.yogifi.io/images/google-play.png]
[www.yogifi.io/images/app-store.png]
[www.yogifi.io/images/iPhoneX_Mockup_2.png]
[www.yogifi.io/js/jquery.min.js]
[cdnjs.cloudflare.com/ajax/libs/popper.js/1.14.7/umd/popper.min.js]
[www.yogifi.io/js/bootstrap.min.js]
[www.yogifi.io/js/wow.js]
[www.yogifi.io/js/owl.carousel.js]
[www.yogifi.io/js/custom.js]
[www.yogifi.io/index.html]
[www.yogifi.io/fonts/fontawesome-webfonte0a5e0a5.eot]
[www.yogifi.io/fonts/fontawesome-webfontd41dd41d.eot]
[www.yogifi.io/fonts/fontawesome-webfonte0a5e0a5.woff2]
[www.yogifi.io/fonts/fontawesome-webfonte0a5e0a5.woff]
[www.yogifi.io/fonts/fontawesome-webfonte0a5e0a5.ttf]
[www.yogifi.io/css/font-awesome.min.css]
[www.yogifi.io/css/owl.carousel.min.css]
[www.yogifi.io/css/owl.theme.default.min.css]
[www.yogifi.io/css/animate.css]
[www.yogifi.io/css/bootstrap.min.css]
[www.yogifi.io/css/style.css]
[www.yogifi.io/index-2.html]
[www.yogifi.io/images/yoga-practitioners-bnr.jpg]
[www.yogifi.io/images/yoga-your-way.png]
[www.yogifi.io/images/with-yogifi.png]
[www.yogifi.io/images/flexibility.png]
[www.yogifi.io/images/simple-to-get.png]
[www.yogifi.io/practitioners.html]
[code.jquery.com/jquery-3.3.1.slim.min.js]
[www.yogifi.io/images/trainers-bnr.jpg]
[www.yogifi.io/images/increase-impact.png]
[www.yogifi.io/images/your-student.png]
[www.yogifi.io/images/join-the-yogifi.png]
[www.yogifi.io/images/phone-mockup_03.png]
[www.yogifi.io/trainers.html]
[www.yogifi.io/images/shopping-cart.svg]
[www.yogifi.io/yoga-practitioners.html]
[www.yogifi.io/fonts/fontawesome-webfonte0a5e0a5.svg]
[www.yogifi.io/css/owl.video.play.html]
[www.yogifi.io/images/new-images/water-markbg.svg]
[www.yogifi.io/images/navbtn.svg]
[www.yogifi.io/images/search.html]
[www.yogifi.io/images/cancel.html]
[d3k5xyayaartr5.cloudfront.net/_assets/home-video/beach-waves-loop.jpg]
