[ganeshbhel.com/index.html]
[backblue.gif]
[fade.gif]
[index.html]
[ganeshbhel.com/wp-content/uploads/2018/07/frame-icon-01.png]
[maxcdn.bootstrapcdn.com/font-awesome/4.7.0/css/font-awesome.min.css]
[ganeshbhel.com/comments/feed/index.html]
[ganeshbhel.com/feed/index.html]
[ganeshbhel.com/home/feed/index.html]
[ganeshbhel.com/xmlrpc0db0.php]
[ganeshbhel.com/wp-json/index.html]
[ganeshbhel.com/wp-includes/wlwmanifest.xml]
[ganeshbhel.com/wp-json/oembed/1.0/embed3f14.json]
[ganeshbhel.com/wp-json/oembed/1.0/embed3484]
[www.google-analytics.com/analytics.js]
[ganeshbhel.com/wp-content/themes/bridge/img/logo.png]
[ganeshbhel.com/wp-content/uploads/2018/06/logo-1.png]
[ganeshbhel.com/wp-content/uploads/2018/06/4-4.jpg]
[ganeshbhel.com/about/index.html]
[ganeshbhel.com/wp-content/uploads/2018/06/1-5.jpg]
[ganeshbhel.com/product/index.html]
[ganeshbhel.com/catering-service-provider-in-pune/index.html]
[ganeshbhel.com/wp-content/uploads/2018/07/BANNER-3.jpg]
[ganeshbhel.com/stores/index.html]
[ganeshbhel.com/wp-content/uploads/2018/06/2-8.jpg]
[ganeshbhel.com/wp-content/uploads/2018/08/4.jpg]
[ganeshbhel.com/blog/index.html]
[ganeshbhel.com/contact/index.html]
[ganeshbhel.com/wp-content/uploads/2018/08/2.jpg]
[ganeshbhel.com/wp-content/uploads/2018/08/3.jpg]
[ganeshbhel.com/wp-content/uploads/2018/08/1-252x165.jpg]
[ganeshbhel.com/wp-content/uploads/2018/08/6.jpg]
[ganeshbhel.com/wp-content/uploads/2018/08/5.jpg]
[ganeshbhel.com/wp-content/uploads/2018/08/AWARD-1-1.jpg]
[ganeshbhel.com/wp-content/uploads/2018/08/AWARD-2-1.jpg]
[ganeshbhel.com/wp-content/uploads/2018/06/press-2-1.jpg]
[ganeshbhel.com/wp-content/uploads/2018/07/8.jpg]
[ganeshbhel.com/wp-content/uploads/2018/07/1-4.jpg]
[ganeshbhel.com/wp-content/uploads/2018/07/2-5.jpg]
[ganeshbhel.com/wp-content/uploads/2018/07/3-3.jpg]
[ganeshbhel.com/wp-content/uploads/2018/07/4-3.jpg]
[ganeshbhel.com/wp-content/uploads/2018/07/7.jpg]
[ganeshbhel.com/wp-content/uploads/2018/07/6-2.jpg]
[ganeshbhel.com/wp-content/uploads/2018/07/5-2.jpg]
[ganeshbhel.com/wp-content/uploads/2018/08/ganesh-bhel-rain-creative-01.jpg]
[ganeshbhel.com/wp-content/uploads/2018/07/ganpati-image-2.jpg]
[ganeshbhel.com/wp-content/uploads/2018/07/ganpati-image-1.jpg]
[ganeshbhel.com/index.html]
[ganeshbhel.com/xmlrpc.php]
[maxcdn.bootstrapcdn.com/font-awesome/4.7.0/css/font-awesome.min.css]
[ganeshbhel.com/wp-content/plugins/LayerSlider/static/layerslider/css/layerslider9704.css]
[ganeshbhel.com/wp-content/plugins/contact-form-7/images/ajax-loader.gif]
[ganeshbhel.com/wp-content/plugins/contact-form-7/includes/css/stylesaead.css]
[ganeshbhel.com/wp-content/plugins/cf7-conditional-fields/stylec412.css]
[ganeshbhel.com/wp-content/plugins/image-zoom-in-out/image-zoom-inout433d.css]
[ganeshbhel.com/wp-content/plugins/mega-addons-for-visual-composer/fonts/glyphicons-halflings-regular.90.delayed]
[ganeshbhel.com/wp-content/plugins/mega-addons-for-visual-composer/fonts/glyphicons-halflings-regulard41d.eot]
[ganeshbhel.com/wp-content/plugins/mega-addons-for-visual-composer/fonts/glyphicons-halflings-regular.woff2]
[ganeshbhel.com/wp-content/plugins/mega-addons-for-visual-composer/fonts/glyphicons-halflings-regular.woff]
[ganeshbhel.com/wp-content/plugins/mega-addons-for-visual-composer/fonts/glyphicons-halflings-regular.ttf]
[ganeshbhel.com/wp-content/plugins/mega-addons-for-visual-composer/fonts/glyphicons-halflings-regular.svg]
[ganeshbhel.com/wp-content/plugins/mega-addons-for-visual-composer/images/bg_header.jpg]
[ganeshbhel.com/wp-content/plugins/mega-addons-for-visual-composer/css/ihover433d.css]
[ganeshbhel.com/wp-content/plugins/mega-addons-for-visual-composer/css/style433d.css]
[ganeshbhel.com/wp-content/plugins/mega-addons-for-visual-composer/css/font-awesome/fonts/fontawesome-webfont3e6e.eot]
[ganeshbhel.com/wp-content/plugins/mega-addons-for-visual-composer/css/font-awesome/fonts/fontawesome-webfontd41d.eot]
[ganeshbhel.com/wp-content/plugins/mega-addons-for-visual-composer/css/font-awesome/fonts/fontawesome-webfont3e6e.woff2]
[ganeshbhel.com/wp-content/plugins/mega-addons-for-visual-composer/css/font-awesome/fonts/fontawesome-webfont3e6e.woff]
[ganeshbhel.com/wp-content/plugins/mega-addons-for-visual-composer/css/font-awesome/fonts/fontawesome-webfont3e6e.ttf]
[ganeshbhel.com/wp-content/plugins/mega-addons-for-visual-composer/css/font-awesome/css/font-awesome433d.css]
[ganeshbhel.com/wp-content/plugins/revslider/public/assets/fonts/revicons/revicons90c6.eot]
[ganeshbhel.com/wp-content/plugins/revslider/public/assets/fonts/revicons/revicons90c6.woff]
[ganeshbhel.com/wp-content/plugins/revslider/public/assets/fonts/revicons/revicons90c6.ttf]
[ganeshbhel.com/wp-content/plugins/revslider/public/assets/assets/gridtile.png]
[ganeshbhel.com/wp-content/plugins/revslider/public/assets/assets/gridtile_white.png]
[ganeshbhel.com/wp-content/plugins/revslider/public/assets/assets/gridtile_3x3.png]
[ganeshbhel.com/wp-content/plugins/revslider/public/assets/assets/gridtile_3x3_white.png]
[ganeshbhel.com/wp-content/plugins/revslider/public/assets/assets/coloredbg.png]
[ganeshbhel.com/wp-content/plugins/revslider/public/assets/assets/loader.gif]
[ganeshbhel.com/wp-content/plugins/revslider/public/assets/css/settings8c43.css]
[ganeshbhel.com/wp-content/themes/bridge/style433d.css]
[ganeshbhel.com/wp-content/themes/bridge/css/font-awesome/fonts/fontawesome-webfont3e6e.eot]
[ganeshbhel.com/wp-content/themes/bridge/css/font-awesome/fonts/fontawesome-webfontd41d.eot]
[ganeshbhel.com/wp-content/themes/bridge/css/font-awesome/fonts/fontawesome-webfont3e6e.woff2]
[ganeshbhel.com/wp-content/themes/bridge/css/font-awesome/fonts/fontawesome-webfont3e6e.woff]
[ganeshbhel.com/wp-content/themes/bridge/css/font-awesome/fonts/fontawesome-webfont3e6e.ttf]
[ganeshbhel.com/wp-content/themes/bridge/css/font-awesome/css/font-awesome.min433d.css]
[ganeshbhel.com/wp-content/themes/bridge/css/elegant-icons/fonts/ElegantIcons.eot]
[ganeshbhel.com/wp-content/themes/bridge/css/elegant-icons/fonts/ElegantIcons.woff]
[ganeshbhel.com/wp-content/themes/bridge/css/elegant-icons/fonts/ElegantIconsd41d.eot]
[ganeshbhel.com/wp-content/themes/bridge/css/elegant-icons/fonts/ElegantIcons.ttf]
[ganeshbhel.com/wp-content/themes/bridge/css/elegant-icons/style.min433d.css]
[ganeshbhel.com/wp-content/themes/bridge/css/linea-icons/arrows/fonts/linea-arrows-10.eot]
[ganeshbhel.com/wp-content/themes/bridge/css/linea-icons/arrows/fonts/linea-arrows-10d41d.eot]
[ganeshbhel.com/wp-content/themes/bridge/css/linea-icons/arrows/fonts/linea-arrows-10.woff]
[ganeshbhel.com/wp-content/themes/bridge/css/linea-icons/arrows/fonts/linea-arrows-10.ttf]
[ganeshbhel.com/wp-content/themes/bridge/css/linea-icons/basic/fonts/linea-basic-10.eot]
[ganeshbhel.com/wp-content/themes/bridge/css/linea-icons/basic/fonts/linea-basic-10.woff]
[ganeshbhel.com/wp-content/themes/bridge/css/linea-icons/basic/fonts/linea-basic-10d41d.eot]
[ganeshbhel.com/wp-content/themes/bridge/css/linea-icons/basic/fonts/linea-basic-10.ttf]
[ganeshbhel.com/wp-content/themes/bridge/css/linea-icons/basic-elaboration/fonts/linea-basic-elaboration-10.eot]
[ganeshbhel.com/wp-content/themes/bridge/css/linea-icons/basic-elaboration/fonts/linea-basic-elaboration-10d41d.eot]
[ganeshbhel.com/wp-content/themes/bridge/css/linea-icons/basic-elaboration/fonts/linea-basic-elaboration-10.woff]
[ganeshbhel.com/wp-content/themes/bridge/css/linea-icons/basic-elaboration/fonts/linea-basic-elaboration-10.ttf]
[ganeshbhel.com/wp-content/themes/bridge/css/linea-icons/ecommerce/fonts/linea-ecommerce-10.eot]
[ganeshbhel.com/wp-content/themes/bridge/css/linea-icons/ecommerce/fonts/linea-ecommerce-10.woff]
[ganeshbhel.com/wp-content/themes/bridge/css/linea-icons/ecommerce/fonts/linea-ecommerce-10d41d.eot]
[ganeshbhel.com/wp-content/themes/bridge/css/linea-icons/ecommerce/fonts/linea-ecommerce-10.ttf]
[ganeshbhel.com/wp-content/themes/bridge/css/linea-icons/music/fonts/linea-music-10.eot]
[ganeshbhel.com/wp-content/themes/bridge/css/linea-icons/music/fonts/linea-music-10.woff]
[ganeshbhel.com/wp-content/themes/bridge/css/linea-icons/music/fonts/linea-music-10d41d.eot]
[ganeshbhel.com/wp-content/themes/bridge/css/linea-icons/music/fonts/linea-music-10.ttf]
[ganeshbhel.com/wp-content/themes/bridge/css/linea-icons/software/fonts/linea-software-10.eot]
[ganeshbhel.com/wp-content/themes/bridge/css/linea-icons/software/fonts/linea-software-10.woff]
[ganeshbhel.com/wp-content/themes/bridge/css/linea-icons/software/fonts/linea-software-10d41d.eot]
[ganeshbhel.com/wp-content/themes/bridge/css/linea-icons/software/fonts/linea-software-10.ttf]
[ganeshbhel.com/wp-content/themes/bridge/css/linea-icons/weather/fonts/linea-weather-10.eot]
[ganeshbhel.com/wp-content/themes/bridge/css/linea-icons/weather/fonts/linea-weather-10.woff]
[ganeshbhel.com/wp-content/themes/bridge/css/linea-icons/weather/fonts/linea-weather-10d41d.eot]
[ganeshbhel.com/wp-content/themes/bridge/css/linea-icons/weather/fonts/linea-weather-10.ttf]
[ganeshbhel.com/wp-content/themes/bridge/css/linea-icons/style433d.css]
[ganeshbhel.com/wp-content/themes/bridge/css/dripicons/fonts/dripicons-v2.eot]
[ganeshbhel.com/wp-content/themes/bridge/css/dripicons/fonts/dripicons-v2.woff]
[ganeshbhel.com/wp-content/themes/bridge/css/dripicons/fonts/dripicons-v2.ttf]
[ganeshbhel.com/wp-content/themes/bridge/css/dripicons/fonts/dripicons-v2d41d.eot]
[ganeshbhel.com/wp-content/themes/bridge/css/dripicons/dripicons433d.css]
[ganeshbhel.com/wp-content/themes/bridge/css/img/pixel-video.png]
[ganeshbhel.com/wp-content/themes/bridge/css/img/box_image_shadow.png]
[ganeshbhel.com/wp-content/themes/bridge/css/img/portfolio_list_button.png]
[ganeshbhel.com/wp-content/themes/bridge/css/img/portfolio_list_button_hover.png]
[ganeshbhel.com/wp-content/themes/bridge/css/img/portfolio_list_button@1_5x.png]
[ganeshbhel.com/wp-content/themes/bridge/css/img/portfolio_list_button_hover@1_5x.png]
[ganeshbhel.com/wp-content/themes/bridge/css/img/portfolio_list_button@2x.png]
[ganeshbhel.com/wp-content/themes/bridge/css/img/portfolio_list_button_hover@2x.png]
[ganeshbhel.com/wp-content/themes/bridge/css/img/button-bg-px.png]
[ganeshbhel.com/wp-content/themes/bridge/css/img/cursor_plus.png]
[ganeshbhel.com/wp-content/themes/bridge/css/img/plus.png]
[ganeshbhel.com/wp-content/themes/bridge/css/img/minus.png]
[ganeshbhel.com/wp-content/themes/bridge/css/img/plus@1_5x.png]
[ganeshbhel.com/wp-content/themes/bridge/css/img/minus@1_5x.png]
[ganeshbhel.com/wp-content/themes/bridge/css/img/plus@2x.png]
[ganeshbhel.com/wp-content/themes/bridge/css/img/minus@2x.png]
[ganeshbhel.com/wp-content/themes/bridge/css/img/close_side_menu.png]
[ganeshbhel.com/wp-content/themes/bridge/css/img/close_side_menu@2x.png]
[ganeshbhel.com/wp-content/themes/bridge/css/img/close_side_menu_dark.png]
[ganeshbhel.com/wp-content/themes/bridge/css/img/close_side_menu_dark@2x.png]
[ganeshbhel.com/wp-content/themes/bridge/css/img/prettyPhoto/sprite.png]
[ganeshbhel.com/wp-content/themes/bridge/css/img/prettyPhoto/sprite_x.png]
[ganeshbhel.com/wp-content/themes/bridge/css/img/prettyPhoto/sprite_y.png]
[ganeshbhel.com/wp-content/themes/bridge/css/img/prettyPhoto/sprite_next.png]
[ganeshbhel.com/wp-content/themes/bridge/css/img/prettyPhoto/sprite_prev.png]
[ganeshbhel.com/wp-content/themes/bridge/css/img/prettyPhoto/default_thumb.png]
[ganeshbhel.com/wp-content/themes/bridge/css/img/prettyPhoto/loader.gif]
[ganeshbhel.com/wp-content/themes/bridge/images/prettyPhoto/facebook/default_thumbnail.gif]
[ganeshbhel.com/wp-content/themes/bridge/css/img/audio/controls.png]
[ganeshbhel.com/wp-content/themes/bridge/css/img/audio/play.png]
[ganeshbhel.com/wp-content/themes/bridge/css/img/audio/pause.png]
[ganeshbhel.com/wp-content/themes/bridge/css/img/audio/stop.png]
[ganeshbhel.com/wp-content/themes/bridge/css/img/audio/sound.png]
[ganeshbhel.com/wp-content/themes/bridge/css/img/audio/mute.png]
[ganeshbhel.com/wp-content/themes/bridge/css/img/wc_select_arrow.png]
[ganeshbhel.com/wp-content/themes/bridge/css/img/wc_select_arrow_footer.png]
[ganeshbhel.com/wp-content/themes/bridge/css/img/frame_arrow_right.png]
[ganeshbhel.com/wp-content/themes/bridge/css/img/frame_arrow_right_hover.png]
[ganeshbhel.com/wp-content/themes/bridge/css/img/frame_arrow_left.png]
[ganeshbhel.com/wp-content/themes/bridge/css/img/frame_arrow_left_hover.png]
[ganeshbhel.com/wp-content/themes/bridge/css/img/frame_arrow_left@1_5x.png]
[ganeshbhel.com/wp-content/themes/bridge/css/img/frame_arrow_left_hover@1_5x.png]
[ganeshbhel.com/wp-content/themes/bridge/css/img/frame_arrow_right@1_5x.png]
[ganeshbhel.com/wp-content/themes/bridge/css/img/frame_arrow_right_hover@1_5x.png]
[ganeshbhel.com/wp-content/themes/bridge/css/img/frame_arrow_left@2x.png]
[ganeshbhel.com/wp-content/themes/bridge/css/img/frame_arrow_left_hover@2x.png]
[ganeshbhel.com/wp-content/themes/bridge/css/img/frame_arrow_right@2x.png]
[ganeshbhel.com/wp-content/themes/bridge/css/img/frame_arrow_right_hover@2x.png]
[ganeshbhel.com/wp-content/themes/bridge/css/img/content_menu_arrow.png]
[ganeshbhel.com/wp-content/themes/bridge/css/img/vertical_menu_cross.png]
[ganeshbhel.com/wp-content/themes/bridge/css/img/vertical_menu_minus.png]
[ganeshbhel.com/wp-content/themes/bridge/css/img/vertical_menu_cross_white.png]
[ganeshbhel.com/wp-content/themes/bridge/css/img/vertical_menu_minus_white.png]
[ganeshbhel.com/wp-content/themes/bridge/css/img/vertical_menu_cross_black.png]
[ganeshbhel.com/wp-content/themes/bridge/css/img/vertical_menu_minus_black.png]
[ganeshbhel.com/wp-content/themes/bridge/css/img/vertical_menu_cross@1_5x.png]
[ganeshbhel.com/wp-content/themes/bridge/css/img/vertical_menu_minus@1_5x.png]
[ganeshbhel.com/wp-content/themes/bridge/css/img/vertical_menu_cross_white@1_5x.png]
[ganeshbhel.com/wp-content/themes/bridge/css/img/vertical_menu_minus_white@1_5x.png]
[ganeshbhel.com/wp-content/themes/bridge/css/img/vertical_menu_cross_black@1_5x.png]
[ganeshbhel.com/wp-content/themes/bridge/css/img/vertical_menu_minus_black@1_5x.png]
[ganeshbhel.com/wp-content/themes/bridge/css/img/vertical_menu_cross@2x.png]
[ganeshbhel.com/wp-content/themes/bridge/css/img/vertical_menu_minus@2x.png]
[ganeshbhel.com/wp-content/themes/bridge/css/img/vertical_menu_cross_white@2x.png]
[ganeshbhel.com/wp-content/themes/bridge/css/img/vertical_menu_minus_white@2x.png]
[ganeshbhel.com/wp-content/themes/bridge/css/img/vertical_menu_cross_black@2x.png]
[ganeshbhel.com/wp-content/themes/bridge/css/img/vertical_menu_minus_black@2x.png]
[ganeshbhel.com/wp-content/themes/bridge/css/img/mds-phone-top.png]
[ganeshbhel.com/wp-content/themes/bridge/css/stylesheet.min433d.css]
[ganeshbhel.com/wp-content/plugins/woocommerce/assets/fonts/star.eot]
[ganeshbhel.com/wp-content/plugins/woocommerce/assets/fonts/stard41d.eot]
[ganeshbhel.com/wp-content/plugins/woocommerce/assets/fonts/star.woff]
[ganeshbhel.com/wp-content/plugins/woocommerce/assets/fonts/star.ttf]
[ganeshbhel.com/wp-content/themes/bridge/css/img/star.png]
[ganeshbhel.com/wp-content/themes/bridge/css/img/wc_delete_icon.png]
[ganeshbhel.com/wp-content/themes/bridge/css/img/header_shopping_bag.png]
[ganeshbhel.com/wp-content/themes/bridge/css/img/header_shopping_bag_black.png]
[ganeshbhel.com/wp-content/themes/bridge/css/img/header_shopping_bag_white.png]
[ganeshbhel.com/wp-content/themes/bridge/css/img/header_shopping_bag@1_5x.png]
[ganeshbhel.com/wp-content/themes/bridge/css/img/header_shopping_bag_black@1_5x.png]
[ganeshbhel.com/wp-content/themes/bridge/css/img/header_shopping_bag_white@1_5x.png]
[ganeshbhel.com/wp-content/themes/bridge/css/img/header_shopping_bag@2x.png]
[ganeshbhel.com/wp-content/themes/bridge/css/img/header_shopping_bag_black@2x.png]
[ganeshbhel.com/wp-content/themes/bridge/css/img/header_shopping_bag_white@2x.png]
[ganeshbhel.com/wp-content/themes/bridge/css/img/select2-spinner.12b.delayed]
[ganeshbhel.com/wp-content/themes/bridge/css/img/select2x2.png]
[ganeshbhel.com/wp-content/themes/bridge/css/woocommerce.min433d.css]
[ganeshbhel.com/wp-content/themes/bridge/css/woocommerce_responsive.min433d.css]
[ganeshbhel.com/wp-content/themes/bridge/css/print433d.css]
[ganeshbhel.com/wp-content/themes/bridge/css/style_dynamicf1ed.css]
[ganeshbhel.com/wp-content/themes/bridge/css/responsive.min433d.css]
[ganeshbhel.com/wp-content/themes/bridge/css/style_dynamic_responsive3a9e.css]
[ganeshbhel.com/wp-content/plugins/js_composer/assets/vc/alert.png]
[ganeshbhel.com/wp-content/plugins/js_composer/assets/vc/info.png]
[ganeshbhel.com/wp-content/plugins/js_composer/assets/vc/tick.png]
[ganeshbhel.com/wp-content/plugins/js_composer/assets/vc/exclamation.png]
[ganeshbhel.com/wp-content/plugins/js_composer/assets/images/icons/address-book.png]
[ganeshbhel.com/wp-content/plugins/js_composer/assets/images/icons/alarm-clock.png]
[ganeshbhel.com/wp-content/plugins/js_composer/assets/images/icons/anchor.png]
[ganeshbhel.com/wp-content/plugins/js_composer/assets/images/icons/application-image.png]
[ganeshbhel.com/wp-content/plugins/js_composer/assets/images/icons/arrow.png]
[ganeshbhel.com/wp-content/plugins/js_composer/assets/images/icons/asterisk.png]
[ganeshbhel.com/wp-content/plugins/js_composer/assets/images/icons/auction-hammer.png]
[ganeshbhel.com/wp-content/plugins/js_composer/assets/images/icons/balloon.png]
[ganeshbhel.com/wp-content/plugins/js_composer/assets/images/icons/balloon-buzz.png]
[ganeshbhel.com/wp-content/plugins/js_composer/assets/images/icons/balloon-facebook.png]
[ganeshbhel.com/wp-content/plugins/js_composer/assets/images/icons/balloon-twitter.png]
[ganeshbhel.com/wp-content/plugins/js_composer/assets/images/icons/battery-full.png]
[ganeshbhel.com/wp-content/plugins/js_composer/assets/images/icons/binocular.png]
[ganeshbhel.com/wp-content/plugins/js_composer/assets/images/icons/blue-document-excel.png]
[ganeshbhel.com/wp-content/plugins/js_composer/assets/images/icons/blue-document-image.png]
[ganeshbhel.com/wp-content/plugins/js_composer/assets/images/icons/blue-document-music.png]
[ganeshbhel.com/wp-content/plugins/js_composer/assets/images/icons/blue-document-office.png]
[ganeshbhel.com/wp-content/plugins/js_composer/assets/images/icons/blue-document-pdf.png]
[ganeshbhel.com/wp-content/plugins/js_composer/assets/images/icons/blue-document-powerpoint.png]
[ganeshbhel.com/wp-content/plugins/js_composer/assets/images/icons/blue-document-word.png]
[ganeshbhel.com/wp-content/plugins/js_composer/assets/images/icons/bookmark.png]
[ganeshbhel.com/wp-content/plugins/js_composer/assets/images/icons/camcorder.png]
[ganeshbhel.com/wp-content/plugins/js_composer/assets/images/icons/camera.png]
[ganeshbhel.com/wp-content/plugins/js_composer/assets/images/icons/chart.png]
[ganeshbhel.com/wp-content/plugins/js_composer/assets/images/icons/chart-pie.png]
[ganeshbhel.com/wp-content/plugins/js_composer/assets/images/icons/clock.png]
[ganeshbhel.com/wp-content/plugins/js_composer/assets/images/icons/control.png]
[ganeshbhel.com/wp-content/plugins/js_composer/assets/images/icons/fire.png]
[ganeshbhel.com/wp-content/plugins/js_composer/assets/images/icons/heart.png]
[ganeshbhel.com/wp-content/plugins/js_composer/assets/images/icons/mail.png]
[ganeshbhel.com/wp-content/plugins/js_composer/assets/images/icons/plus-shield.png]
[ganeshbhel.com/wp-content/plugins/js_composer/assets/images/icons/video.png]
[ganeshbhel.com/wp-content/plugins/js_composer/assets/fonts/vc_icons_v2/fonts/vcpb-plugin-icons01aa.ttf]
[ganeshbhel.com/wp-content/plugins/js_composer/assets/fonts/vc_icons_v2/fonts/vcpb-plugin-icons01aa.woff]
[ganeshbhel.com/wp-content/plugins/js_composer/assets/images/toggle_open.png]
[ganeshbhel.com/wp-content/plugins/js_composer/assets/images/toggle_close.png]
[ganeshbhel.com/wp-content/plugins/js_composer/assets/images/flickr.png]
[ganeshbhel.com/wp-content/plugins/js_composer/assets/fonts/vc_grid/vc_grid_v157a1.eot]
[ganeshbhel.com/wp-content/plugins/js_composer/assets/fonts/vc_grid/vc_grid_v1d41d.eot]
[ganeshbhel.com/wp-content/plugins/js_composer/assets/fonts/vc_grid/vc_grid_v157a1.woff]
[ganeshbhel.com/wp-content/plugins/js_composer/assets/fonts/vc_grid/vc_grid_v157a1.ttf]
[ganeshbhel.com/wp-content/plugins/js_composer/assets/images/spinner.gif]
[ganeshbhel.com/wp-content/plugins/js_composer/assets/vc/remove.png]
[ganeshbhel.com/wp-content/plugins/js_composer/assets/css/js_composer.min8b06.css]
[ganeshbhel.com/wp-content/themes/bridge/css/custom_css3a9e.css]
[ganeshbhel.com/wp-content/plugins/elementor/assets/lib/eicons/fonts/eicons84e3.eot]
[ganeshbhel.com/wp-content/plugins/elementor/assets/lib/eicons/fonts/eicons84e3.woff2]
[ganeshbhel.com/wp-content/plugins/elementor/assets/lib/eicons/fonts/eicons84e3.woff]
[ganeshbhel.com/wp-content/plugins/elementor/assets/lib/eicons/fonts/eicons84e3.ttf]
[ganeshbhel.com/wp-content/plugins/elementor/assets/lib/eicons/css/elementor-icons.minaf6c.css]
[ganeshbhel.com/wp-content/plugins/js_composer/assets/lib/bower/font-awesome/fonts/fontawesome-webfont3e6e.eot]
[ganeshbhel.com/wp-content/plugins/js_composer/assets/lib/bower/font-awesome/fonts/fontawesome-webfontd41d.eot]
[ganeshbhel.com/wp-content/plugins/js_composer/assets/lib/bower/font-awesome/fonts/fontawesome-webfont3e6e.woff2]
[ganeshbhel.com/wp-content/plugins/js_composer/assets/lib/bower/font-awesome/fonts/fontawesome-webfont3e6e.woff]
[ganeshbhel.com/wp-content/plugins/js_composer/assets/lib/bower/font-awesome/fonts/fontawesome-webfont3e6e.ttf]
[ganeshbhel.com/wp-content/plugins/js_composer/assets/lib/bower/font-awesome/css/font-awesome.min8b06.css]
[ganeshbhel.com/wp-content/plugins/elementor/assets/lib/animations/animations.min784e.css]
[ganeshbhel.com/wp-content/plugins/elementor/assets/css/frontend.min784e.css]
[ganeshbhel.com/wp-content/uploads/elementor/css/global2af7.css]
[ganeshbhel.com/wp-content/uploads/pum/pum-site-styles78c3.css]
[ganeshbhel.com/wp-content/plugins/LayerSlider/static/layerslider/js/greensockb3a6.js]
[ganeshbhel.com/wp-includes/js/jquery/jqueryb8ff.js]
[ganeshbhel.com/wp-includes/js/jquery/jquery-migrate.min330a.js]
[ganeshbhel.com/Version/index.html]
[ganeshbhel.com/5x/eD/index.html]
[ganeshbhel.com/nS/index.html]
[ganeshbhel.com/4v/index.html]
[ganeshbhel.com/1H/5x.1H.js]
[ganeshbhel.com/wp-content/plugins/LayerSlider/static/layerslider/js/layerslider.kreaturamedia.jquery9704.js]
[ganeshbhel.com/wp-content/plugins/LayerSlider/static/layerslider/js/layerslider.transitions9704.js]
[ganeshbhel.com/wp-includes/js/jquery/ui/core.mine899.js]
[ganeshbhel.com/wp-content/plugins/mega-addons-for-visual-composer/js/script433d.js]
[ganeshbhel.com/2K/index.html]
[ganeshbhel.com/TweenLite.js]
[ganeshbhel.com/wp-content/plugins/revslider/public/assets/js/jquery.themepunch.tools.min8c43.js]
[ganeshbhel.com/themepunch.revolution.min.js]
[ganeshbhel.com/jquery.themepunch.revolution.min.js]
[ganeshbhel.com/jquery.themepunch.revolution.js]
[ganeshbhel.com/images/transparent.png]
[ganeshbhel.com/assets/transparent.png]
[ganeshbhel.com/wp-content/plugins/revslider/public/assets/js/jquery.themepunch.revolution.min8c43.js]
[ganeshbhel.com/wp-content/plugins/woocommerce/assets/js/frontend/add-to-cart.minedb1.js]
[ganeshbhel.com/wp-content/plugins/js_composer/assets/js/vendors/woocommerce-add-to-cart8b06.js]
[ganeshbhel.com/wp-json/oembed/1.0/embed2564.json]
[ganeshbhel.com/about/feed/index.html]
[ganeshbhel.com/wp-json/oembed/1.0/embeda922]
[ganeshbhel.com/wp-content/uploads/2018/06/about-banner.jpg]
[ganeshbhel.com/wp-content/uploads/2018/07/ganesh-Murti.jpg]
[ganeshbhel.com/wp-content/uploads/2018/07/Family-Images.jpg]
[ganeshbhel.com/wp-content/uploads/2018/06/3-7.jpg]
[ganeshbhel.com/wp-content/uploads/2018/07/ISO-Cettificate-up-to-June-2019.jpg]
[ganeshbhel.com/about/index.html]
[ganeshbhel.com/wp-json/oembed/1.0/embed78cc.json]
[ganeshbhel.com/product/feed/index.html]
[ganeshbhel.com/wp-json/oembed/1.0/embed6d4c]
[ganeshbhel.com/wp-content/uploads/2018/06/product-banner.jpg]
[ganeshbhel.com/wp-content/uploads/2018/07/family-pack.jpg]
[ganeshbhel.com/wp-content/uploads/2018/08/BHEL-FAMILY-PACK.jpg]
[ganeshbhel.com/wp-content/uploads/2018/08/PANIPURI-FAMILY-PACK.jpg]
[ganeshbhel.com/wp-content/uploads/2018/07/crunchies.jpg]
[ganeshbhel.com/wp-content/uploads/2018/08/FARSAAN-PACKET.jpg]
[ganeshbhel.com/wp-content/uploads/2018/08/REGULAR-SHEV.jpg]
[ganeshbhel.com/wp-content/uploads/2018/08/MASALA-PURI.jpg]
[ganeshbhel.com/wp-content/uploads/2018/08/DRY-BHEL.jpg]
[ganeshbhel.com/wp-content/uploads/2018/07/flavours.jpg]
[ganeshbhel.com/wp-content/uploads/2018/08/PANIPURI-CHUTNEY.jpg]
[ganeshbhel.com/wp-content/uploads/2018/08/IMLEE-CHUTNEY.jpg]
[ganeshbhel.com/wp-content/uploads/2018/08/Dry-Bhel-326x170.jpg]
[ganeshbhel.com/wp-content/uploads/2018/08/6-326x170.jpg]
[ganeshbhel.com/wp-content/uploads/2018/08/panipuri-326x170.jpg]
[ganeshbhel.com/wp-content/uploads/2018/08/Masala-Puri-326x170.jpg]
[ganeshbhel.com/wp-content/uploads/2018/08/Ragada-Patis-326x170.jpg]
[ganeshbhel.com/wp-content/uploads/2018/08/SPDP-3-326x170.jpg]
[ganeshbhel.com/wp-content/uploads/2018/08/Veg-Cheese-Grill-Sandwich-326x170.jpg]
[ganeshbhel.com/wp-content/uploads/2018/08/paner-tikka-grill-sadwich-326x170.jpg]
[ganeshbhel.com/wp-content/uploads/2018/08/Garlic-Cheese-Chilli-1-326x170.jpg]
[ganeshbhel.com/wp-content/uploads/2018/08/Mumbai-Sev-Puri-326x170.jpg]
[ganeshbhel.com/wp-content/uploads/2018/08/GANESH-BHEL.jpg]
[ganeshbhel.com/wp-content/uploads/2018/08/Flavoured-Panipuri-326x170.jpg]
[ganeshbhel.com/wp-content/uploads/2018/08/Taco-Chat-326x170.jpg]
[ganeshbhel.com/wp-content/uploads/2018/08/Jaleebi-Chaat-326x170.jpg]
[ganeshbhel.com/wp-content/uploads/2018/08/Sizzler-Chat-c-326x170.jpg]
[ganeshbhel.com/wp-content/uploads/2018/08/Nacho-Chat-326x170.jpg]
[ganeshbhel.com/wp-content/uploads/2018/08/Sprout-bhel-326x170.jpg]
[ganeshbhel.com/product/index.html]
[ganeshbhel.com/catering-service-provider-in-pune/feed/index.html]
[ganeshbhel.com/wp-json/oembed/1.0/embeda48b.json]
[ganeshbhel.com/wp-json/oembed/1.0/embed404a]
[ganeshbhel.com/wp-content/uploads/2018/09/service-01.jpg]
[ganeshbhel.com/wp-content/uploads/2018/08/birthday-party-1.jpg]
[ganeshbhel.com/wp-content/uploads/2018/08/wedding.jpg]
[ganeshbhel.com/wp-content/uploads/2018/08/corporate-food.jpg]
[ganeshbhel.com/wp-content/uploads/2018/08/social-celebration-1.jpg]
[ganeshbhel.com/wp-content/plugins/mega-addons-for-visual-composer/images/cross.png]
[ganeshbhel.com/catering-service-provider-in-pune/index.html]
[ganeshbhel.com/wp-json/oembed/1.0/embed4030.json]
[ganeshbhel.com/stores/feed/index.html]
[ganeshbhel.com/wp-json/oembed/1.0/embed0541]
[ganeshbhel.com/wp-content/uploads/2018/06/titleimg1-1.jpg]
[ganeshbhel.com/wp-content/uploads/2018/07/logo.png]
[ganeshbhel.com/ganeshnagar/index.html]
[ganeshbhel.com/karvenagar/index.html]
[ganeshbhel.com/aundh/index.html]
[ganeshbhel.com/pashan/index.html]
[ganeshbhel.com/pimple-saudagar/index.html]
[ganeshbhel.com/nigdi/index.html]
[ganeshbhel.com/bhosari/index.html]
[ganeshbhel.com/nanded-city/index.html]
[ganeshbhel.com/gangabhagyoday/index.html]
[ganeshbhel.com/rahatani/index.html]
[ganeshbhel.com/hinjewadi/index.html]
[ganeshbhel.com/tcs/index.html]
[ganeshbhel.com/talawade/index.html]
[ganeshbhel.com/stores/index.html]
[ganeshbhel.com/vishalnagar/index.html]
[ganeshbhel.com/wp-json/oembed/1.0/embed414f.json]
[ganeshbhel.com/wp-json/oembed/1.0/embed5547]
[ganeshbhel.com/wp-content/uploads/2018/11/11-different-name-for-your-favourite.jpg]
[ganeshbhel.com/wp-content/uploads/2018/10/blog-post-website-01.jpg]
[ganeshbhel.com/2018/11/28/11-different-names-for-your-favourite-pani-puri-2/index.html]
[ganeshbhel.com/2018/09/14/a-mini-guide-to-indian-street-food-2/index.html]
[ganeshbhel.com/wp-content/uploads/2018/10/blog-post-website-03.jpg]
[ganeshbhel.com/2018/09/20/a-guide-to-product-packaging-for-the-food-industry-2/index.html]
[ganeshbhel.com/wp-content/uploads/2018/11/5-ways-to-make-fast-food-healthies.jpg]
[ganeshbhel.com/2018/11/20/5-ways-to-make-fast-food-healthier/index.html]
[ganeshbhel.com/wp-content/uploads/2018/07/3-01.jpg]
[ganeshbhel.com/2018/07/04/different-kinds-of-chaat/index.html]
[ganeshbhel.com/wp-content/uploads/2018/07/2-01.jpg]
[ganeshbhel.com/2018/07/18/7-reasons-why-we-all-love-pani-puri/index.html]
[ganeshbhel.com/wp-content/uploads/2018/07/1-01.jpg]
[ganeshbhel.com/2018/07/25/5-ways-to-make-healthy-paani-puri/index.html]
[ganeshbhel.com/wp-content/uploads/2018/07/4-01.jpg]
[ganeshbhel.com/2018/08/14/how-to-maintain-hygiene-at-a-fast-food-restaurant/index.html]
[ganeshbhel.com/wp-content/uploads/2018/09/7.jpg]
[ganeshbhel.com/2018/08/21/experiments-with-chaat-at-ganesh-bhel/index.html]
[ganeshbhel.com/wp-content/uploads/2018/09/6.jpg]
[ganeshbhel.com/blog/index.html]
[ganeshbhel.com/2018/08/28/how-to-make-bhel-puri-at-home/index.html]
[ganeshbhel.com/wp-json/oembed/1.0/embed5d7d.json]
[ganeshbhel.com/contact/feed/index.html]
[ganeshbhel.com/wp-json/oembed/1.0/embedd702]
[ganeshbhel.com/contact/index.html]
[ganeshbhel.com/wp-content/plugins/mega-addons-for-visual-composer/css/heading433d.css]
[ganeshbhel.com/wp-content/plugins/js_composer/assets/lib/bower/animate-css/animate.min8b06.css]
[ganeshbhel.com/wp-content/plugins/contact-form-7/includes/js/scriptsaead.js]
[ganeshbhel.com/wp-content/plugins/woocommerce/assets/js/jquery-blockui/jquery.blockUI.min44fd.js]
[ganeshbhel.com/wp-content/plugins/woocommerce/assets/js/js-cookie/js.cookie.min6b25.js]
[ganeshbhel.com/wp-content/plugins/woocommerce/assets/js/frontend/woocommerce.minedb1.js]
[ganeshbhel.com/wp-content/plugins/woocommerce/assets/js/frontend/cart-fragments.minedb1.js]
[ganeshbhel.com/wp-content/plugins/wpcf7-redirect/js/wpcf7-redirect-script.js]
[ganeshbhel.com/wp-content/themes/bridge/js/plugins/qode-like.min433d.js]
[ganeshbhel.com/wp-includes/js/jquery/ui/widget.mine899.js]
[ganeshbhel.com/wp-includes/js/jquery/ui/accordion.mine899.js]
[ganeshbhel.com/wp-includes/js/jquery/ui/position.mine899.js]
[ganeshbhel.com/wp-includes/js/jquery/ui/menu.mine899.js]
[ganeshbhel.com/wp-includes/js/wp-a11y.min433d.js]
[ganeshbhel.com/wp-includes/js/jquery/ui/autocomplete.mine899.js]
[ganeshbhel.com/wp-includes/js/jquery/ui/button.mine899.js]
[ganeshbhel.com/wp-includes/js/jquery/ui/datepicker.mine899.js]
[ganeshbhel.com/wp-includes/js/jquery/ui/mouse.mine899.js]
[ganeshbhel.com/wp-includes/js/jquery/ui/resizable.mine899.js]
[ganeshbhel.com/wp-includes/js/jquery/ui/draggable.mine899.js]
[ganeshbhel.com/wp-includes/js/jquery/ui/dialog.mine899.js]
[ganeshbhel.com/wp-includes/js/jquery/ui/droppable.mine899.js]
[ganeshbhel.com/wp-includes/js/jquery/ui/progressbar.mine899.js]
[ganeshbhel.com/wp-includes/js/jquery/ui/selectable.mine899.js]
[ganeshbhel.com/wp-includes/js/jquery/ui/sortable.mine899.js]
[ganeshbhel.com/wp-includes/js/jquery/ui/slider.mine899.js]
[ganeshbhel.com/wp-includes/js/jquery/ui/spinner.mine899.js]
[ganeshbhel.com/wp-includes/js/jquery/ui/tooltip.mine899.js]
[ganeshbhel.com/wp-includes/js/jquery/ui/tabs.mine899.js]
[ganeshbhel.com/wp-includes/js/jquery/ui/effect.mine899.js]
[ganeshbhel.com/wp-includes/js/jquery/ui/effect-blind.mine899.js]
[ganeshbhel.com/wp-includes/js/jquery/ui/effect-bounce.mine899.js]
[ganeshbhel.com/wp-includes/js/jquery/ui/effect-clip.mine899.js]
[ganeshbhel.com/wp-includes/js/jquery/ui/effect-drop.mine899.js]
[ganeshbhel.com/wp-includes/js/jquery/ui/effect-explode.mine899.js]
[ganeshbhel.com/wp-includes/js/jquery/ui/effect-fade.mine899.js]
[ganeshbhel.com/wp-includes/js/jquery/ui/effect-fold.mine899.js]
[ganeshbhel.com/wp-includes/js/jquery/ui/effect-highlight.mine899.js]
[ganeshbhel.com/wp-includes/js/jquery/ui/effect-pulsate.mine899.js]
[ganeshbhel.com/wp-includes/js/jquery/ui/effect-size.mine899.js]
[ganeshbhel.com/wp-includes/js/jquery/ui/effect-scale.mine899.js]
[ganeshbhel.com/wp-includes/js/jquery/ui/effect-shake.mine899.js]
[ganeshbhel.com/wp-includes/js/jquery/ui/effect-slide.mine899.js]
[ganeshbhel.com/wp-includes/js/jquery/ui/effect-transfer.mine899.js]
[ganeshbhel.com/youtu.be/index.html]
[ganeshbhel.com/mediaelement.min.1c7.delayed]
[ganeshbhel.com/mediaelement-and-player.js]
[ganeshbhel.com/wp-content/themes/bridge/js/plugins433d.js]
[ganeshbhel.com/wp-content/themes/bridge/js/plugins/jquery.carouFredSel-6.2.1.min433d.js]
[ganeshbhel.com/wp-content/themes/bridge/js/plugins/lemmon-slider.min433d.js]
[ganeshbhel.com/wp-content/themes/bridge/js/plugins/jquery.fullPage.min433d.js]
[ganeshbhel.com/wp-content/themes/bridge/js/plugins/jquery.mousewheel.min433d.js]
[ganeshbhel.com/wp-content/themes/bridge/js/plugins/jquery.touchSwipe.min433d.js]
[ganeshbhel.com/wp-content/plugins/js_composer/assets/lib/bower/isotope/dist/isotope.pkgd.min8b06.js]
[ganeshbhel.com/wp-content/themes/bridge/js/plugins/packery-mode.pkgd.min433d.js]
[ganeshbhel.com/wp-content/themes/bridge/js/plugins/jquery.stretch433d.js]
[ganeshbhel.com/wp-content/themes/bridge/js/plugins/imagesloaded433d.js]
[ganeshbhel.com/wp-content/themes/bridge/js/plugins/rangeslider.min433d.js]
[ganeshbhel.com/wp-content/themes/bridge/js/default_dynamic3a9e.js]
[ganeshbhel.com/wp-content/themes/bridge/js/default.min433d.js]
[ganeshbhel.com/wp-content/themes/bridge/js/custom_js3a9e.js]
[ganeshbhel.com/wp-includes/js/comment-reply.min433d.js]
[ganeshbhel.com/wp-content/themes/bridge/js/ajax.min433d.js]
[apis.google.com/js/plusone.js]
[assets.pinterest.com/js/pinit.js]
[ganeshbhel.com/wp-content/plugins/js_composer/assets/js/dist/js_composer_front.min8b06.js]
[ganeshbhel.com/wp-content/themes/bridge/js/woocommerce.min433d.js]
[ganeshbhel.com/wp-content/plugins/woocommerce/assets/js/select2/select2.full.minfa0c.js]
[ganeshbhel.com/wp-content/plugins/cf7-conditional-fields/js/scriptsc412.js]
[ganeshbhel.com/wp-content/uploads/pum/pum-site-scriptsf518.js]
[ganeshbhel.com/wp-includes/js/wp-embed.min433d.js]
[ganeshbhel.com/wp-content/plugins/js_composer/assets/lib/bower/skrollr/dist/skrollr.min8b06.js]
[ganeshbhel.com/wp-content/plugins/js_composer/assets/lib/waypoints/waypoints.min8b06.js]
[ganeshbhel.com/wp-content/plugins/woocommerce/assets/js/zoom/jquery.zoom.min5a35.js]
[ganeshbhel.com/wp-content/plugins/js_composer/assets/lib/vc_image_zoom/vc_image_zoom.min8b06.js]
[ganeshbhel.com/wp-content/plugins/mega-addons-for-visual-composer/fonts/glyphicons-halflings-regular.html]
[ganeshbhel.com/wp-content/plugins/mega-addons-for-visual-composer/fonts/glyphicons-halflings-regulard41d.html]
[ganeshbhel.com/wp-content/plugins/mega-addons-for-visual-composer/fonts/glyphicons-halflings-regular-2.html]
[ganeshbhel.com/wp-content/plugins/mega-addons-for-visual-composer/fonts/glyphicons-halflings-regular-3.html]
[ganeshbhel.com/wp-content/plugins/mega-addons-for-visual-composer/fonts/glyphicons-halflings-regular-4.html]
[ganeshbhel.com/wp-content/plugins/mega-addons-for-visual-composer/fonts/glyphicons-halflings-regular-5.html]
[ganeshbhel.com/wp-content/plugins/mega-addons-for-visual-composer/images/bg_header.html]
[ganeshbhel.com/wp-content/plugins/mega-addons-for-visual-composer/css/font-awesome/fonts/fontawesome-webfont3e6e.svg]
[ganeshbhel.com/wp-content/plugins/revslider/public/assets/fonts/revicons/revicons90c6.svg]
[ganeshbhel.com/wp-content/plugins/revslider/public/assets/css/openhand.html]
[ganeshbhel.com/wp-content/plugins/revslider/public/assets/css/closedhand.html]
[ganeshbhel.com/wp-content/themes/bridge/css/font-awesome/fonts/fontawesome-webfont3e6e.svg]
[ganeshbhel.com/wp-content/themes/bridge/css/elegant-icons/fonts/ElegantIcons.svg]
[ganeshbhel.com/wp-content/themes/bridge/css/linea-icons/arrows/fonts/linea-arrows-10.svg]
[ganeshbhel.com/wp-content/themes/bridge/css/linea-icons/basic/fonts/linea-basic-10.svg]
[ganeshbhel.com/wp-content/themes/bridge/css/linea-icons/basic-elaboration/fonts/linea-basic-elaboration-10.svg]
[ganeshbhel.com/wp-content/themes/bridge/css/linea-icons/ecommerce/fonts/linea-ecommerce-10.svg]
[ganeshbhel.com/wp-content/themes/bridge/css/linea-icons/music/fonts/linea-music-10.svg]
[ganeshbhel.com/wp-content/themes/bridge/css/linea-icons/software/fonts/linea-software-10.svg]
[ganeshbhel.com/wp-content/themes/bridge/css/linea-icons/weather/fonts/linea-weather-10.svg]
[ganeshbhel.com/wp-content/themes/bridge/css/dripicons/fonts/dripicons-v2.svg]
[ganeshbhel.com/wp-content/themes/bridge/css/img/box_image_shadow.html]
[ganeshbhel.com/wp-content/themes/bridge/css/img/cursor_plus.html]
[ganeshbhel.com/wp-content/themes/bridge/css/img/desaturate.svg]
[ganeshbhel.com/wp-content/themes/bridge/images/prettyPhoto/facebook/default_thumbnail.html]
[ganeshbhel.com/wp-content/plugins/woocommerce/assets/fonts/star.svg]
[ganeshbhel.com/wp-content/themes/bridge/css/img/select2-spinner.html]
[ganeshbhel.com/wp-content/themes/bridge/css/img/select2x2.html]
[ganeshbhel.com/wp-content/plugins/js_composer/assets/fonts/vc_icons_v2/fonts/vcpb-plugin-icons01aa.svg]
[ganeshbhel.com/wp-content/plugins/js_composer/assets/fonts/vc_grid/vc_grid_v157a1.svg]
[ganeshbhel.com/wp-content/plugins/elementor/assets/lib/eicons/fonts/eicons84e3.svg]
[ganeshbhel.com/wp-content/plugins/js_composer/assets/lib/bower/font-awesome/fonts/fontawesome-webfont3e6e.svg]
[ganeshbhel.com/Version/index.html]
[ganeshbhel.com/8x_/o1.fz.5d/o0/4/5x-2e-nW/index.html]
[ganeshbhel.com/5x/eD/index.html]
[ganeshbhel.com/nS/index.html]
[ganeshbhel.com/4v/index.html]
[ganeshbhel.com/9S_/index.html]
[ganeshbhel.com/8x_/index.html]
[ganeshbhel.com/2K/index.html]
[ganeshbhel.com/q6 q7 ix q8 @ 8x_/5x.fz.5d/index.html]
[ganeshbhel.com/1H/5x.1H.html]
[ganeshbhel.com/TweenLite.html]
[ganeshbhel.com/themepunch.revolution.min.html]
[ganeshbhel.com/jquery.themepunch.revolution.min.html]
[ganeshbhel.com/jquery.themepunch.revolution.html]
[ganeshbhel.com/images/transparent.html]
[ganeshbhel.com/assets/transparent.html]
[ganeshbhel.com/indexd229.html]
[ganeshbhel.com/product/feed/index.html]
[ganeshbhel.com/indexfe40.html]
[ganeshbhel.com/wp-content/plugins/slick-popup/libs/css/styles433d.css]
[ganeshbhel.com/wp-content/plugins/slick-popup/libs/css/animate433d.css]
[ganeshbhel.com/wp-content/plugins/slick-popup/libs/js/jquery.nicescroll.min433d.js]
[ganeshbhel.com/wp-content/plugins/slick-popup/libs/js/custom433d.js]
[ganeshbhel.com/index63e7.html]
[ganeshbhel.com/wp-content/plugins/mega-addons-for-visual-composer/js/bpopup433d.js]
[ganeshbhel.com/index0820.html]
[ganeshbhel.com/ganeshnagar/index.html]
[ganeshbhel.com/wp-json/oembed/1.0/embedea8b.json]
[ganeshbhel.com/wp-json/oembed/1.0/embed9a4b]
[ganeshbhel.com/wp-content/uploads/2014/06/menu3-3.jpg]
[ganeshbhel.com/wp-content/uploads/2018/07/karve-Nagar-menu-02-1024x724.jpg]
[ganeshbhel.com/wp-content/uploads/2018/07/karve-Nagar-menu-02.jpg]
[ganeshbhel.com/karvenagar/index.html]
[ganeshbhel.com/wp-json/oembed/1.0/embed22ce.json]
[ganeshbhel.com/wp-json/oembed/1.0/embed03a3]
[ganeshbhel.com/wp-content/uploads/2018/07/Aundh-MENU-02-1024x724.jpg]
[ganeshbhel.com/wp-content/uploads/2018/07/Aundh-MENU-02.jpg]
[ganeshbhel.com/aundh/index.html]
[ganeshbhel.com/wp-json/oembed/1.0/embed42bc.json]
[ganeshbhel.com/wp-json/oembed/1.0/embedc608]
[ganeshbhel.com/wp-content/uploads/2018/07/Sus-Road-menu-02-1024x724.jpg]
[ganeshbhel.com/wp-content/uploads/2018/07/Sus-Road-menu-02.jpg]
[ganeshbhel.com/pashan/index.html]
[ganeshbhel.com/wp-json/oembed/1.0/embed4443.json]
[ganeshbhel.com/wp-json/oembed/1.0/embedea9f]
[ganeshbhel.com/wp-content/uploads/2018/07/Pimple-Saudagar-MENU-02-1024x724.jpg]
[ganeshbhel.com/wp-content/uploads/2018/07/Pimple-Saudagar-MENU-02.jpg]
[ganeshbhel.com/pimple-saudagar/index.html]
[ganeshbhel.com/wp-json/oembed/1.0/embed1292.json]
[ganeshbhel.com/wp-json/oembed/1.0/embed37c2]
[ganeshbhel.com/wp-content/uploads/2018/07/Nigdi-MENU-02-1024x724.jpg]
[ganeshbhel.com/wp-content/uploads/2018/07/Nigdi-MENU-02.jpg]
[ganeshbhel.com/nigdi/index.html]
[ganeshbhel.com/wp-json/oembed/1.0/embed418d.json]
[ganeshbhel.com/wp-json/oembed/1.0/embed5281]
[ganeshbhel.com/wp-content/uploads/2018/07/Bhosari-MENU-02-1024x724.jpg]
[ganeshbhel.com/wp-content/uploads/2018/07/Bhosari-MENU-02.jpg]
[ganeshbhel.com/wp-content/uploads/2018/07/Bhosari-pizza-01-791x1024.jpg]
[ganeshbhel.com/wp-content/uploads/2018/07/Bhosari-pizza-01-1275x1240.jpg]
[ganeshbhel.com/bhosari/index.html]
[ganeshbhel.com/wp-json/oembed/1.0/embed58fc.json]
[ganeshbhel.com/wp-json/oembed/1.0/embed2ceb]
[ganeshbhel.com/wp-content/uploads/2018/07/Nanded-City-menu-card-02-1024x724.jpg]
[ganeshbhel.com/wp-content/uploads/2018/07/Nanded-City-menu-card-02.jpg]
[ganeshbhel.com/nanded-city/index.html]
[ganeshbhel.com/wp-json/oembed/1.0/embeded21.json]
[ganeshbhel.com/wp-json/oembed/1.0/embed6278]
[ganeshbhel.com/wp-content/uploads/2018/07/Sinhgad-Road-menu-02-1024x724.jpg]
[ganeshbhel.com/wp-content/uploads/2018/07/Sinhgad-Road-menu-02.jpg]
[ganeshbhel.com/gangabhagyoday/index.html]
[ganeshbhel.com/wp-json/oembed/1.0/embeded56.json]
[ganeshbhel.com/wp-json/oembed/1.0/embeddec1]
[ganeshbhel.com/wp-content/uploads/2018/07/INFOSYS-724x1024.jpg]
[ganeshbhel.com/wp-content/uploads/2018/07/INFOSYS.jpg]
[ganeshbhel.com/wp-content/uploads/2018/07/INFOSES-MENU-02-724x1024.jpg]
[ganeshbhel.com/wp-content/uploads/2018/07/INFOSES-MENU-02.jpg]
[ganeshbhel.com/rahatani/index.html]
[ganeshbhel.com/wp-json/oembed/1.0/embed4e38.json]
[ganeshbhel.com/wp-json/oembed/1.0/embedaaa0]
[ganeshbhel.com/wp-content/uploads/2018/07/TCS-S3-MENU-CARD-02-724x1024.jpg]
[ganeshbhel.com/wp-content/uploads/2018/07/TCS-S3-MENU-CARD-02.jpg]
[ganeshbhel.com/wp-content/uploads/2018/07/TCS-S3-MENU-CARD-01-724x1024.jpg]
[ganeshbhel.com/wp-content/uploads/2018/07/TCS-S3-MENU-CARD-01.jpg]
[ganeshbhel.com/hinjewadi/index.html]
[ganeshbhel.com/wp-json/oembed/1.0/embed5f96.json]
[ganeshbhel.com/wp-json/oembed/1.0/embed294e]
[ganeshbhel.com/wp-content/uploads/2018/07/TCS-S2-MENU-CARD-02-724x1024.jpg]
[ganeshbhel.com/wp-content/uploads/2018/07/TCS-S2-MENU-CARD-02.jpg]
[ganeshbhel.com/wp-content/uploads/2018/07/TCS-S2-MENU-CARD-01-724x1024.jpg]
[ganeshbhel.com/wp-content/uploads/2018/07/TCS-S2-MENU-CARD-01.jpg]
[ganeshbhel.com/tcs/index.html]
[ganeshbhel.com/wp-json/oembed/1.0/embed2d12.json]
[ganeshbhel.com/wp-json/oembed/1.0/embed77bc]
[ganeshbhel.com/wp-content/uploads/2018/07/syntel-menu-02-724x1024.jpg]
[ganeshbhel.com/wp-content/uploads/2018/07/syntel-menu-02.jpg]
[ganeshbhel.com/wp-content/uploads/2018/07/syntel-menu-01-724x1024.jpg]
[ganeshbhel.com/talawade/index.html]
[ganeshbhel.com/wp-json/oembed/1.0/embedaf96.json]
[ganeshbhel.com/wp-json/oembed/1.0/embed17d3]
[ganeshbhel.com/wp-content/uploads/2018/07/Vishal-Nagar-menu-02-1024x724.jpg]
[ganeshbhel.com/wp-content/uploads/2018/07/Vishal-Nagar-menu-02.jpg]
[ganeshbhel.com/vishalnagar/index.html]
[ganeshbhel.com/wp-content/plugins/mega-addons-for-visual-composer/css/infobox433d.css]
[ganeshbhel.com/index0e92.html]
[ganeshbhel.com/wp-json/oembed/1.0/embed63cd.json]
[ganeshbhel.com/2018/11/28/11-different-names-for-your-favourite-pani-puri-2/feed/index.html]
[ganeshbhel.com/wp-json/oembed/1.0/embeddcb7]
[ganeshbhel.com/2018/11/28/11-different-names-for-your-favourite-pani-puri-2/index.html]
[ganeshbhel.com/wp-json/oembed/1.0/embedab79.json]
[ganeshbhel.com/category/photography/index.html]
[ganeshbhel.com/author/admin345/index.html]
[ganeshbhel.com/2018/09/14/a-mini-guide-to-indian-street-food-2/feed/index.html]
[ganeshbhel.com/wp-json/oembed/1.0/embed697f]
[ganeshbhel.com/2018/09/14/a-mini-guide-to-indian-street-food-2/index.html]
[ganeshbhel.com/2018/09/06/the-magic-of-street-food/index.html]
[ganeshbhel.com/2018/09/20/a-guide-to-product-packaging-for-the-food-industry/index.html]
[ganeshbhel.com/wp-json/oembed/1.0/embed5ab1.json]
[ganeshbhel.com/2018/09/20/a-guide-to-product-packaging-for-the-food-industry-2/feed/index.html]
[ganeshbhel.com/2018/09/27/what-are-the-reasons-behind-fast-foods-growing-popularity/index.html]
[ganeshbhel.com/wp-json/oembed/1.0/embed4d34]
[ganeshbhel.com/2018/09/20/a-guide-to-product-packaging-for-the-food-industry-2/index.html]
[ganeshbhel.com/wp-json/oembed/1.0/embed7fe0.json]
[ganeshbhel.com/2018/11/20/5-ways-to-make-fast-food-healthier/feed/index.html]
[ganeshbhel.com/category/uncategorized/index.html]
[ganeshbhel.com/2018/10/04/a-mini-guide-to-indian-street-food/index.html]
[ganeshbhel.com/wp-json/oembed/1.0/embedf69b]
[ganeshbhel.com/2018/11/20/5-ways-to-make-fast-food-healthier/index.html]
[ganeshbhel.com/wp-json/oembed/1.0/embeda63f.json]
[ganeshbhel.com/2018/07/04/different-kinds-of-chaat/feed/index.html]
[ganeshbhel.com/wp-json/oembed/1.0/embedf226]
[ganeshbhel.com/2018/07/04/different-kinds-of-chaat/index.html]
[ganeshbhel.com/wp-json/oembed/1.0/embed15dd.json]
[ganeshbhel.com/2018/07/18/7-reasons-why-we-all-love-pani-puri/feed/index.html]
[ganeshbhel.com/wp-json/oembed/1.0/embedb1f2]
[ganeshbhel.com/2018/07/18/7-reasons-why-we-all-love-pani-puri/index.html]
[ganeshbhel.com/wp-json/oembed/1.0/embedf286.json]
[ganeshbhel.com/category/business/index.html]
[ganeshbhel.com/2018/07/25/5-ways-to-make-healthy-paani-puri/feed/index.html]
[ganeshbhel.com/wp-json/oembed/1.0/embed3e58]
[ganeshbhel.com/2018/07/25/5-ways-to-make-healthy-paani-puri/index.html]
[ganeshbhel.com/2018/08/14/how-to-maintain-hygiene-at-a-fast-food-restaurant/feed/index.html]
[ganeshbhel.com/wp-json/oembed/1.0/embed3083.json]
[ganeshbhel.com/wp-json/oembed/1.0/embedfff1]
[ganeshbhel.com/2018/08/14/how-to-maintain-hygiene-at-a-fast-food-restaurant/index.html]
[ganeshbhel.com/wp-json/oembed/1.0/embed9dfd.json]
[ganeshbhel.com/2018/08/21/experiments-with-chaat-at-ganesh-bhel/feed/index.html]
[ganeshbhel.com/wp-json/oembed/1.0/embed5cd7]
[ganeshbhel.com/2018/08/21/experiments-with-chaat-at-ganesh-bhel/index.html]
[ganeshbhel.com/wp-json/oembed/1.0/embed43da.json]
[ganeshbhel.com/2018/08/28/how-to-make-bhel-puri-at-home/feed/index.html]
[ganeshbhel.com/wp-json/oembed/1.0/embed64d2]
[ganeshbhel.com/2018/08/28/how-to-make-bhel-puri-at-home/index.html]
[ganeshbhel.com/index2ba6.html]
[ganeshbhel.com/wp-content/plugins/elementor/assets/lib/dialog/dialog.mina94e.js]
[ganeshbhel.com/wp-content/plugins/elementor/assets/lib/waypoints/waypoints.min05da.js]
[ganeshbhel.com/wp-content/plugins/elementor/assets/lib/swiper/swiper.jquery.mincb20.js]
[ganeshbhel.com/wp-content/plugins/elementor/assets/js/frontend.min784e.js]
[ganeshbhel.com/youtu.be/index.html]
[ganeshbhel.com/mediaelement.min.html]
[ganeshbhel.com/mediaelement-and-player.html]
[ganeshbhel.com/index69e2.html]
[ganeshbhel.com/wp-content/uploads/2014/06/menu3-3.html]
[ganeshbhel.com/wp-content/plugins/js_composer/assets/lib/bower/nivoslider/nivo-slider.min8b06.css]
[ganeshbhel.com/wp-content/plugins/js_composer/assets/lib/bower/nivoslider/themes/default/loading.gif]
[ganeshbhel.com/contact/version/index-2.html]
[ganeshbhel.com/contact/Version/index.html]
[ganeshbhel.com/wp-content/plugins/js_composer/assets/lib/bower/nivoslider/themes/default/bullets.png]
[ganeshbhel.com/wp-content/plugins/js_composer/assets/lib/bower/nivoslider/themes/default/arrows.png]
[ganeshbhel.com/wp-content/plugins/js_composer/assets/lib/bower/nivoslider/themes/default/default.min8b06.css]
[ganeshbhel.com/wp-content/plugins/js_composer/assets/lib/bower/nivoslider/jquery.nivo.slider.pack8b06.js]
[ganeshbhel.com/index57b6.html]
[ganeshbhel.com/indexecae.html]
[ganeshbhel.com/index4bc5.html]
[ganeshbhel.com/index41c6.html]
[ganeshbhel.com/indexbb7b.html]
[ganeshbhel.com/indexeb68.html]
[ganeshbhel.com/indexa045.html]
[ganeshbhel.com/indexcf07.html]
[ganeshbhel.com/index14cb.html]
[ganeshbhel.com/index3c26.html]
[ganeshbhel.com/index7e1a.html]
[ganeshbhel.com/index84a9.html]
[ganeshbhel.com/index46e7.html]
[ganeshbhel.com/wp-content/uploads/2018/07/syntel-menu-01.jpg]
[ganeshbhel.com/wp-content/uploads/2018/10/blog-post-website-02.jpg]
[ganeshbhel.com/category/photography/feed/index.html]
[ganeshbhel.com/wp-content/uploads/2018/09/5.jpg]
[ganeshbhel.com/category/photography/index.html]
[ganeshbhel.com/author/admin345/index.html]
[ganeshbhel.com/author/admin345/feed/index.html]
[ganeshbhel.com/author/admin345/page/2/index.html]
[ganeshbhel.com/wp-content/plugins/akismet/_inc/forma871.js]
[ganeshbhel.com/wp-json/oembed/1.0/embed9503.json]
[ganeshbhel.com/wp-json/oembed/1.0/embed891d]
[ganeshbhel.com/2018/09/06/the-magic-of-street-food/feed/index.html]
[ganeshbhel.com/2018/09/06/the-magic-of-street-food/index.html]
[ganeshbhel.com/wp-json/oembed/1.0/embed675d.json]
[ganeshbhel.com/2018/09/20/a-guide-to-product-packaging-for-the-food-industry/feed/index.html]
[ganeshbhel.com/wp-json/oembed/1.0/embed4fa1]
[ganeshbhel.com/2018/09/20/a-guide-to-product-packaging-for-the-food-industry/index.html]
[ganeshbhel.com/indexe487.html]
[ganeshbhel.com/2018/09/27/what-are-the-reasons-behind-fast-foods-growing-popularity/feed/index.html]
[ganeshbhel.com/wp-json/oembed/1.0/embeda749.json]
[ganeshbhel.com/wp-json/oembed/1.0/embedab68]
[ganeshbhel.com/2018/09/27/what-are-the-reasons-behind-fast-foods-growing-popularity/index.html]
[ganeshbhel.com/indexd6c8.html]
[ganeshbhel.com/category/uncategorized/index.html]
[ganeshbhel.com/category/uncategorized/feed/index.html]
[ganeshbhel.com/wp-json/oembed/1.0/embed9bde.json]
[ganeshbhel.com/2018/10/04/a-mini-guide-to-indian-street-food/feed/index.html]
[ganeshbhel.com/wp-json/oembed/1.0/embedcd4a]
[ganeshbhel.com/2018/10/04/a-mini-guide-to-indian-street-food/index.html]
[ganeshbhel.com/index801c.html]
[ganeshbhel.com/indexc13c.html]
[ganeshbhel.com/index8aea.html]
[ganeshbhel.com/category/business/index.html]
[ganeshbhel.com/index3920.html]
[ganeshbhel.com/index5b76.html]
[ganeshbhel.com/indexf51e.html]
[ganeshbhel.com/index08f1.html]
[ganeshbhel.com/contact/Version/index.html]
[ganeshbhel.com/contact/version/index-2.html]
[f.pi.5d/js/pj.a8.js]
[ganeshbhel.com/author/admin345/page/2/index.html]
[ganeshbhel.com/index85ce.html]
[ganeshbhel.com/indexbceb.html]
[ganeshbhel.com/indexbb60.html]
[ganeshbhel.com/indexbfc6.html]
[ganeshbhel.com/category/business/feed/index.html]
[ganeshbhel.com/wp-content/themes/bridge/index.html]
[localhost/resto/wp-content/uploads/2014/06/titleimg1-4.jpg]
