[mixdesign.club/themeforest/imbue/index-fullscreen-video.html]
[backblue.gif]
[fade.gif]
[index.html]
[mixdesign.club/themeforest/imbue/img/favicon/favicon.ico]
[mixdesign.club/themeforest/imbue/img/favicon/apple-touch-icon-57x57.png]
[mixdesign.club/themeforest/imbue/img/favicon/apple-touch-icon-60x60.png]
[mixdesign.club/themeforest/imbue/img/favicon/apple-touch-icon-72x72.png]
[mixdesign.club/themeforest/imbue/img/favicon/apple-touch-icon-76x76.png]
[mixdesign.club/themeforest/imbue/img/favicon/apple-touch-icon-114x114.png]
[mixdesign.club/themeforest/imbue/img/favicon/apple-touch-icon-120x120.png]
[mixdesign.club/themeforest/imbue/img/favicon/apple-touch-icon-144x144.png]
[mixdesign.club/themeforest/imbue/img/favicon/apple-touch-icon-152x152.png]
[mixdesign.club/themeforest/imbue/img/favicon/apple-touch-icon-180x180.png]
[mixdesign.club/themeforest/imbue/img/favicon/android-chrome-192x192.png]
[mixdesign.club/themeforest/imbue/img/favicon/browserconfig.xml]
[mixdesign.club/themeforest/imbue/img/favicon/og-image.jpg]
[mixdesign.club/themeforest/imbue/index.html]
[mixdesign.club/themeforest/imbue/img/portfolio/portfolio-1.jpg]
[mixdesign.club/themeforest/imbue/img/portfolio/portfolio-2.jpg]
[mixdesign.club/themeforest/imbue/img/portfolio/portfolio-3.jpg]
[mixdesign.club/themeforest/imbue/img/portfolio/portfolio-4.jpg]
[mixdesign.club/themeforest/imbue/js/libs.min.js]
[mixdesign.club/themeforest/imbue/js/gallery-init.js]
[mixdesign.club/themeforest/imbue/js/imbue-custom.js]
[mixdesign.club/themeforest/imbue/index-fullscreen-video.html]
[mixdesign.club/themeforest/imbue/img/favicon/site.html]
[mixdesign.club/themeforest/imbue/img/favicon/safari-pinned-tab.svg]
[mixdesign.club/themeforest/imbue/img/demo/imbue-icon.png]
[mixdesign.club/themeforest/imbue/img/demo/illustration-2.jpg]
[mixdesign.club/themeforest/imbue/img/demo/illustration-4.jpg]
[mixdesign.club/themeforest/imbue/img/demo/illustration-7.png]
[mixdesign.club/themeforest/imbue/img/demo/illustration-6.png]
[mixdesign.club/themeforest/imbue/img/demo/illustration-1.png]
[mixdesign.club/themeforest/imbue/img/demo/illustration-5.jpg]
[mixdesign.club/themeforest/imbue/img/demo/illustration-3.jpg]
[mixdesign.club/themeforest/imbue/index-light-countdown-daysonly-image.html]
[mixdesign.club/themeforest/imbue/img/demo/screens/1.jpg]
[mixdesign.club/themeforest/imbue/index-light-countdown-daysonly-kenburns.html]
[mixdesign.club/themeforest/imbue/img/demo/screens/2.jpg]
[mixdesign.club/themeforest/imbue/index-light-countdown-daysonly-video.html]
[mixdesign.club/themeforest/imbue/img/demo/screens/3.jpg]
[mixdesign.club/themeforest/imbue/index-light-countdown-daysonly-particles.html]
[mixdesign.club/themeforest/imbue/img/demo/screens/4.jpg]
[mixdesign.club/themeforest/imbue/index-light-slider-flip.html]
[mixdesign.club/themeforest/imbue/img/demo/screens/5.jpg]
[mixdesign.club/themeforest/imbue/index-light-slider-fade.html]
[mixdesign.club/themeforest/imbue/img/demo/screens/6.jpg]
[mixdesign.club/themeforest/imbue/index-light-countdown-full-image.html]
[mixdesign.club/themeforest/imbue/img/demo/screens/7.jpg]
[mixdesign.club/themeforest/imbue/index-light-countdown-full-video-controls.html]
[mixdesign.club/themeforest/imbue/img/demo/screens/8.jpg]
[mixdesign.club/themeforest/imbue/index-fullscreen-image.html]
[mixdesign.club/themeforest/imbue/img/demo/screens/9.jpg]
[mixdesign.club/themeforest/imbue/index-fullscreen-kenburns.html]
[mixdesign.club/themeforest/imbue/img/demo/screens/10.jpg]
[mixdesign.club/themeforest/imbue/img/demo/screens/11.jpg]
[mixdesign.club/themeforest/imbue/index-fullscreen-snow.html]
[mixdesign.club/themeforest/imbue/img/demo/screens/12.jpg]
[mixdesign.club/themeforest/imbue/index-dark-countdown-daysonly-image.html]
[mixdesign.club/themeforest/imbue/img/demo/screens/13.jpg]
[mixdesign.club/themeforest/imbue/index-dark-countdown-daysonly-kenburns.html]
[mixdesign.club/themeforest/imbue/img/demo/screens/14.jpg]
[mixdesign.club/themeforest/imbue/index-dark-countdown-daysonly-video.html]
[mixdesign.club/themeforest/imbue/img/demo/screens/15.jpg]
[mixdesign.club/themeforest/imbue/index-dark-countdown-daysonly-nightsky.html]
[mixdesign.club/themeforest/imbue/img/demo/screens/16.jpg]
[mixdesign.club/themeforest/imbue/index-dark-slider-flip.html]
[mixdesign.club/themeforest/imbue/img/demo/screens/17.jpg]
[mixdesign.club/themeforest/imbue/index-dark-slider-fade.html]
[mixdesign.club/themeforest/imbue/img/demo/screens/18.jpg]
[mixdesign.club/themeforest/imbue/index-dark-countdown-full-image.html]
[mixdesign.club/themeforest/imbue/img/demo/screens/19.jpg]
[mixdesign.club/themeforest/imbue/index-dark-countdown-full-video-controls.html]
[mixdesign.club/themeforest/imbue/img/demo/screens/20.jpg]
[mixdesign.club/themeforest/imbue/js/demo/jquery.min.js]
[mixdesign.club/themeforest/imbue/js/demo/modernizr.js]
[mixdesign.club/themeforest/imbue/js/demo/jquery.ajaxchimp.min.js]
[mixdesign.club/themeforest/imbue/js/demo/app-demo.js]
[mixdesign.club/themeforest/imbue/index.html]
[mixdesign.club/themeforest/imbue/fonts/Ionicons/ionicons28b5.eot]
[mixdesign.club/themeforest/imbue/fonts/Ionicons/ionicons28b5.ttf]
[mixdesign.club/themeforest/imbue/fonts/Ionicons/ionicons28b5.woff]
[mixdesign.club/themeforest/imbue/img/default-skin.png]
[mixdesign.club/themeforest/imbue/css/plugins.css]
[mixdesign.club/themeforest/imbue/css/loaders/loader-dark.css]
[mixdesign.club/themeforest/imbue/img/backgrounds/bg-main-1.jpg]
[mixdesign.club/themeforest/imbue/img/backgrounds/bg-main-2.jpg]
[mixdesign.club/themeforest/imbue/img/backgrounds/bg-main-3.jpg]
[mixdesign.club/themeforest/imbue/img/backgrounds/bg-main-4.jpg]
[mixdesign.club/themeforest/imbue/img/backgrounds/bg-main-5.jpg]
[mixdesign.club/themeforest/imbue/img/backgrounds/bg-main-6.jpg]
[mixdesign.club/themeforest/imbue/img/backgrounds/bg-main-10.jpg]
[mixdesign.club/themeforest/imbue/img/backgrounds/bg-main-14.jpg]
[mixdesign.club/themeforest/imbue/img/backgrounds/bg-fullscreen-1.jpg]
[mixdesign.club/themeforest/imbue/img/backgrounds/bg-fullscreen-4.jpg]
[mixdesign.club/themeforest/imbue/img/backgrounds/bg-about-1.jpg]
[mixdesign.club/themeforest/imbue/img/backgrounds/bg-contact-1.jpg]
[mixdesign.club/themeforest/imbue/img/team/team-1.jpg]
[mixdesign.club/themeforest/imbue/img/team/team-2.jpg]
[mixdesign.club/themeforest/imbue/fonts/CormorantGaramond-Italic/CormorantGaramond-Italic-LiningNumsd41d.eot]
[mixdesign.club/themeforest/imbue/fonts/CormorantGaramond-Italic/CormorantGaramond-Italic-LiningNums.woff2]
[mixdesign.club/themeforest/imbue/fonts/CormorantGaramond-Italic/CormorantGaramond-Italic-LiningNums.woff]
[mixdesign.club/themeforest/imbue/fonts/CormorantGaramond-Italic/CormorantGaramond-Italic-LiningNums.ttf]
[mixdesign.club/themeforest/imbue/fonts/CormorantGaramond-Medium/CormorantGaramond-Medium-LiningNumsd41d.eot]
[mixdesign.club/themeforest/imbue/fonts/CormorantGaramond-Medium/CormorantGaramond-Medium-LiningNums.woff2]
[mixdesign.club/themeforest/imbue/fonts/CormorantGaramond-Medium/CormorantGaramond-Medium-LiningNums.woff]
[mixdesign.club/themeforest/imbue/fonts/CormorantGaramond-Medium/CormorantGaramond-Medium-LiningNums.ttf]
[mixdesign.club/themeforest/imbue/fonts/CormorantGaramond-SemiBold/CormorantGaramond-SemiBold-LiningNumsd41d.eot]
[mixdesign.club/themeforest/imbue/fonts/CormorantGaramond-SemiBold/CormorantGaramond-SemiBold-LiningNums.woff2]
[mixdesign.club/themeforest/imbue/fonts/CormorantGaramond-SemiBold/CormorantGaramond-SemiBold-LiningNums.woff]
[mixdesign.club/themeforest/imbue/fonts/CormorantGaramond-SemiBold/CormorantGaramond-SemiBold-LiningNums.ttf]
[mixdesign.club/themeforest/imbue/fonts/CormorantGaramond-SemiBoldItalic/CormorantGaramond-SemiBoldItalic-LiningNumsd41d.eot]
[mixdesign.club/themeforest/imbue/fonts/CormorantGaramond-SemiBoldItalic/CormorantGaramond-SemiBoldItalic-LiningNums.woff2]
[mixdesign.club/themeforest/imbue/fonts/CormorantGaramond-SemiBoldItalic/CormorantGaramond-SemiBoldItalic-LiningNums.woff]
[mixdesign.club/themeforest/imbue/fonts/CormorantGaramond-SemiBoldItalic/CormorantGaramond-SemiBoldItalic-LiningNums.ttf]
[mixdesign.club/themeforest/imbue/fonts/CormorantGaramond-Bold/CormorantGaramond-Bold-LiningNumsd41d.eot]
[mixdesign.club/themeforest/imbue/fonts/CormorantGaramond-Bold/CormorantGaramond-Bold-LiningNums.woff2]
[mixdesign.club/themeforest/imbue/fonts/CormorantGaramond-Bold/CormorantGaramond-Bold-LiningNums.woff]
[mixdesign.club/themeforest/imbue/fonts/CormorantGaramond-Bold/CormorantGaramond-Bold-LiningNums.ttf]
[mixdesign.club/themeforest/imbue/fonts/Raleway-Light/Raleway-Light-LiningNumsd41d.eot]
[mixdesign.club/themeforest/imbue/fonts/Raleway-Light/Raleway-Light-LiningNums.woff2]
[mixdesign.club/themeforest/imbue/fonts/Raleway-Light/Raleway-Light-LiningNums.woff]
[mixdesign.club/themeforest/imbue/fonts/Raleway-Light/Raleway-Light-LiningNums.ttf]
[mixdesign.club/themeforest/imbue/fonts/Raleway-Regular/Raleway-Regular-LiningNumsd41d.eot]
[mixdesign.club/themeforest/imbue/fonts/Raleway-Regular/Raleway-Regular-LiningNums.woff2]
[mixdesign.club/themeforest/imbue/fonts/Raleway-Regular/Raleway-Regular-LiningNums.woff]
[mixdesign.club/themeforest/imbue/fonts/Raleway-Regular/Raleway-Regular-LiningNums.ttf]
[mixdesign.club/themeforest/imbue/fonts/Raleway-Medium/Raleway-Medium-LiningNumsd41d.eot]
[mixdesign.club/themeforest/imbue/fonts/Raleway-Medium/Raleway-Medium-LiningNums.woff2]
[mixdesign.club/themeforest/imbue/fonts/Raleway-Medium/Raleway-Medium-LiningNums.woff]
[mixdesign.club/themeforest/imbue/fonts/Raleway-Medium/Raleway-Medium-LiningNums.ttf]
[mixdesign.club/themeforest/imbue/css/main.css]
[mixdesign.club/themeforest/imbue/img/imbue-logo-loader.svg]
[mixdesign.club/themeforest/imbue/img/imbue-logo-white.svg]
[mixdesign.club/themeforest/imbue/css/loaders/loader-light.css]
[mixdesign.club/themeforest/imbue/css/plugins-demo.css]
[mixdesign.club/themeforest/imbue/img/demo/demo-bg-2.png]
[mixdesign.club/themeforest/imbue/img/demo/demo-bg.png]
[mixdesign.club/themeforest/imbue/img/demo/bg-demo-subscribe.jpg]
[mixdesign.club/themeforest/imbue/css/main-demo.css]
[mixdesign.club/themeforest/imbue/img/demo/imbue-logo-demo.svg]
[mixdesign.club/themeforest/imbue/index-light-countdown-daysonly-image.html]
[mixdesign.club/themeforest/imbue/index-light-countdown-daysonly-kenburns.html]
[mixdesign.club/themeforest/imbue/index-light-countdown-daysonly-video.html]
[mixdesign.club/themeforest/imbue/index-light-countdown-daysonly-particles.html]
[mixdesign.club/themeforest/imbue/img/backgrounds/slide-light-1.jpg]
[mixdesign.club/themeforest/imbue/img/backgrounds/slide-light-2.jpg]
[mixdesign.club/themeforest/imbue/img/backgrounds/slide-light-3.jpg]
[mixdesign.club/themeforest/imbue/index-light-slider-flip.html]
[mixdesign.club/themeforest/imbue/index-light-slider-fade.html]
[mixdesign.club/themeforest/imbue/index-light-countdown-full-image.html]
[mixdesign.club/themeforest/imbue/index-light-countdown-full-video-controls.html]
[mixdesign.club/themeforest/imbue/index-fullscreen-image.html]
[mixdesign.club/themeforest/imbue/index-fullscreen-kenburns.html]
[mixdesign.club/themeforest/imbue/index-fullscreen-snow.html]
[mixdesign.club/themeforest/imbue/index-dark-countdown-daysonly-image.html]
[mixdesign.club/themeforest/imbue/index-dark-countdown-daysonly-kenburns.html]
[mixdesign.club/themeforest/imbue/index-dark-countdown-daysonly-video.html]
[mixdesign.club/themeforest/imbue/index-dark-countdown-daysonly-nightsky.html]
[mixdesign.club/themeforest/imbue/img/backgrounds/slide-dark-1.jpg]
[mixdesign.club/themeforest/imbue/img/backgrounds/slide-dark-2.jpg]
[mixdesign.club/themeforest/imbue/img/backgrounds/slide-dark-3.jpg]
[mixdesign.club/themeforest/imbue/index-dark-slider-flip.html]
[mixdesign.club/themeforest/imbue/index-dark-slider-fade.html]
[mixdesign.club/themeforest/imbue/index-dark-countdown-full-image.html]
[mixdesign.club/themeforest/imbue/index-dark-countdown-full-video-controls.html]
[mixdesign.club/themeforest/imbue/fonts/Ionicons/ionicons28b5.svg]
[mixdesign.club/themeforest/imbue/css/overlays/02.html]
[mixdesign.club/themeforest/imbue/css/font/ytp-regular.html]
[mixdesign.club/themeforest/imbue/css/images/raster.html]
[mixdesign.club/themeforest/imbue/css/images/raster@2x.html]
[mixdesign.club/themeforest/imbue/css/images/raster_dot.html]
[mixdesign.club/themeforest/imbue/css/images/raster_dot@2x.html]
[mixdesign.club/themeforest/imbue/css/mCSB_buttons.html]
[mixdesign.club/themeforest/imbue/img/default-skin.svg]
[mixdesign.club/themeforest/imbue/img/preloader.html]
[mixdesign.club/themeforest/imbue/img/backgrounds/objects/main-obj-1.svg]
[mixdesign.club/themeforest/imbue/img/backgrounds/objects/main-obj-2.svg]
[mixdesign.club/themeforest/imbue/img/backgrounds/objects/main-obj-3.svg]
[mixdesign.club/themeforest/imbue/img/backgrounds/objects/menu-obj-1.svg]
[mixdesign.club/themeforest/imbue/img/backgrounds/objects/menu-obj-2.svg]
[mixdesign.club/themeforest/imbue/fonts/CormorantGaramond-Italic/CormorantGaramond-Italic-LiningNums.svg]
[mixdesign.club/themeforest/imbue/fonts/CormorantGaramond-Medium/CormorantGaramond-Medium-LiningNums.svg]
[mixdesign.club/themeforest/imbue/fonts/CormorantGaramond-SemiBold/CormorantGaramond-SemiBold-LiningNums.svg]
[mixdesign.club/themeforest/imbue/fonts/CormorantGaramond-SemiBoldItalic/CormorantGaramond-SemiBoldItalic-LiningNums.svg]
[mixdesign.club/themeforest/imbue/fonts/CormorantGaramond-Bold/CormorantGaramond-Bold-LiningNums.svg]
[mixdesign.club/themeforest/imbue/fonts/Raleway-Light/Raleway-Light-LiningNums.svg]
[mixdesign.club/themeforest/imbue/fonts/Raleway-Regular/Raleway-Regular-LiningNums.svg]
[mixdesign.club/themeforest/imbue/fonts/Raleway-Medium/Raleway-Medium-LiningNums.svg]
[mixdesign.club/themeforest/imbue/img/imbue-logo.svg]
